******************************************************************************
                  TI ARM Linker PC v18.1.2                     
******************************************************************************
>> Linked Tue Sep 25 11:51:33 2018

OUTPUT FILE NAME:   <Lab4.out>
ENTRY POINT SYMBOL: "_c_int00_noargs"  address: 00002e45


MEMORY CONFIGURATION

         name            origin    length      used     unused   attr    fill
----------------------  --------  ---------  --------  --------  ----  --------
  FLASH                 00000000   00040000  00003171  0003ce8f  R  X
  SRAM                  20000000   00008000  00000f1b  000070e5  RW X


SEGMENT ALLOCATION MAP

run origin  load origin   length   init length attrs members
----------  ----------- ---------- ----------- ----- -------
00000000    00000000    00003178   00003178    r-x
  00000000    00000000    0000026c   0000026c    r-- .intvecs
  0000026c    0000026c    00002dbc   00002dbc    r-x .text
  00003028    00003028    00000109   00000109    r-- .const
  00003138    00003138    00000040   00000040    r-- .cinit
20000000    20000000    00000f21   00000000    rw-
  20000000    20000000    0000026c   00000000    rw- .vtable
  20000270    20000270    00000800   00000000    rw- .stack
  20000a70    20000a70    00000400   00000000    rw- .sysmem
  20000e70    20000e70    0000009a   00000000    rw- .bss
  20000f0c    20000f0c    00000015   00000000    rw- .data


SECTION ALLOCATION MAP

 output                                  attributes/
section   page    origin      length       input sections
--------  ----  ----------  ----------   ----------------
.intvecs   0    00000000    0000026c     
                  00000000    0000026c     tm4c123gh6pm_startup_ccs.obj (.intvecs)

.text      0    0000026c    00002dbc     
                  0000026c    00000a5e     rtsv7M4_T_le_v4SPD16_eabi.lib : _printfi.c.obj (.text:__TI_printfi)
                  00000cca    00000002                                   : div0.asm.obj (.text)
                  00000ccc    0000031c     lcd.obj (.text)
                  00000fe8    000002d4     clock_intr.obj (.text)
                  000012bc    000002a8     libcybotUART.lib : uart.obj (.text)
                  00001564    00000270     rtsv7M4_T_le_v4SPD16_eabi.lib : _printfi.c.obj (.text:_pconv_a)
                  000017d4    000001d0                                   : _printfi.c.obj (.text:_pconv_g)
                  000019a4    000001bc     libcybotScan.lib : ping.obj (.text)
                  00001b60    000001bc     timer.obj (.text)
                  00001d1c    000001b6     rtsv7M4_T_le_v4SPD16_eabi.lib : fd_add_t2.asm.obj (.text)
                  00001ed2    00000002     --HOLE-- [fill = 0]
                  00001ed4    0000013c                                   : _printfi.c.obj (.text:_pconv_e)
                  00002010    00000136                                   : fd_div_t2.asm.obj (.text)
                  00002146    00000002     --HOLE-- [fill = 0]
                  00002148    00000120                                   : _printfi.c.obj (.text:fcvt)
                  00002268    00000110                                   : s_scalbn.c.obj (.text:scalbn)
                  00002378    000000fc                                   : fd_mul_t2.asm.obj (.text)
                  00002474    000000f0     button.obj (.text)
                  00002564    000000dc     libcybotScan.lib : ir.obj (.text)
                  00002640    000000c4                      : servo.obj (.text)
                  00002704    000000b1     rtsv7M4_T_le_v4SPD16_eabi.lib : _printfi.c.obj (.text:_ltostr)
                  000027b5    00000001     --HOLE-- [fill = 0]
                  000027b6    0000009c                                   : memcpy_t2.asm.obj (.text)
                  00002852    00000096                                   : ull_div_t2.asm.obj (.text)
                  000028e8    00000086                                   : fd_cmp_t2.asm.obj (.text:__aeabi_cdcmple)
                  0000296e    00000086                                   : fd_cmp_t2.asm.obj (.text:__aeabi_cdrcmple)
                  000029f4    0000007a                                   : memset_t2.asm.obj (.text)
                  00002a6e    0000006e                                   : _printfi.c.obj (.text:_mcpy)
                  00002adc    00000068                                   : copy_decompress_lzss.c.obj (.text:decompress:lzss:__TI_decompress_lzss)
                  00002b44    00000064                                   : s_frexp.c.obj (.text:frexp)
                  00002ba8    00000056                                   : _printfi.c.obj (.text:_pconv_f)
                  00002bfe    00000054                                   : ltoa.c.obj (.text:ltoa)
                  00002c52    00000052                                   : _printfi.c.obj (.text:_ecpy)
                  00002ca4    0000004c                                   : atoi.c.obj (.text:atoi)
                  00002cf0    00000048     libcybotScan.lib : cyBot_Scan.obj (.text)
                  00002d38    00000048     rtsv7M4_T_le_v4SPD16_eabi.lib : fd_toi_t2.asm.obj (.text)
                  00002d80    00000044                                   : autoinit.c.obj (.text:__TI_auto_init_nobinit_nopinit:__TI_auto_init_nobinit_nopinit)
                  00002dc4    00000040                                   : vsnprintf.c.obj (.text:vsnprintf)
                  00002e04    0000003e                                   : _printfi.c.obj (.text:_fcpy)
                  00002e42    00000002     --HOLE-- [fill = 0]
                  00002e44    00000038                                   : boot_cortex_m.c.obj (.text:_c_int00_noargs:_c_int00_noargs)
                  00002e7c    00000034     driverlib.lib : interrupt.obj (.text:IntRegister)
                  00002eb0    00000030     rtsv7M4_T_le_v4SPD16_eabi.lib : vsnprintf.c.obj (.text:_outs)
                  00002ee0    0000002e                                   : i_tofd_t2.asm.obj (.text)
                  00002f0e    0000001c                                   : memccpy.c.obj (.text:memccpy)
                  00002f2a    00000018                                   : vsnprintf.c.obj (.text:_outc)
                  00002f42    00000018                                   : strcmp.c.obj (.text:strcmp)
                  00002f5a    00000016                                   : strchr.c.obj (.text:strchr)
                  00002f70    00000014                                   : s_copysign.c.obj (.text:copysign)
                  00002f84    00000014                                   : strcpy.c.obj (.text:strcpy)
                  00002f98    00000014                                   : strlen.c.obj (.text:strlen)
                  00002fac    00000012                                   : copy_zero_init.c.obj (.text:decompress:ZI:__TI_zero_init_nomemset:__TI_zero_init_nomemset)
                  00002fbe    00000012                                   : wcslen.c.obj (.text:wcslen)
                  00002fd0    00000010     driverlib.lib : interrupt.obj (.text:IntMasterEnable)
                  00002fe0    00000010     lcd.obj (.text:lcd_clear)
                  00002ff0    0000000e     rtsv7M4_T_le_v4SPD16_eabi.lib : copy_decompress_none.c.obj (.text:decompress:none:__TI_decompress_none)
                  00002ffe    0000000c     driverlib.lib : cpu.obj (.text:CPUcpsie)
                  0000300a    0000000c     tm4c123gh6pm_startup_ccs.obj (.text)
                  00003016    00000002     --HOLE-- [fill = 0]
                  00003018    00000008     rtsv7M4_T_le_v4SPD16_eabi.lib : errno.c.obj (.text:__aeabi_errno_addr)
                  00003020    00000004                                   : pre_init.c.obj (.text:_system_pre_init)
                  00003024    00000004                                   : exit.c.obj (.text:abort:abort)

.const     0    00003028    00000109     
                  00003028    00000101     rtsv7M4_T_le_v4SPD16_eabi.lib : ctype.c.obj (.const:.string:_ctypes_)
                  00003129    00000004     lcd.obj (.const:.string:lineAddress$1)
                  0000312d    00000004     lcd.obj (.const:.string:lineAddresses$2)

.cinit     0    00003138    00000040     
                  00003138    0000000c     (__TI_handler_table)
                  00003144    00000004     --HOLE-- [fill = 0]
                  00003148    00000008     (.cinit..bss.load) [load image, compression = zero_init]
                  00003150    00000008     (.cinit..data.load) [load image, compression = lzss]
                  00003158    00000008     (.cinit..vtable.load) [load image, compression = zero_init]
                  00003160    00000018     (__TI_cinit_table)

.init_array 
*          0    00000000    00000000     UNINITIALIZED

.vtable    0    20000000    0000026c     UNINITIALIZED
                  20000000    0000026c     driverlib.lib : interrupt.obj (.vtable)

.stack     0    20000270    00000800     UNINITIALIZED
                  20000270    00000004     rtsv7M4_T_le_v4SPD16_eabi.lib : boot_cortex_m.c.obj (.stack)
                  20000274    000007fc     --HOLE--

.sysmem    0    20000a70    00000400     UNINITIALIZED
                  20000a70    00000008     rtsv7M4_T_le_v4SPD16_eabi.lib : memory.c.obj (.sysmem)
                  20000a78    000003f8     --HOLE--

.bss       0    20000e70    0000009a     UNINITIALIZED
                  20000e70    00000054     lcd.obj (.bss:lastbuffer$3)
                  20000ec4    00000034     (.common:isr_char_buffer)
                  20000ef8    00000004     (.common:fallingEdge)
                  20000efc    00000004     (.common:isr_int_value)
                  20000f00    00000004     (.common:pulseLength)
                  20000f04    00000004     (.common:risingEdge)
                  20000f08    00000001     (.common:_prevButton)
                  20000f09    00000001     (.common:isRisingEdge)

.data      0    20000f0c    00000015     UNINITIALIZED
                  20000f0c    0000000c     clock_intr.obj (.data)
                  20000f18    00000004     libcybotUART.lib : uart.obj (.data)
                  20000f1c    00000004     rtsv7M4_T_le_v4SPD16_eabi.lib : errno.c.obj (.data)
                  20000f20    00000001     button.obj (.data)

MODULE SUMMARY

       Module                         code    ro data   rw data
       ------                         ----    -------   -------
    .\
       lcd.obj                        812     8         84     
       clock_intr.obj                 724     0         12     
       tm4c123gh6pm_startup_ccs.obj   12      620       0      
       timer.obj                      444     0         0      
       button.obj                     240     0         2      
    +--+------------------------------+-------+---------+---------+
       Total:                         2232    628       98     
                                                               
    ../libcybotScan.lib
       ping.obj                       444     0         13     
       ir.obj                         220     0         4      
       servo.obj                      196     0         0      
       cyBot_Scan.obj                 72      0         0      
    +--+------------------------------+-------+---------+---------+
       Total:                         932     0         17     
                                                               
    ../libcybotUART.lib
       uart.obj                       680     0         56     
    +--+------------------------------+-------+---------+---------+
       Total:                         680     0         56     
                                                               
    C:/ti/TivaWare_C_Series-2.1.4.178/driverlib/ccs/Debug/driverlib.lib
       interrupt.obj                  68      0         620    
       cpu.obj                        12      0         0      
    +--+------------------------------+-------+---------+---------+
       Total:                         80      0         620    
                                                               
    C:\ti\ccsv8\tools\compiler\ti-cgt-arm_18.1.2.LTS\lib\rtsv7M4_T_le_v4SPD16_eabi.lib
       _printfi.c.obj                 4863    0         0      
       fd_add_t2.asm.obj              438     0         0      
       fd_div_t2.asm.obj              310     0         0      
       s_scalbn.c.obj                 272     0         0      
       fd_cmp_t2.asm.obj              268     0         0      
       ctype.c.obj                    0       257       0      
       fd_mul_t2.asm.obj              252     0         0      
       memcpy_t2.asm.obj              156     0         0      
       ull_div_t2.asm.obj             150     0         0      
       vsnprintf.c.obj                136     0         0      
       memset_t2.asm.obj              122     0         0      
       copy_decompress_lzss.c.obj     104     0         0      
       s_frexp.c.obj                  100     0         0      
       ltoa.c.obj                     84      0         0      
       atoi.c.obj                     76      0         0      
       fd_toi_t2.asm.obj              72      0         0      
       autoinit.c.obj                 68      0         0      
       boot_cortex_m.c.obj            56      0         0      
       i_tofd_t2.asm.obj              46      0         0      
       memccpy.c.obj                  28      0         0      
       strcmp.c.obj                   24      0         0      
       strchr.c.obj                   22      0         0      
       s_copysign.c.obj               20      0         0      
       strcpy.c.obj                   20      0         0      
       strlen.c.obj                   20      0         0      
       copy_zero_init.c.obj           18      0         0      
       wcslen.c.obj                   18      0         0      
       copy_decompress_none.c.obj     14      0         0      
       errno.c.obj                    8       0         4      
       exit.c.obj                     4       0         0      
       pre_init.c.obj                 4       0         0      
       div0.asm.obj                   2       0         0      
    +--+------------------------------+-------+---------+---------+
       Total:                         7775    257       4      
                                                               
       Heap:                          0       0         1024   
       Stack:                         0       0         2048   
       Linker Generated:              0       60        0      
    +--+------------------------------+-------+---------+---------+
       Grand Total:                   11699   945       3867   


LINKER GENERATED COPY TABLES

__TI_cinit_table @ 00003160 records: 3, size/record: 8, table size: 24
	.bss: load addr=00003148, load size=00000008 bytes, run addr=20000e70, run size=0000009a bytes, compression=zero_init
	.data: load addr=00003150, load size=00000008 bytes, run addr=20000f0c, run size=00000015 bytes, compression=lzss
	.vtable: load addr=00003158, load size=00000008 bytes, run addr=20000000, run size=0000026c bytes, compression=zero_init


LINKER GENERATED HANDLER TABLE

__TI_handler_table @ 00003138 records: 3, size/record: 4, table size: 12
	index: 0, handler: __TI_zero_init
	index: 1, handler: __TI_decompress_lzss
	index: 2, handler: __TI_decompress_none


GLOBAL SYMBOLS: SORTED ALPHABETICALLY BY Name 

address   name                          
-------   ----                          
00002611  ADC0SS0_Handler               
00003025  C$$EXIT                       
00002fff  CPUcpsie                      
00002fd1  IntMasterEnable               
00002e7d  IntRegister                   
0000300b  ResetISR                      
00001ae1  TIMER3B_Handler               
000010c1  TIMER4A_Handler               
000010e3  TIMER4B_Handler               
20000a70  __STACK_END                   
00000800  __STACK_SIZE                  
20000470  __STACK_TOP                   
00000400  __SYSMEM_SIZE                 
00003160  __TI_CINIT_Base               
00003178  __TI_CINIT_Limit              
00003138  __TI_Handler_Table_Base       
00003144  __TI_Handler_Table_Limit      
00002d81  __TI_auto_init_nobinit_nopinit
00002add  __TI_decompress_lzss          
00002ff1  __TI_decompress_none          
ffffffff  __TI_pprof_out_hndl           
0000026d  __TI_printfi                  
ffffffff  __TI_prof_data_size           
ffffffff  __TI_prof_data_start          
00000000  __TI_static_base__            
00002fad  __TI_zero_init_nomemset       
000028e9  __aeabi_cdcmpeq               
000028e9  __aeabi_cdcmple               
0000296f  __aeabi_cdrcmple              
00002d39  __aeabi_d2iz                  
00001d27  __aeabi_dadd                  
00002011  __aeabi_ddiv                  
00002379  __aeabi_dmul                  
00001d1d  __aeabi_dsub                  
00003019  __aeabi_errno_addr            
00002ee1  __aeabi_i2d                   
00000ccb  __aeabi_idiv0                 
00000ccb  __aeabi_ldiv0                 
000029f5  __aeabi_memclr                
000029f5  __aeabi_memclr4               
000029f5  __aeabi_memclr8               
000027b7  __aeabi_memcpy                
000027b7  __aeabi_memcpy4               
000027b7  __aeabi_memcpy8               
000029f7  __aeabi_memset                
000029f7  __aeabi_memset4               
000029f7  __aeabi_memset8               
00002853  __aeabi_uldivmod              
ffffffff  __binit__                     
ffffffff  __c_args__                    
UNDEFED   __mpu_init                    
20000270  __stack                       
00002e45  _c_int00_noargs               
00003028  _ctypes_                      
20000f08  _prevButton                   
20000a70  _sys_memory                   
UNDEFED   _system_post_cinit            
00003021  _system_pre_init              
00003025  abort                         
00002ca5  atoi                          
ffffffff  binit                         
000024a1  button_checkButtons           
000024ab  button_getButton              
000024f7  button_getButtonBlocking      
0000250b  button_getButtonChange        
00002535  button_getButtonChangeBlocking
00002475  button_init                   
00000fe9  changeHour                    
00001025  changeMinute                  
00001073  changeSecond                  
00001151  clock_timer_init              
00002f71  copysign                      
00002f71  copysignl                     
00002d01  cyBOT_Scan                    
00002cf1  cyBOT_init_Scan               
00001509  cyBot_UART1_Handler           
000014fb  cyBot_getByte_blocking        
000014db  cyBot_getByte_nonblocking     
000012bd  cyBot_sendByte                
000014c1  cyBot_uart_flush              
0000142b  cyBot_uart_init               
000013cb  cyBot_uart_init_PHJ_first_half
00001373  cyBot_uart_init_clean         
000012fb  cyBot_uart_init_last_half     
000012e3  cyBot_uart_sendBuffer         
000012c9  cyBot_uart_sendStr            
20000f1c  errno                         
20000ef8  fallingEdge                   
00002b45  frexp                         
00002b45  frexpl                        
20000000  g_pfnRAMVectors               
00000000  g_pfnVectors                  
20000f0c  hours                         
000025e1  ir_enableInterrupt            
000025d9  ir_getDistance                
000025c5  ir_getValue                   
00002565  ir_init                       
20000f09  isRisingEdge                  
20000ec4  isr_char_buffer               
20000f18  isr_counter                   
20000efc  isr_int_value                 
00002fe1  lcd_clear                     
00000e97  lcd_gotoLine                  
00000ccd  lcd_init                      
00000efd  lcd_printf                    
00000dbf  lcd_putc                      
00000df7  lcd_puts                      
00000e15  lcd_sendCommand               
00000e53  lcd_sendNibble                
00000ebf  lcd_setCursorPos              
00002269  ldexp                         
00002269  ldexpl                        
00002bff  ltoa                          
000011d9  main                          
00002f0f  memccpy                       
000027b7  memcpy                        
000029fd  memset                        
20000f10  mins                          
00001aab  ping_getDistance              
00001a09  ping_init                     
000019a5  ping_trigger                  
20000f00  pulseLength                   
20000f04  risingEdge                    
00002269  scalbn                        
00002269  scalbnl                       
20000f14  secs                          
0000267f  servo_init                    
0000265f  servo_move                    
0000264d  servo_setPWM                  
00002641  servo_stop                    
00002f5b  strchr                        
00002f43  strcmp                        
00002f85  strcpy                        
00002f99  strlen                        
00001cd5  timer_getClock                
00001c57  timer_startClock              
00001bbf  timer_startTimer              
00001cdb  timer_stopClock               
00001c41  timer_stopTimer               
00001b95  timer_waitMicros              
00001b61  timer_waitMillis              
00002dc5  vsnprintf                     
00002fbf  wcslen                        


GLOBAL SYMBOLS: SORTED BY Symbol Address 

address   name                          
-------   ----                          
00000000  __TI_static_base__            
00000000  g_pfnVectors                  
0000026d  __TI_printfi                  
00000400  __SYSMEM_SIZE                 
00000800  __STACK_SIZE                  
00000ccb  __aeabi_idiv0                 
00000ccb  __aeabi_ldiv0                 
00000ccd  lcd_init                      
00000dbf  lcd_putc                      
00000df7  lcd_puts                      
00000e15  lcd_sendCommand               
00000e53  lcd_sendNibble                
00000e97  lcd_gotoLine                  
00000ebf  lcd_setCursorPos              
00000efd  lcd_printf                    
00000fe9  changeHour                    
00001025  changeMinute                  
00001073  changeSecond                  
000010c1  TIMER4A_Handler               
000010e3  TIMER4B_Handler               
00001151  clock_timer_init              
000011d9  main                          
000012bd  cyBot_sendByte                
000012c9  cyBot_uart_sendStr            
000012e3  cyBot_uart_sendBuffer         
000012fb  cyBot_uart_init_last_half     
00001373  cyBot_uart_init_clean         
000013cb  cyBot_uart_init_PHJ_first_half
0000142b  cyBot_uart_init               
000014c1  cyBot_uart_flush              
000014db  cyBot_getByte_nonblocking     
000014fb  cyBot_getByte_blocking        
00001509  cyBot_UART1_Handler           
000019a5  ping_trigger                  
00001a09  ping_init                     
00001aab  ping_getDistance              
00001ae1  TIMER3B_Handler               
00001b61  timer_waitMillis              
00001b95  timer_waitMicros              
00001bbf  timer_startTimer              
00001c41  timer_stopTimer               
00001c57  timer_startClock              
00001cd5  timer_getClock                
00001cdb  timer_stopClock               
00001d1d  __aeabi_dsub                  
00001d27  __aeabi_dadd                  
00002011  __aeabi_ddiv                  
00002269  ldexp                         
00002269  ldexpl                        
00002269  scalbn                        
00002269  scalbnl                       
00002379  __aeabi_dmul                  
00002475  button_init                   
000024a1  button_checkButtons           
000024ab  button_getButton              
000024f7  button_getButtonBlocking      
0000250b  button_getButtonChange        
00002535  button_getButtonChangeBlocking
00002565  ir_init                       
000025c5  ir_getValue                   
000025d9  ir_getDistance                
000025e1  ir_enableInterrupt            
00002611  ADC0SS0_Handler               
00002641  servo_stop                    
0000264d  servo_setPWM                  
0000265f  servo_move                    
0000267f  servo_init                    
000027b7  __aeabi_memcpy                
000027b7  __aeabi_memcpy4               
000027b7  __aeabi_memcpy8               
000027b7  memcpy                        
00002853  __aeabi_uldivmod              
000028e9  __aeabi_cdcmpeq               
000028e9  __aeabi_cdcmple               
0000296f  __aeabi_cdrcmple              
000029f5  __aeabi_memclr                
000029f5  __aeabi_memclr4               
000029f5  __aeabi_memclr8               
000029f7  __aeabi_memset                
000029f7  __aeabi_memset4               
000029f7  __aeabi_memset8               
000029fd  memset                        
00002add  __TI_decompress_lzss          
00002b45  frexp                         
00002b45  frexpl                        
00002bff  ltoa                          
00002ca5  atoi                          
00002cf1  cyBOT_init_Scan               
00002d01  cyBOT_Scan                    
00002d39  __aeabi_d2iz                  
00002d81  __TI_auto_init_nobinit_nopinit
00002dc5  vsnprintf                     
00002e45  _c_int00_noargs               
00002e7d  IntRegister                   
00002ee1  __aeabi_i2d                   
00002f0f  memccpy                       
00002f43  strcmp                        
00002f5b  strchr                        
00002f71  copysign                      
00002f71  copysignl                     
00002f85  strcpy                        
00002f99  strlen                        
00002fad  __TI_zero_init_nomemset       
00002fbf  wcslen                        
00002fd1  IntMasterEnable               
00002fe1  lcd_clear                     
00002ff1  __TI_decompress_none          
00002fff  CPUcpsie                      
0000300b  ResetISR                      
00003019  __aeabi_errno_addr            
00003021  _system_pre_init              
00003025  C$$EXIT                       
00003025  abort                         
00003028  _ctypes_                      
00003138  __TI_Handler_Table_Base       
00003144  __TI_Handler_Table_Limit      
00003160  __TI_CINIT_Base               
00003178  __TI_CINIT_Limit              
20000000  g_pfnRAMVectors               
20000270  __stack                       
20000470  __STACK_TOP                   
20000a70  __STACK_END                   
20000a70  _sys_memory                   
20000ec4  isr_char_buffer               
20000ef8  fallingEdge                   
20000efc  isr_int_value                 
20000f00  pulseLength                   
20000f04  risingEdge                    
20000f08  _prevButton                   
20000f09  isRisingEdge                  
20000f0c  hours                         
20000f10  mins                          
20000f14  secs                          
20000f18  isr_counter                   
20000f1c  errno                         
ffffffff  __TI_pprof_out_hndl           
ffffffff  __TI_prof_data_size           
ffffffff  __TI_prof_data_start          
ffffffff  __binit__                     
ffffffff  __c_args__                    
ffffffff  binit                         
UNDEFED   __mpu_init                    
UNDEFED   _system_post_cinit            

[143 symbols]
