******************************************************************************
                  TI ARM Linker PC v18.1.2                     
******************************************************************************
>> Linked Tue Sep 25 13:31:25 2018

OUTPUT FILE NAME:   <Lab5.out>
ENTRY POINT SYMBOL: "_c_int00_noargs"  address: 0000277d


MEMORY CONFIGURATION

         name            origin    length      used     unused   attr    fill
----------------------  --------  ---------  --------  --------  ----  --------
  FLASH                 00000000   00040000  00002a49  0003d5b7  R  X
  SRAM                  20000000   00008000  0000085a  000077a6  RW X


SEGMENT ALLOCATION MAP

run origin  load origin   length   init length attrs members
----------  ----------- ---------- ----------- ----- -------
00000000    00000000    00002a50   00002a50    r-x
  00000000    00000000    0000026c   0000026c    r-- .intvecs
  0000026c    0000026c    000026a4   000026a4    r-x .text
  00002910    00002910    00000109   00000109    r-- .const
  00002a20    00002a20    00000030   00000030    r-- .cinit
20000000    20000000    0000085d   00000000    rw-
  20000000    20000000    00000800   00000000    rw- .stack
  20000800    20000800    00000055   00000000    rw- .bss
  20000858    20000858    00000005   00000000    rw- .data


SECTION ALLOCATION MAP

 output                                  attributes/
section   page    origin      length       input sections
--------  ----  ----------  ----------   ----------------
.intvecs   0    00000000    0000026c     
                  00000000    0000026c     tm4c123gh6pm_startup_ccs.obj (.intvecs)

.text      0    0000026c    000026a4     
                  0000026c    00000a5e     rtsv7M4_T_le_v4SPD16_eabi.lib : _printfi.c.obj (.text:__TI_printfi)
                  00000cca    00000002                                   : div0.asm.obj (.text)
                  00000ccc    000002ec     lcd.obj (.text)
                  00000fb8    00000270     rtsv7M4_T_le_v4SPD16_eabi.lib : _printfi.c.obj (.text:_pconv_a)
                  00001228    000001d0                                   : _printfi.c.obj (.text:_pconv_g)
                  000013f8    000001c8     main.obj (.text)
                  000015c0    000001b6     rtsv7M4_T_le_v4SPD16_eabi.lib : fd_add_t2.asm.obj (.text)
                  00001776    00000002     --HOLE-- [fill = 0]
                  00001778    00000158     timer.obj (.text)
                  000018d0    0000013c     rtsv7M4_T_le_v4SPD16_eabi.lib : _printfi.c.obj (.text:_pconv_e)
                  00001a0c    00000136                                   : fd_div_t2.asm.obj (.text)
                  00001b42    00000002     --HOLE-- [fill = 0]
                  00001b44    00000124     uart.obj (.text)
                  00001c68    00000120     rtsv7M4_T_le_v4SPD16_eabi.lib : _printfi.c.obj (.text:fcvt)
                  00001d88    00000110                                   : s_scalbn.c.obj (.text:scalbn)
                  00001e98    000000fc                                   : fd_mul_t2.asm.obj (.text)
                  00001f94    000000f0     button.obj (.text)
                  00002084    000000b1     rtsv7M4_T_le_v4SPD16_eabi.lib : _printfi.c.obj (.text:_ltostr)
                  00002135    00000001     --HOLE-- [fill = 0]
                  00002136    0000009c                                   : memcpy_t2.asm.obj (.text)
                  000021d2    00000096                                   : ull_div_t2.asm.obj (.text)
                  00002268    00000086                                   : fd_cmp_t2.asm.obj (.text:__aeabi_cdcmple)
                  000022ee    00000086                                   : fd_cmp_t2.asm.obj (.text:__aeabi_cdrcmple)
                  00002374    0000007a                                   : memset_t2.asm.obj (.text)
                  000023ee    0000006e                                   : _printfi.c.obj (.text:_mcpy)
                  0000245c    00000068                                   : copy_decompress_lzss.c.obj (.text:decompress:lzss:__TI_decompress_lzss)
                  000024c4    00000064                                   : s_frexp.c.obj (.text:frexp)
                  00002528    00000056                                   : _printfi.c.obj (.text:_pconv_f)
                  0000257e    00000054                                   : ltoa.c.obj (.text:ltoa)
                  000025d2    00000052                                   : _printfi.c.obj (.text:_ecpy)
                  00002624    0000004c                                   : atoi.c.obj (.text:atoi)
                  00002670    00000048                                   : fd_toi_t2.asm.obj (.text)
                  000026b8    00000044                                   : autoinit.c.obj (.text:__TI_auto_init_nobinit_nopinit:__TI_auto_init_nobinit_nopinit)
                  000026fc    00000040                                   : vsnprintf.c.obj (.text:vsnprintf)
                  0000273c    0000003e                                   : _printfi.c.obj (.text:_fcpy)
                  0000277a    00000002     --HOLE-- [fill = 0]
                  0000277c    00000038                                   : boot_cortex_m.c.obj (.text:_c_int00_noargs:_c_int00_noargs)
                  000027b4    00000030                                   : vsnprintf.c.obj (.text:_outs)
                  000027e4    0000002e                                   : i_tofd_t2.asm.obj (.text)
                  00002812    0000001c                                   : memccpy.c.obj (.text:memccpy)
                  0000282e    00000018                                   : vsnprintf.c.obj (.text:_outc)
                  00002846    00000018                                   : strcmp.c.obj (.text:strcmp)
                  0000285e    00000016                                   : strchr.c.obj (.text:strchr)
                  00002874    00000014                                   : s_copysign.c.obj (.text:copysign)
                  00002888    00000014                                   : strcpy.c.obj (.text:strcpy)
                  0000289c    00000014                                   : strlen.c.obj (.text:strlen)
                  000028b0    00000012                                   : copy_zero_init.c.obj (.text:decompress:ZI:__TI_zero_init_nomemset:__TI_zero_init_nomemset)
                  000028c2    00000012                                   : wcslen.c.obj (.text:wcslen)
                  000028d4    00000010     lcd.obj (.text:lcd_clear)
                  000028e4    0000000e     rtsv7M4_T_le_v4SPD16_eabi.lib : copy_decompress_none.c.obj (.text:decompress:none:__TI_decompress_none)
                  000028f2    0000000c     tm4c123gh6pm_startup_ccs.obj (.text)
                  000028fe    00000002     --HOLE-- [fill = 0]
                  00002900    00000008     rtsv7M4_T_le_v4SPD16_eabi.lib : errno.c.obj (.text:__aeabi_errno_addr)
                  00002908    00000004                                   : pre_init.c.obj (.text:_system_pre_init)
                  0000290c    00000004                                   : exit.c.obj (.text:abort:abort)

.const     0    00002910    00000109     
                  00002910    00000101     rtsv7M4_T_le_v4SPD16_eabi.lib : ctype.c.obj (.const:.string:_ctypes_)
                  00002a11    00000004     lcd.obj (.const:.string:lineAddress$1)
                  00002a15    00000004     lcd.obj (.const:.string:lineAddresses$2)

.cinit     0    00002a20    00000030     
                  00002a20    0000000c     (__TI_handler_table)
                  00002a2c    00000004     --HOLE-- [fill = 0]
                  00002a30    00000008     (.cinit..bss.load) [load image, compression = zero_init]
                  00002a38    00000007     (.cinit..data.load) [load image, compression = lzss]
                  00002a3f    00000001     --HOLE-- [fill = 0]
                  00002a40    00000010     (__TI_cinit_table)

.init_array 
*          0    00000000    00000000     UNINITIALIZED

.bss       0    20000800    00000055     UNINITIALIZED
                  20000800    00000054     lcd.obj (.bss:lastbuffer$3)
                  20000854    00000001     (.common:_prevButton)

.data      0    20000858    00000005     UNINITIALIZED
                  20000858    00000004     rtsv7M4_T_le_v4SPD16_eabi.lib : errno.c.obj (.data)
                  2000085c    00000001     button.obj (.data)

.stack     0    20000000    00000800     UNINITIALIZED
                  20000000    00000004     rtsv7M4_T_le_v4SPD16_eabi.lib : boot_cortex_m.c.obj (.stack)
                  20000004    000007fc     --HOLE--

MODULE SUMMARY

       Module                         code   ro data   rw data
       ------                         ----   -------   -------
    .\
       lcd.obj                        764    8         84     
       tm4c123gh6pm_startup_ccs.obj   12     620       0      
       main.obj                       456    0         0      
       timer.obj                      344    0         0      
       uart.obj                       292    0         0      
       button.obj                     240    0         2      
    +--+------------------------------+------+---------+---------+
       Total:                         2108   628       86     
                                                              
    C:\ti\ccsv8\tools\compiler\ti-cgt-arm_18.1.2.LTS\lib\rtsv7M4_T_le_v4SPD16_eabi.lib
       _printfi.c.obj                 4863   0         0      
       fd_add_t2.asm.obj              438    0         0      
       fd_div_t2.asm.obj              310    0         0      
       s_scalbn.c.obj                 272    0         0      
       fd_cmp_t2.asm.obj              268    0         0      
       ctype.c.obj                    0      257       0      
       fd_mul_t2.asm.obj              252    0         0      
       memcpy_t2.asm.obj              156    0         0      
       ull_div_t2.asm.obj             150    0         0      
       vsnprintf.c.obj                136    0         0      
       memset_t2.asm.obj              122    0         0      
       copy_decompress_lzss.c.obj     104    0         0      
       s_frexp.c.obj                  100    0         0      
       ltoa.c.obj                     84     0         0      
       atoi.c.obj                     76     0         0      
       fd_toi_t2.asm.obj              72     0         0      
       autoinit.c.obj                 68     0         0      
       boot_cortex_m.c.obj            56     0         0      
       i_tofd_t2.asm.obj              46     0         0      
       memccpy.c.obj                  28     0         0      
       strcmp.c.obj                   24     0         0      
       strchr.c.obj                   22     0         0      
       s_copysign.c.obj               20     0         0      
       strcpy.c.obj                   20     0         0      
       strlen.c.obj                   20     0         0      
       copy_zero_init.c.obj           18     0         0      
       wcslen.c.obj                   18     0         0      
       copy_decompress_none.c.obj     14     0         0      
       errno.c.obj                    8      0         4      
       exit.c.obj                     4      0         0      
       pre_init.c.obj                 4      0         0      
       div0.asm.obj                   2      0         0      
    +--+------------------------------+------+---------+---------+
       Total:                         7775   257       4      
                                                              
       Stack:                         0      0         2048   
       Linker Generated:              0      43        0      
    +--+------------------------------+------+---------+---------+
       Grand Total:                   9883   928       2138   


LINKER GENERATED COPY TABLES

__TI_cinit_table @ 00002a40 records: 2, size/record: 8, table size: 16
	.bss: load addr=00002a30, load size=00000008 bytes, run addr=20000800, run size=00000055 bytes, compression=zero_init
	.data: load addr=00002a38, load size=00000007 bytes, run addr=20000858, run size=00000005 bytes, compression=lzss


LINKER GENERATED HANDLER TABLE

__TI_handler_table @ 00002a20 records: 3, size/record: 4, table size: 12
	index: 0, handler: __TI_decompress_lzss
	index: 1, handler: __TI_decompress_none
	index: 2, handler: __TI_zero_init


GLOBAL SYMBOLS: SORTED ALPHABETICALLY BY Name 

address   name                          
-------   ----                          
0000290d  C$$EXIT                       
000028f3  ResetISR                      
20000800  __STACK_END                   
00000800  __STACK_SIZE                  
20000200  __STACK_TOP                   
00002a40  __TI_CINIT_Base               
00002a50  __TI_CINIT_Limit              
00002a20  __TI_Handler_Table_Base       
00002a2c  __TI_Handler_Table_Limit      
000026b9  __TI_auto_init_nobinit_nopinit
0000245d  __TI_decompress_lzss          
000028e5  __TI_decompress_none          
ffffffff  __TI_pprof_out_hndl           
0000026d  __TI_printfi                  
ffffffff  __TI_prof_data_size           
ffffffff  __TI_prof_data_start          
00000000  __TI_static_base__            
000028b1  __TI_zero_init_nomemset       
00002269  __aeabi_cdcmpeq               
00002269  __aeabi_cdcmple               
000022ef  __aeabi_cdrcmple              
00002671  __aeabi_d2iz                  
000015cb  __aeabi_dadd                  
00001a0d  __aeabi_ddiv                  
00001e99  __aeabi_dmul                  
000015c1  __aeabi_dsub                  
00002901  __aeabi_errno_addr            
000027e5  __aeabi_i2d                   
00000ccb  __aeabi_idiv0                 
00000ccb  __aeabi_ldiv0                 
00002375  __aeabi_memclr                
00002375  __aeabi_memclr4               
00002375  __aeabi_memclr8               
00002137  __aeabi_memcpy                
00002137  __aeabi_memcpy4               
00002137  __aeabi_memcpy8               
00002377  __aeabi_memset                
00002377  __aeabi_memset4               
00002377  __aeabi_memset8               
000021d3  __aeabi_uldivmod              
ffffffff  __binit__                     
ffffffff  __c_args__                    
UNDEFED   __mpu_init                    
20000000  __stack                       
0000277d  _c_int00_noargs               
00002910  _ctypes_                      
20000854  _prevButton                   
UNDEFED   _system_post_cinit            
00002909  _system_pre_init              
0000290d  abort                         
00002625  atoi                          
ffffffff  binit                         
00001fc1  button_checkButtons           
00001fcb  button_getButton              
00002017  button_getButtonBlocking      
0000202b  button_getButtonChange        
00002055  button_getButtonChangeBlocking
00001f95  button_init                   
00002875  copysign                      
00002875  copysignl                     
20000858  errno                         
000024c5  frexp                         
000024c5  frexpl                        
00000000  g_pfnVectors                  
000028d5  lcd_clear                     
00000e65  lcd_gotoLine                  
00000ccd  lcd_init                      
00000ecb  lcd_printf                    
00000d8d  lcd_putc                      
00000dc5  lcd_puts                      
00000de3  lcd_sendCommand               
00000e21  lcd_sendNibble                
00000e8d  lcd_setCursorPos              
00001d89  ldexp                         
00001d89  ldexpl                        
0000257f  ltoa                          
000013f9  main                          
00002813  memccpy                       
00002137  memcpy                        
0000237d  memset                        
00001d89  scalbn                        
00001d89  scalbnl                       
0000285f  strchr                        
00002847  strcmp                        
00002889  strcpy                        
0000289d  strlen                        
00001889  timer_getClock                
0000183d  timer_startClock              
000017d7  timer_startTimer              
0000188f  timer_stopClock               
00001827  timer_stopTimer               
000017ad  timer_waitMicros              
00001779  timer_waitMillis              
00001b45  uart_init                     
00001bf1  uart_receive                  
00001bd5  uart_sendChar                 
00001c17  uart_sendStr                  
000026fd  vsnprintf                     
000028c3  wcslen                        


GLOBAL SYMBOLS: SORTED BY Symbol Address 

address   name                          
-------   ----                          
00000000  __TI_static_base__            
00000000  g_pfnVectors                  
0000026d  __TI_printfi                  
00000800  __STACK_SIZE                  
00000ccb  __aeabi_idiv0                 
00000ccb  __aeabi_ldiv0                 
00000ccd  lcd_init                      
00000d8d  lcd_putc                      
00000dc5  lcd_puts                      
00000de3  lcd_sendCommand               
00000e21  lcd_sendNibble                
00000e65  lcd_gotoLine                  
00000e8d  lcd_setCursorPos              
00000ecb  lcd_printf                    
000013f9  main                          
000015c1  __aeabi_dsub                  
000015cb  __aeabi_dadd                  
00001779  timer_waitMillis              
000017ad  timer_waitMicros              
000017d7  timer_startTimer              
00001827  timer_stopTimer               
0000183d  timer_startClock              
00001889  timer_getClock                
0000188f  timer_stopClock               
00001a0d  __aeabi_ddiv                  
00001b45  uart_init                     
00001bd5  uart_sendChar                 
00001bf1  uart_receive                  
00001c17  uart_sendStr                  
00001d89  ldexp                         
00001d89  ldexpl                        
00001d89  scalbn                        
00001d89  scalbnl                       
00001e99  __aeabi_dmul                  
00001f95  button_init                   
00001fc1  button_checkButtons           
00001fcb  button_getButton              
00002017  button_getButtonBlocking      
0000202b  button_getButtonChange        
00002055  button_getButtonChangeBlocking
00002137  __aeabi_memcpy                
00002137  __aeabi_memcpy4               
00002137  __aeabi_memcpy8               
00002137  memcpy                        
000021d3  __aeabi_uldivmod              
00002269  __aeabi_cdcmpeq               
00002269  __aeabi_cdcmple               
000022ef  __aeabi_cdrcmple              
00002375  __aeabi_memclr                
00002375  __aeabi_memclr4               
00002375  __aeabi_memclr8               
00002377  __aeabi_memset                
00002377  __aeabi_memset4               
00002377  __aeabi_memset8               
0000237d  memset                        
0000245d  __TI_decompress_lzss          
000024c5  frexp                         
000024c5  frexpl                        
0000257f  ltoa                          
00002625  atoi                          
00002671  __aeabi_d2iz                  
000026b9  __TI_auto_init_nobinit_nopinit
000026fd  vsnprintf                     
0000277d  _c_int00_noargs               
000027e5  __aeabi_i2d                   
00002813  memccpy                       
00002847  strcmp                        
0000285f  strchr                        
00002875  copysign                      
00002875  copysignl                     
00002889  strcpy                        
0000289d  strlen                        
000028b1  __TI_zero_init_nomemset       
000028c3  wcslen                        
000028d5  lcd_clear                     
000028e5  __TI_decompress_none          
000028f3  ResetISR                      
00002901  __aeabi_errno_addr            
00002909  _system_pre_init              
0000290d  C$$EXIT                       
0000290d  abort                         
00002910  _ctypes_                      
00002a20  __TI_Handler_Table_Base       
00002a2c  __TI_Handler_Table_Limit      
00002a40  __TI_CINIT_Base               
00002a50  __TI_CINIT_Limit              
20000000  __stack                       
20000200  __STACK_TOP                   
20000800  __STACK_END                   
20000854  _prevButton                   
20000858  errno                         
ffffffff  __TI_pprof_out_hndl           
ffffffff  __TI_prof_data_size           
ffffffff  __TI_prof_data_start          
ffffffff  __binit__                     
ffffffff  __c_args__                    
ffffffff  binit                         
UNDEFED   __mpu_init                    
UNDEFED   _system_post_cinit            

[99 symbols]
