******************************************************************************
                  TI ARM Linker PC v18.1.2                     
******************************************************************************
>> Linked Wed Oct 17 17:52:58 2018

OUTPUT FILE NAME:   <Lab8.out>
ENTRY POINT SYMBOL: "_c_int00_noargs"  address: 0000274d


MEMORY CONFIGURATION

         name            origin    length      used     unused   attr    fill
----------------------  --------  ---------  --------  --------  ----  --------
  FLASH                 00000000   00040000  00002a49  0003d5b7  R  X
  SRAM                  20000000   00008000  0000086e  00007792  RW X


SEGMENT ALLOCATION MAP

run origin  load origin   length   init length attrs members
----------  ----------- ---------- ----------- ----- -------
00000000    00000000    00002a50   00002a50    r-x
  00000000    00000000    0000026c   0000026c    r-- .intvecs
  0000026c    0000026c    00002694   00002694    r-x .text
  00002900    00002900    00000109   00000109    r-- .const
  00002a10    00002a10    00000040   00000040    r-- .cinit
20000000    20000000    00000871   00000000    rw-
  20000000    20000000    00000800   00000000    rw- .stack
  20000800    20000800    00000055   00000000    rw- .bss
  20000858    20000858    00000019   00000000    rw- .data


SECTION ALLOCATION MAP

 output                                  attributes/
section   page    origin      length       input sections
--------  ----  ----------  ----------   ----------------
.intvecs   0    00000000    0000026c     
                  00000000    0000026c     tm4c123gh6pm_startup_ccs.obj (.intvecs)

.text      0    0000026c    00002694     
                  0000026c    00000a5e     rtsv7M4_T_le_v4SPD16_eabi.lib : _printfi.c.obj (.text:__TI_printfi)
                  00000cca    00000002                                   : div0.asm.obj (.text)
                  00000ccc    000002ec     lcd.obj (.text)
                  00000fb8    00000278     main.obj (.text)
                  00001230    00000270     rtsv7M4_T_le_v4SPD16_eabi.lib : _printfi.c.obj (.text:_pconv_a)
                  000014a0    000001d0                                   : _printfi.c.obj (.text:_pconv_g)
                  00001670    000001b6                                   : fd_add_t2.asm.obj (.text)
                  00001826    00000002     --HOLE-- [fill = 0]
                  00001828    00000158     timer.obj (.text)
                  00001980    0000013c     rtsv7M4_T_le_v4SPD16_eabi.lib : _printfi.c.obj (.text:_pconv_e)
                  00001abc    00000136                                   : fd_div_t2.asm.obj (.text)
                  00001bf2    00000002     --HOLE-- [fill = 0]
                  00001bf4    00000120                                   : _printfi.c.obj (.text:fcvt)
                  00001d14    00000110                                   : s_scalbn.c.obj (.text:scalbn)
                  00001e24    000000fc                                   : fd_mul_t2.asm.obj (.text)
                  00001f20    000000f0     button.obj (.text)
                  00002010    000000b1     rtsv7M4_T_le_v4SPD16_eabi.lib : _printfi.c.obj (.text:_ltostr)
                  000020c1    00000001     --HOLE-- [fill = 0]
                  000020c2    0000009c                                   : memcpy_t2.asm.obj (.text)
                  0000215e    00000096                                   : ull_div_t2.asm.obj (.text)
                  000021f4    00000086                                   : fd_cmp_t2.asm.obj (.text:__aeabi_cdcmple)
                  0000227a    00000086                                   : fd_cmp_t2.asm.obj (.text:__aeabi_cdrcmple)
                  00002300    0000007a                                   : memset_t2.asm.obj (.text)
                  0000237a    0000006e                                   : _printfi.c.obj (.text:_mcpy)
                  000023e8    00000068                                   : copy_decompress_lzss.c.obj (.text:decompress:lzss:__TI_decompress_lzss)
                  00002450    00000064                                   : s_frexp.c.obj (.text:frexp)
                  000024b4    00000056                                   : _printfi.c.obj (.text:_pconv_f)
                  0000250a    00000054                                   : ltoa.c.obj (.text:ltoa)
                  0000255e    00000052                                   : _printfi.c.obj (.text:_ecpy)
                  000025b0    0000004c                                   : atoi.c.obj (.text:atoi)
                  000025fc    00000048                                   : fd_toi_t2.asm.obj (.text)
                  00002644    00000044                                   : autoinit.c.obj (.text:__TI_auto_init_nobinit_nopinit:__TI_auto_init_nobinit_nopinit)
                  00002688    00000044                                   : fd_tou_t2.asm.obj (.text)
                  000026cc    00000040                                   : vsnprintf.c.obj (.text:vsnprintf)
                  0000270c    0000003e                                   : _printfi.c.obj (.text:_fcpy)
                  0000274a    00000002     --HOLE-- [fill = 0]
                  0000274c    00000038                                   : boot_cortex_m.c.obj (.text:_c_int00_noargs:_c_int00_noargs)
                  00002784    00000030                                   : vsnprintf.c.obj (.text:_outs)
                  000027b4    0000002e                                   : i_tofd_t2.asm.obj (.text)
                  000027e2    00000020                                   : u_tofd_t2.asm.obj (.text)
                  00002802    0000001c                                   : memccpy.c.obj (.text:memccpy)
                  0000281e    00000018                                   : vsnprintf.c.obj (.text:_outc)
                  00002836    00000018                                   : strcmp.c.obj (.text:strcmp)
                  0000284e    00000016                                   : strchr.c.obj (.text:strchr)
                  00002864    00000014                                   : s_copysign.c.obj (.text:copysign)
                  00002878    00000014                                   : strcpy.c.obj (.text:strcpy)
                  0000288c    00000014                                   : strlen.c.obj (.text:strlen)
                  000028a0    00000012                                   : copy_zero_init.c.obj (.text:decompress:ZI:__TI_zero_init_nomemset:__TI_zero_init_nomemset)
                  000028b2    00000012                                   : wcslen.c.obj (.text:wcslen)
                  000028c4    00000010     lcd.obj (.text:lcd_clear)
                  000028d4    0000000e     rtsv7M4_T_le_v4SPD16_eabi.lib : copy_decompress_none.c.obj (.text:decompress:none:__TI_decompress_none)
                  000028e2    0000000c     tm4c123gh6pm_startup_ccs.obj (.text)
                  000028ee    00000002     --HOLE-- [fill = 0]
                  000028f0    00000008     rtsv7M4_T_le_v4SPD16_eabi.lib : errno.c.obj (.text:__aeabi_errno_addr)
                  000028f8    00000004                                   : pre_init.c.obj (.text:_system_pre_init)
                  000028fc    00000004                                   : exit.c.obj (.text:abort:abort)

.const     0    00002900    00000109     
                  00002900    00000101     rtsv7M4_T_le_v4SPD16_eabi.lib : ctype.c.obj (.const:.string:_ctypes_)
                  00002a01    00000004     lcd.obj (.const:.string:lineAddress$1)
                  00002a05    00000004     lcd.obj (.const:.string:lineAddresses$2)

.cinit     0    00002a10    00000040     
                  00002a10    0000001b     (.cinit..data.load) [load image, compression = lzss]
                  00002a2b    00000001     --HOLE-- [fill = 0]
                  00002a2c    0000000c     (__TI_handler_table)
                  00002a38    00000008     (.cinit..bss.load) [load image, compression = zero_init]
                  00002a40    00000010     (__TI_cinit_table)

.init_array 
*          0    00000000    00000000     UNINITIALIZED

.bss       0    20000800    00000055     UNINITIALIZED
                  20000800    00000054     lcd.obj (.bss:lastbuffer$3)
                  20000854    00000001     (.common:_prevButton)

.data      0    20000858    00000019     UNINITIALIZED
                  20000858    00000014     main.obj (.data)
                  2000086c    00000004     rtsv7M4_T_le_v4SPD16_eabi.lib : errno.c.obj (.data)
                  20000870    00000001     button.obj (.data)

.stack     0    20000000    00000800     UNINITIALIZED
                  20000000    00000004     rtsv7M4_T_le_v4SPD16_eabi.lib : boot_cortex_m.c.obj (.stack)
                  20000004    000007fc     --HOLE--

MODULE SUMMARY

       Module                         code   ro data   rw data
       ------                         ----   -------   -------
    .\
       lcd.obj                        764    8         84     
       main.obj                       632    0         20     
       tm4c123gh6pm_startup_ccs.obj   12     620       0      
       timer.obj                      344    0         0      
       button.obj                     240    0         2      
    +--+------------------------------+------+---------+---------+
       Total:                         1992   628       106    
                                                              
    C:\ti\ccsv8\tools\compiler\ti-cgt-arm_18.1.2.LTS\lib\rtsv7M4_T_le_v4SPD16_eabi.lib
       _printfi.c.obj                 4863   0         0      
       fd_add_t2.asm.obj              438    0         0      
       fd_div_t2.asm.obj              310    0         0      
       s_scalbn.c.obj                 272    0         0      
       fd_cmp_t2.asm.obj              268    0         0      
       ctype.c.obj                    0      257       0      
       fd_mul_t2.asm.obj              252    0         0      
       memcpy_t2.asm.obj              156    0         0      
       ull_div_t2.asm.obj             150    0         0      
       vsnprintf.c.obj                136    0         0      
       memset_t2.asm.obj              122    0         0      
       copy_decompress_lzss.c.obj     104    0         0      
       s_frexp.c.obj                  100    0         0      
       ltoa.c.obj                     84     0         0      
       atoi.c.obj                     76     0         0      
       fd_toi_t2.asm.obj              72     0         0      
       autoinit.c.obj                 68     0         0      
       fd_tou_t2.asm.obj              68     0         0      
       boot_cortex_m.c.obj            56     0         0      
       i_tofd_t2.asm.obj              46     0         0      
       u_tofd_t2.asm.obj              32     0         0      
       memccpy.c.obj                  28     0         0      
       strcmp.c.obj                   24     0         0      
       strchr.c.obj                   22     0         0      
       s_copysign.c.obj               20     0         0      
       strcpy.c.obj                   20     0         0      
       strlen.c.obj                   20     0         0      
       copy_zero_init.c.obj           18     0         0      
       wcslen.c.obj                   18     0         0      
       copy_decompress_none.c.obj     14     0         0      
       errno.c.obj                    8      0         4      
       exit.c.obj                     4      0         0      
       pre_init.c.obj                 4      0         0      
       div0.asm.obj                   2      0         0      
    +--+------------------------------+------+---------+---------+
       Total:                         7875   257       4      
                                                              
       Stack:                         0      0         2048   
       Linker Generated:              0      63        0      
    +--+------------------------------+------+---------+---------+
       Grand Total:                   9867   948       2158   


LINKER GENERATED COPY TABLES

__TI_cinit_table @ 00002a40 records: 2, size/record: 8, table size: 16
	.data: load addr=00002a10, load size=0000001b bytes, run addr=20000858, run size=00000019 bytes, compression=lzss
	.bss: load addr=00002a38, load size=00000008 bytes, run addr=20000800, run size=00000055 bytes, compression=zero_init


LINKER GENERATED HANDLER TABLE

__TI_handler_table @ 00002a2c records: 3, size/record: 4, table size: 12
	index: 0, handler: __TI_decompress_lzss
	index: 1, handler: __TI_decompress_none
	index: 2, handler: __TI_zero_init


GLOBAL SYMBOLS: SORTED ALPHABETICALLY BY Name 

address   name                          
-------   ----                          
000028fd  C$$EXIT                       
000028e3  ResetISR                      
20000800  __STACK_END                   
00000800  __STACK_SIZE                  
20000200  __STACK_TOP                   
00002a40  __TI_CINIT_Base               
00002a50  __TI_CINIT_Limit              
00002a2c  __TI_Handler_Table_Base       
00002a38  __TI_Handler_Table_Limit      
00002645  __TI_auto_init_nobinit_nopinit
000023e9  __TI_decompress_lzss          
000028d5  __TI_decompress_none          
ffffffff  __TI_pprof_out_hndl           
0000026d  __TI_printfi                  
ffffffff  __TI_prof_data_size           
ffffffff  __TI_prof_data_start          
00000000  __TI_static_base__            
000028a1  __TI_zero_init_nomemset       
000021f5  __aeabi_cdcmpeq               
000021f5  __aeabi_cdcmple               
0000227b  __aeabi_cdrcmple              
000025fd  __aeabi_d2iz                  
00002689  __aeabi_d2uiz                 
0000167b  __aeabi_dadd                  
00001abd  __aeabi_ddiv                  
00001e25  __aeabi_dmul                  
00001671  __aeabi_dsub                  
000028f1  __aeabi_errno_addr            
000027b5  __aeabi_i2d                   
00000ccb  __aeabi_idiv0                 
00000ccb  __aeabi_ldiv0                 
00002301  __aeabi_memclr                
00002301  __aeabi_memclr4               
00002301  __aeabi_memclr8               
000020c3  __aeabi_memcpy                
000020c3  __aeabi_memcpy4               
000020c3  __aeabi_memcpy8               
00002303  __aeabi_memset                
00002303  __aeabi_memset4               
00002303  __aeabi_memset8               
000027e3  __aeabi_ui2d                  
0000215f  __aeabi_uldivmod              
ffffffff  __binit__                     
ffffffff  __c_args__                    
UNDEFED   __mpu_init                    
20000000  __stack                       
0000274d  _c_int00_noargs               
00002900  _ctypes_                      
20000854  _prevButton                   
UNDEFED   _system_post_cinit            
000028f9  _system_pre_init              
000028fd  abort                         
000025b1  atoi                          
ffffffff  binit                         
00001f4d  button_checkButtons           
00001f57  button_getButton              
00001fa3  button_getButtonBlocking      
00001fb7  button_getButtonChange        
00001fe1  button_getButtonChangeBlocking
00001f21  button_init                   
00001095  calculate_change              
00002865  copysign                      
00002865  copysignl                     
2000086c  errno                         
00002451  frexp                         
00002451  frexpl                        
00000000  g_pfnVectors                  
20000864  highCalibrate                 
000028c5  lcd_clear                     
00000e65  lcd_gotoLine                  
00000ccd  lcd_init                      
00000ecb  lcd_printf                    
00000d8d  lcd_putc                      
00000dc5  lcd_puts                      
00000de3  lcd_sendCommand               
00000e21  lcd_sendNibble                
00000e8d  lcd_setCursorPos              
00001d15  ldexp                         
00001d15  ldexpl                        
20000860  lowCalibrate                  
0000250b  ltoa                          
000010e1  main                          
00002803  memccpy                       
000020c3  memcpy                        
00002309  memset                        
20000858  mid_width                     
00001031  move_servo                    
2000085c  period_width                  
00001d15  scalbn                        
00001d15  scalbnl                       
00000fb9  setup                         
0000284f  strchr                        
00002837  strcmp                        
00002879  strcpy                        
0000288d  strlen                        
20000868  timeBuffer                    
00001939  timer_getClock                
000018ed  timer_startClock              
00001887  timer_startTimer              
0000193f  timer_stopClock               
000018d7  timer_stopTimer               
0000185d  timer_waitMicros              
00001829  timer_waitMillis              
000026cd  vsnprintf                     
000028b3  wcslen                        


GLOBAL SYMBOLS: SORTED BY Symbol Address 

address   name                          
-------   ----                          
00000000  __TI_static_base__            
00000000  g_pfnVectors                  
0000026d  __TI_printfi                  
00000800  __STACK_SIZE                  
00000ccb  __aeabi_idiv0                 
00000ccb  __aeabi_ldiv0                 
00000ccd  lcd_init                      
00000d8d  lcd_putc                      
00000dc5  lcd_puts                      
00000de3  lcd_sendCommand               
00000e21  lcd_sendNibble                
00000e65  lcd_gotoLine                  
00000e8d  lcd_setCursorPos              
00000ecb  lcd_printf                    
00000fb9  setup                         
00001031  move_servo                    
00001095  calculate_change              
000010e1  main                          
00001671  __aeabi_dsub                  
0000167b  __aeabi_dadd                  
00001829  timer_waitMillis              
0000185d  timer_waitMicros              
00001887  timer_startTimer              
000018d7  timer_stopTimer               
000018ed  timer_startClock              
00001939  timer_getClock                
0000193f  timer_stopClock               
00001abd  __aeabi_ddiv                  
00001d15  ldexp                         
00001d15  ldexpl                        
00001d15  scalbn                        
00001d15  scalbnl                       
00001e25  __aeabi_dmul                  
00001f21  button_init                   
00001f4d  button_checkButtons           
00001f57  button_getButton              
00001fa3  button_getButtonBlocking      
00001fb7  button_getButtonChange        
00001fe1  button_getButtonChangeBlocking
000020c3  __aeabi_memcpy                
000020c3  __aeabi_memcpy4               
000020c3  __aeabi_memcpy8               
000020c3  memcpy                        
0000215f  __aeabi_uldivmod              
000021f5  __aeabi_cdcmpeq               
000021f5  __aeabi_cdcmple               
0000227b  __aeabi_cdrcmple              
00002301  __aeabi_memclr                
00002301  __aeabi_memclr4               
00002301  __aeabi_memclr8               
00002303  __aeabi_memset                
00002303  __aeabi_memset4               
00002303  __aeabi_memset8               
00002309  memset                        
000023e9  __TI_decompress_lzss          
00002451  frexp                         
00002451  frexpl                        
0000250b  ltoa                          
000025b1  atoi                          
000025fd  __aeabi_d2iz                  
00002645  __TI_auto_init_nobinit_nopinit
00002689  __aeabi_d2uiz                 
000026cd  vsnprintf                     
0000274d  _c_int00_noargs               
000027b5  __aeabi_i2d                   
000027e3  __aeabi_ui2d                  
00002803  memccpy                       
00002837  strcmp                        
0000284f  strchr                        
00002865  copysign                      
00002865  copysignl                     
00002879  strcpy                        
0000288d  strlen                        
000028a1  __TI_zero_init_nomemset       
000028b3  wcslen                        
000028c5  lcd_clear                     
000028d5  __TI_decompress_none          
000028e3  ResetISR                      
000028f1  __aeabi_errno_addr            
000028f9  _system_pre_init              
000028fd  C$$EXIT                       
000028fd  abort                         
00002900  _ctypes_                      
00002a2c  __TI_Handler_Table_Base       
00002a38  __TI_Handler_Table_Limit      
00002a40  __TI_CINIT_Base               
00002a50  __TI_CINIT_Limit              
20000000  __stack                       
20000200  __STACK_TOP                   
20000800  __STACK_END                   
20000854  _prevButton                   
20000858  mid_width                     
2000085c  period_width                  
20000860  lowCalibrate                  
20000864  highCalibrate                 
20000868  timeBuffer                    
2000086c  errno                         
ffffffff  __TI_pprof_out_hndl           
ffffffff  __TI_prof_data_size           
ffffffff  __TI_prof_data_start          
ffffffff  __binit__                     
ffffffff  __c_args__                    
ffffffff  binit                         
UNDEFED   __mpu_init                    
UNDEFED   _system_post_cinit            

[105 symbols]
