******************************************************************************
                  TI ARM Linker PC v18.1.2                     
******************************************************************************
>> Linked Sat Nov 10 00:01:30 2018

OUTPUT FILE NAME:   <CPRE288FinalProjectSearchBotTheSpice.out>
ENTRY POINT SYMBOL: "_c_int00_noargs"  address: 00003d01


MEMORY CONFIGURATION

         name            origin    length      used     unused   attr    fill
----------------------  --------  ---------  --------  --------  ----  --------
  FLASH                 00000000   00040000  00004150  0003beb0  R  X
  SRAM                  20000000   00008000  00000f74  0000708c  RW X


SEGMENT ALLOCATION MAP

run origin  load origin   length   init length attrs members
----------  ----------- ---------- ----------- ----- -------
00000000    00000000    00004150   00004150    r-x
  00000000    00000000    0000026c   0000026c    r-- .intvecs
  0000026c    0000026c    00003d5c   00003d5c    r-x .text
  00003fc8    00003fc8    00000118   00000118    r-- .const
  000040e0    000040e0    00000070   00000070    r-- .cinit
20000000    20000000    00000f78   00000000    rw-
  20000000    20000000    0000026c   00000000    rw- .vtable
  20000270    20000270    00000800   00000000    rw- .stack
  20000a70    20000a70    00000400   00000000    rw- .sysmem
  20000e70    20000e70    000000a8   00000000    rw- .bss
  20000f18    20000f18    00000060   00000000    rw- .data


SECTION ALLOCATION MAP

 output                                  attributes/
section   page    origin      length       input sections
--------  ----  ----------  ----------   ----------------
.intvecs   0    00000000    0000026c     
                  00000000    0000026c     tm4c123gh6pm_startup_ccs.obj (.intvecs)

.text      0    0000026c    00003d5c     
                  0000026c    00000a88     open_interface.obj (.text)
                  00000cf4    00000a5e     rtsv7M4_T_le_v4SPD16_eabi.lib : _printfi.c.obj (.text:__TI_printfi)
                  00001752    00000002                                   : _lock.c.obj (.text:_nop)
                  00001754    000003c4                                   : e_log.c.obj (.text:log)
                  00001b18    000002ec     lcd.obj (.text)
                  00001e04    00000294     main.obj (.text)
                  00002098    00000270     rtsv7M4_T_le_v4SPD16_eabi.lib : _printfi.c.obj (.text:_pconv_a)
                  00002308    000001f0     SonarSensor.obj (.text)
                  000024f8    000001d0     rtsv7M4_T_le_v4SPD16_eabi.lib : _printfi.c.obj (.text:_pconv_g)
                  000026c8    000001b6                                   : fd_add_t2.asm.obj (.text)
                  0000287e    00000002                                   : div0.asm.obj (.text)
                  00002880    0000017c     IRSensor.obj (.text)
                  000029fc    00000158     timer.obj (.text)
                  00002b54    00000140     uart.obj (.text)
                  00002c94    0000013c     rtsv7M4_T_le_v4SPD16_eabi.lib : _printfi.c.obj (.text:_pconv_e)
                  00002dd0    00000136                                   : fd_div_t2.asm.obj (.text)
                  00002f06    00000002     --HOLE-- [fill = 0]
                  00002f08    00000128     Servo.obj (.text)
                  00003030    00000120     rtsv7M4_T_le_v4SPD16_eabi.lib : _printfi.c.obj (.text:fcvt)
                  00003150    00000110                                   : s_scalbn.c.obj (.text:scalbn)
                  00003260    000000fc                                   : fd_mul_t2.asm.obj (.text)
                  0000335c    000000d8                                   : memory.c.obj (.text:free)
                  00003434    000000b1                                   : _printfi.c.obj (.text:_ltostr)
                  000034e5    00000001     --HOLE-- [fill = 0]
                  000034e6    0000009c                                   : memcpy_t2.asm.obj (.text)
                  00003582    00000002     --HOLE-- [fill = 0]
                  00003584    00000098     ContactSensors.obj (.text)
                  0000361c    00000096     rtsv7M4_T_le_v4SPD16_eabi.lib : ull_div_t2.asm.obj (.text)
                  000036b2    00000086                                   : fd_cmp_t2.asm.obj (.text:__aeabi_cdcmple)
                  00003738    00000086                                   : fd_cmp_t2.asm.obj (.text:__aeabi_cdrcmple)
                  000037be    0000007a                                   : memset_t2.asm.obj (.text)
                  00003838    00000078                                   : memory.c.obj (.text:malloc)
                  000038b0    0000006e                                   : _printfi.c.obj (.text:_mcpy)
                  0000391e    00000068                                   : copy_decompress_lzss.c.obj (.text:decompress:lzss:__TI_decompress_lzss)
                  00003986    00000002     --HOLE-- [fill = 0]
                  00003988    00000064                                   : s_frexp.c.obj (.text:frexp)
                  000039ec    00000056                                   : _printfi.c.obj (.text:_pconv_f)
                  00003a42    00000054                                   : ltoa.c.obj (.text:ltoa)
                  00003a96    00000052                                   : _printfi.c.obj (.text:_ecpy)
                  00003ae8    0000004c                                   : atoi.c.obj (.text:atoi)
                  00003b34    00000048                                   : fd_toi_t2.asm.obj (.text)
                  00003b7c    00000044                                   : autoinit.c.obj (.text:__TI_auto_init_nobinit_nopinit:__TI_auto_init_nobinit_nopinit)
                  00003bc0    00000044                                   : fd_tou_t2.asm.obj (.text)
                  00003c04    00000040                                   : sprintf.c.obj (.text:sprintf)
                  00003c44    00000040                                   : vsnprintf.c.obj (.text:vsnprintf)
                  00003c84    0000003e                                   : _printfi.c.obj (.text:_fcpy)
                  00003cc2    00000002     --HOLE-- [fill = 0]
                  00003cc4    0000003c                                   : memory.c.obj (.text:minsert)
                  00003d00    00000038                                   : boot_cortex_m.c.obj (.text:_c_int00_noargs:_c_int00_noargs)
                  00003d38    00000038                                   : memory.c.obj (.text:minit)
                  00003d70    00000034     driverlib.lib : interrupt.obj (.text:IntRegister)
                  00003da4    00000030     rtsv7M4_T_le_v4SPD16_eabi.lib : vsnprintf.c.obj (.text:_outs)
                  00003dd4    0000002e                                   : i_tofd_t2.asm.obj (.text)
                  00003e02    0000002a                                   : memory.c.obj (.text:calloc)
                  00003e2c    00000028                                   : memory.c.obj (.text:mremove)
                  00003e54    00000020                                   : u_tofd_t2.asm.obj (.text)
                  00003e74    0000001c                                   : memccpy.c.obj (.text:memccpy)
                  00003e90    00000018                                   : vsnprintf.c.obj (.text:_outc)
                  00003ea8    00000018                                   : sprintf.c.obj (.text:_outs)
                  00003ec0    00000018     open_interface.obj (.text:oi_parseInt)
                  00003ed8    00000018     rtsv7M4_T_le_v4SPD16_eabi.lib : strcmp.c.obj (.text:strcmp)
                  00003ef0    00000016                                   : strchr.c.obj (.text:strchr)
                  00003f06    00000014                                   : s_copysign.c.obj (.text:copysign)
                  00003f1a    00000014                                   : strcpy.c.obj (.text:strcpy)
                  00003f2e    00000014                                   : strlen.c.obj (.text:strlen)
                  00003f42    00000012                                   : copy_zero_init.c.obj (.text:decompress:ZI:__TI_zero_init_nomemset:__TI_zero_init_nomemset)
                  00003f54    00000012                                   : wcslen.c.obj (.text:wcslen)
                  00003f66    00000010     driverlib.lib : interrupt.obj (.text:IntMasterEnable)
                  00003f76    00000010     lcd.obj (.text:lcd_clear)
                  00003f86    0000000e     rtsv7M4_T_le_v4SPD16_eabi.lib : copy_decompress_none.c.obj (.text:decompress:none:__TI_decompress_none)
                  00003f94    0000000c     driverlib.lib : cpu.obj (.text:CPUcpsie)
                  00003fa0    0000000c     tm4c123gh6pm_startup_ccs.obj (.text)
                  00003fac    0000000a     rtsv7M4_T_le_v4SPD16_eabi.lib : sprintf.c.obj (.text:_outc)
                  00003fb6    00000002     --HOLE-- [fill = 0]
                  00003fb8    00000008                                   : errno.c.obj (.text:__aeabi_errno_addr)
                  00003fc0    00000004                                   : pre_init.c.obj (.text:_system_pre_init)
                  00003fc4    00000004                                   : exit.c.obj (.text:abort:abort)

.const     0    00003fc8    00000118     
                  00003fc8    00000101     rtsv7M4_T_le_v4SPD16_eabi.lib : ctype.c.obj (.const:.string:_ctypes_)
                  000040c9    0000000f     open_interface.obj (.const:.string:$P$T0$3)
                  000040d8    00000004     lcd.obj (.const:.string:lineAddress$1)
                  000040dc    00000004     lcd.obj (.const:.string:lineAddresses$2)

.cinit     0    000040e0    00000070     
                  000040e0    00000035     (.cinit..data.load) [load image, compression = lzss]
                  00004115    00000003     --HOLE-- [fill = 0]
                  00004118    0000000c     (__TI_handler_table)
                  00004124    00000004     --HOLE-- [fill = 0]
                  00004128    00000008     (.cinit..bss.load) [load image, compression = zero_init]
                  00004130    00000008     (.cinit..vtable.load) [load image, compression = zero_init]
                  00004138    00000018     (__TI_cinit_table)

.init_array 
*          0    00000000    00000000     UNINITIALIZED

.vtable    0    20000000    0000026c     UNINITIALIZED
                  20000000    0000026c     driverlib.lib : interrupt.obj (.vtable)

.stack     0    20000270    00000800     UNINITIALIZED
                  20000270    00000004     rtsv7M4_T_le_v4SPD16_eabi.lib : boot_cortex_m.c.obj (.stack)
                  20000274    000007fc     --HOLE--

.sysmem    0    20000a70    00000400     UNINITIALIZED
                  20000a70    00000008     rtsv7M4_T_le_v4SPD16_eabi.lib : memory.c.obj (.sysmem)
                  20000a78    000003f8     --HOLE--

.bss       0    20000e70    000000a8     UNINITIALIZED
                  20000e70    00000054     lcd.obj (.bss:lastbuffer$3)
                  20000ec4    00000034     (.common:string)
                  20000ef8    00000018     open_interface.obj (.bss:firmware$2)
                  20000f10    00000004     (.common:sensor_data)
                  20000f14    00000004     (.common:time_diff)

.data      0    20000f18    00000060     UNINITIALIZED
                  20000f18    00000014     Servo.obj (.data)
                  20000f2c    00000011     SonarSensor.obj (.data)
                  20000f3d    00000003     --HOLE--
                  20000f40    00000010     main.obj (.data)
                  20000f50    00000010     open_interface.obj (.data)
                  20000f60    0000000c     rtsv7M4_T_le_v4SPD16_eabi.lib : memory.c.obj (.data:$O1$$)
                  20000f6c    00000008                                   : _lock.c.obj (.data:$O1$$)
                  20000f74    00000004                                   : errno.c.obj (.data)

MODULE SUMMARY

       Module                         code    ro data   rw data
       ------                         ----    -------   -------
    .\
       open_interface.obj             2720    15        40     
       lcd.obj                        764     8         84     
       main.obj                       660     0         68     
       tm4c123gh6pm_startup_ccs.obj   12      620       0      
       SonarSensor.obj                496     0         21     
       IRSensor.obj                   380     0         0      
       timer.obj                      344     0         0      
       uart.obj                       320     0         0      
       Servo.obj                      296     0         20     
       ContactSensors.obj             152     0         4      
    +--+------------------------------+-------+---------+---------+
       Total:                         6144    643       237    
                                                               
    C:/ti/TivaWare_C_Series-2.1.4.178/driverlib/ccs/Debug/driverlib.lib
       interrupt.obj                  68      0         620    
       cpu.obj                        12      0         0      
    +--+------------------------------+-------+---------+---------+
       Total:                         80      0         620    
                                                               
    C:\ti\ccsv8\tools\compiler\ti-cgt-arm_18.1.2.LTS\lib\rtsv7M4_T_le_v4SPD16_eabi.lib
       _printfi.c.obj                 4863    0         0      
       e_log.c.obj                    964     0         0      
       memory.c.obj                   534     0         12     
       fd_add_t2.asm.obj              438     0         0      
       fd_div_t2.asm.obj              310     0         0      
       s_scalbn.c.obj                 272     0         0      
       fd_cmp_t2.asm.obj              268     0         0      
       ctype.c.obj                    0       257       0      
       fd_mul_t2.asm.obj              252     0         0      
       memcpy_t2.asm.obj              156     0         0      
       ull_div_t2.asm.obj             150     0         0      
       vsnprintf.c.obj                136     0         0      
       memset_t2.asm.obj              122     0         0      
       copy_decompress_lzss.c.obj     104     0         0      
       s_frexp.c.obj                  100     0         0      
       sprintf.c.obj                  98      0         0      
       ltoa.c.obj                     84      0         0      
       atoi.c.obj                     76      0         0      
       fd_toi_t2.asm.obj              72      0         0      
       autoinit.c.obj                 68      0         0      
       fd_tou_t2.asm.obj              68      0         0      
       boot_cortex_m.c.obj            56      0         0      
       i_tofd_t2.asm.obj              46      0         0      
       u_tofd_t2.asm.obj              32      0         0      
       memccpy.c.obj                  28      0         0      
       strcmp.c.obj                   24      0         0      
       strchr.c.obj                   22      0         0      
       s_copysign.c.obj               20      0         0      
       strcpy.c.obj                   20      0         0      
       strlen.c.obj                   20      0         0      
       copy_zero_init.c.obj           18      0         0      
       wcslen.c.obj                   18      0         0      
       copy_decompress_none.c.obj     14      0         0      
       errno.c.obj                    8       0         4      
       _lock.c.obj                    2       0         8      
       exit.c.obj                     4       0         0      
       pre_init.c.obj                 4       0         0      
       div0.asm.obj                   2       0         0      
    +--+------------------------------+-------+---------+---------+
       Total:                         9473    257       24     
                                                               
       Heap:                          0       0         1024   
       Stack:                         0       0         2048   
       Linker Generated:              0       105       0      
    +--+------------------------------+-------+---------+---------+
       Grand Total:                   15697   1005      3953   


LINKER GENERATED COPY TABLES

__TI_cinit_table @ 00004138 records: 3, size/record: 8, table size: 24
	.data: load addr=000040e0, load size=00000035 bytes, run addr=20000f18, run size=00000060 bytes, compression=lzss
	.bss: load addr=00004128, load size=00000008 bytes, run addr=20000e70, run size=000000a8 bytes, compression=zero_init
	.vtable: load addr=00004130, load size=00000008 bytes, run addr=20000000, run size=0000026c bytes, compression=zero_init


LINKER GENERATED HANDLER TABLE

__TI_handler_table @ 00004118 records: 3, size/record: 4, table size: 12
	index: 0, handler: __TI_zero_init
	index: 1, handler: __TI_decompress_lzss
	index: 2, handler: __TI_decompress_none


GLOBAL SYMBOLS: SORTED ALPHABETICALLY BY Name 

address   name                          
-------   ----                          
00003fc5  C$$EXIT                       
00003f95  CPUcpsie                      
00000b65  GPIOF_Handler                 
20000f44  IR_dist                       
000028b9  IR_distance_calc              
00003f67  IntMasterEnable               
00003d71  IntRegister                   
00003fa1  ResetISR                      
000023df  TIMER3B_Handler               
20000a70  __STACK_END                   
00000800  __STACK_SIZE                  
20000470  __STACK_TOP                   
00000400  __SYSMEM_SIZE                 
00004138  __TI_CINIT_Base               
00004150  __TI_CINIT_Limit              
00004118  __TI_Handler_Table_Base       
00004124  __TI_Handler_Table_Limit      
00003b7d  __TI_auto_init_nobinit_nopinit
0000391f  __TI_decompress_lzss          
00003f87  __TI_decompress_none          
ffffffff  __TI_pprof_out_hndl           
00000cf5  __TI_printfi                  
ffffffff  __TI_prof_data_size           
ffffffff  __TI_prof_data_start          
00000000  __TI_static_base__            
00003f43  __TI_zero_init_nomemset       
000036b3  __aeabi_cdcmpeq               
000036b3  __aeabi_cdcmple               
00003739  __aeabi_cdrcmple              
00003b35  __aeabi_d2iz                  
00003bc1  __aeabi_d2uiz                 
000026d3  __aeabi_dadd                  
00002dd1  __aeabi_ddiv                  
00003261  __aeabi_dmul                  
000026c9  __aeabi_dsub                  
00003fb9  __aeabi_errno_addr            
00003dd5  __aeabi_i2d                   
0000287f  __aeabi_idiv0                 
0000287f  __aeabi_ldiv0                 
000037bf  __aeabi_memclr                
000037bf  __aeabi_memclr4               
000037bf  __aeabi_memclr8               
000034e7  __aeabi_memcpy                
000034e7  __aeabi_memcpy4               
000034e7  __aeabi_memcpy8               
000037c1  __aeabi_memset                
000037c1  __aeabi_memset4               
000037c1  __aeabi_memset8               
00003e55  __aeabi_ui2d                  
0000361d  __aeabi_uldivmod              
ffffffff  __binit__                     
ffffffff  __c_args__                    
UNDEFED   __mpu_init                    
20000270  __stack                       
00003d01  _c_int00_noargs               
00003fc8  _ctypes_                      
20000f6c  _lock                         
00001753  _nop                          
20000a70  _sys_memory                   
UNDEFED   _system_post_cinit            
00003fc1  _system_pre_init              
20000f70  _unlock                       
00003fc5  abort                         
00003ae9  atoi                          
ffffffff  binit                         
000035a1  bumperHitLeft                 
000035b5  bumperHitRight                
00003e03  calloc                        
000035dd  cliffFrontLeft                
000035f1  cliffFrontRight               
000035c9  cliffMiddleLeft               
00003605  cliffMiddleRight              
00003f07  copysign                      
00003f07  copysignl                     
20000f30  current_time                  
00002309  cycles2dist                   
00002321  cycles2ms                     
20000f74  errno                         
0000335d  free                          
00003989  frexp                         
00003989  frexpl                        
20000000  g_pfnRAMVectors               
00000000  g_pfnVectors                  
00000b7f  getDegrees                    
00002881  get_IR_dist                   
00000921  go_charge                     
20000f24  highCalibrate                 
20000f2c  last_time                     
00003f77  lcd_clear                     
00001cb1  lcd_gotoLine                  
00001b19  lcd_init                      
00001d17  lcd_printf                    
00001bd9  lcd_putc                      
00001c11  lcd_puts                      
00001c2f  lcd_sendCommand               
00001c6d  lcd_sendNibble                
00001cd9  lcd_setCursorPos              
00003151  ldexp                         
00003151  ldexpl                        
20000f40  left_wheel_speed              
00001755  log                           
00001755  logl                          
20000f20  lowCalibrate                  
00003a43  ltoa                          
00001ec7  main                          
00003839  malloc                        
00003e75  memccpy                       
000034e7  memcpy                        
000037c7  memset                        
20000f18  mid_width                     
00003d39  minit                         
00002f09  move_servo                    
0000026d  oi_alloc                      
00000a4b  oi_checkFirmware              
000002c3  oi_close                      
00000279  oi_free                       
000002ad  oi_init                       
00000289  oi_init_noupdate              
000008b7  oi_loadSong                   
00003ec1  oi_parseInt                   
00000327  oi_parsePacket                
0000090d  oi_play_song                  
00000831  oi_setLeds                    
00000875  oi_setWheels                  
00000af3  oi_shutoff_init               
0000092f  oi_uartInit                   
000009d3  oi_uartReceive                
00000a19  oi_uartSendBuff               
000009b7  oi_uartSendChar               
000009fb  oi_uartSendStr                
000002d5  oi_update                     
20000f38  overflow                      
20000f1c  period_width                  
0000238f  ping_read                     
20000f3c  ready                         
20000f41  right_wheel_speed             
00003151  scalbn                        
00003151  scalbnl                       
00001e05  scan                          
00002335  send_pulse                    
20000f10  sensor_data                   
00003585  setup_ContactSensors          
0000291f  setup_IR                      
0000241b  setup_PING                    
00002f6d  setup_servo                   
20000f4c  sonar_cycles                  
20000f48  sonar_dist                    
00003c05  sprintf                       
00003ef1  strchr                        
00003ed9  strcmp                        
00003f1b  strcpy                        
20000ec4  string                        
00003f2f  strlen                        
20000f28  timeBuffer                    
20000f14  time_diff                     
00002b0d  timer_getClock                
00002ac1  timer_startClock              
00002a5b  timer_startTimer              
00002b13  timer_stopClock               
00002aab  timer_stopTimer               
00002a31  timer_waitMicros              
000029fd  timer_waitMillis              
00002b55  uart_init                     
00002c1d  uart_receive                  
00002c01  uart_sendBits                 
00002be5  uart_sendChar                 
00002c43  uart_sendStr                  
00003595  updateContactSensors          
00003c45  vsnprintf                     
20000f34  waiting_fall_flag             
00003f55  wcslen                        


GLOBAL SYMBOLS: SORTED BY Symbol Address 

address   name                          
-------   ----                          
00000000  __TI_static_base__            
00000000  g_pfnVectors                  
0000026d  oi_alloc                      
00000279  oi_free                       
00000289  oi_init_noupdate              
000002ad  oi_init                       
000002c3  oi_close                      
000002d5  oi_update                     
00000327  oi_parsePacket                
00000400  __SYSMEM_SIZE                 
00000800  __STACK_SIZE                  
00000831  oi_setLeds                    
00000875  oi_setWheels                  
000008b7  oi_loadSong                   
0000090d  oi_play_song                  
00000921  go_charge                     
0000092f  oi_uartInit                   
000009b7  oi_uartSendChar               
000009d3  oi_uartReceive                
000009fb  oi_uartSendStr                
00000a19  oi_uartSendBuff               
00000a4b  oi_checkFirmware              
00000af3  oi_shutoff_init               
00000b65  GPIOF_Handler                 
00000b7f  getDegrees                    
00000cf5  __TI_printfi                  
00001753  _nop                          
00001755  log                           
00001755  logl                          
00001b19  lcd_init                      
00001bd9  lcd_putc                      
00001c11  lcd_puts                      
00001c2f  lcd_sendCommand               
00001c6d  lcd_sendNibble                
00001cb1  lcd_gotoLine                  
00001cd9  lcd_setCursorPos              
00001d17  lcd_printf                    
00001e05  scan                          
00001ec7  main                          
00002309  cycles2dist                   
00002321  cycles2ms                     
00002335  send_pulse                    
0000238f  ping_read                     
000023df  TIMER3B_Handler               
0000241b  setup_PING                    
000026c9  __aeabi_dsub                  
000026d3  __aeabi_dadd                  
0000287f  __aeabi_idiv0                 
0000287f  __aeabi_ldiv0                 
00002881  get_IR_dist                   
000028b9  IR_distance_calc              
0000291f  setup_IR                      
000029fd  timer_waitMillis              
00002a31  timer_waitMicros              
00002a5b  timer_startTimer              
00002aab  timer_stopTimer               
00002ac1  timer_startClock              
00002b0d  timer_getClock                
00002b13  timer_stopClock               
00002b55  uart_init                     
00002be5  uart_sendChar                 
00002c01  uart_sendBits                 
00002c1d  uart_receive                  
00002c43  uart_sendStr                  
00002dd1  __aeabi_ddiv                  
00002f09  move_servo                    
00002f6d  setup_servo                   
00003151  ldexp                         
00003151  ldexpl                        
00003151  scalbn                        
00003151  scalbnl                       
00003261  __aeabi_dmul                  
0000335d  free                          
000034e7  __aeabi_memcpy                
000034e7  __aeabi_memcpy4               
000034e7  __aeabi_memcpy8               
000034e7  memcpy                        
00003585  setup_ContactSensors          
00003595  updateContactSensors          
000035a1  bumperHitLeft                 
000035b5  bumperHitRight                
000035c9  cliffMiddleLeft               
000035dd  cliffFrontLeft                
000035f1  cliffFrontRight               
00003605  cliffMiddleRight              
0000361d  __aeabi_uldivmod              
000036b3  __aeabi_cdcmpeq               
000036b3  __aeabi_cdcmple               
00003739  __aeabi_cdrcmple              
000037bf  __aeabi_memclr                
000037bf  __aeabi_memclr4               
000037bf  __aeabi_memclr8               
000037c1  __aeabi_memset                
000037c1  __aeabi_memset4               
000037c1  __aeabi_memset8               
000037c7  memset                        
00003839  malloc                        
0000391f  __TI_decompress_lzss          
00003989  frexp                         
00003989  frexpl                        
00003a43  ltoa                          
00003ae9  atoi                          
00003b35  __aeabi_d2iz                  
00003b7d  __TI_auto_init_nobinit_nopinit
00003bc1  __aeabi_d2uiz                 
00003c05  sprintf                       
00003c45  vsnprintf                     
00003d01  _c_int00_noargs               
00003d39  minit                         
00003d71  IntRegister                   
00003dd5  __aeabi_i2d                   
00003e03  calloc                        
00003e55  __aeabi_ui2d                  
00003e75  memccpy                       
00003ec1  oi_parseInt                   
00003ed9  strcmp                        
00003ef1  strchr                        
00003f07  copysign                      
00003f07  copysignl                     
00003f1b  strcpy                        
00003f2f  strlen                        
00003f43  __TI_zero_init_nomemset       
00003f55  wcslen                        
00003f67  IntMasterEnable               
00003f77  lcd_clear                     
00003f87  __TI_decompress_none          
00003f95  CPUcpsie                      
00003fa1  ResetISR                      
00003fb9  __aeabi_errno_addr            
00003fc1  _system_pre_init              
00003fc5  C$$EXIT                       
00003fc5  abort                         
00003fc8  _ctypes_                      
00004118  __TI_Handler_Table_Base       
00004124  __TI_Handler_Table_Limit      
00004138  __TI_CINIT_Base               
00004150  __TI_CINIT_Limit              
20000000  g_pfnRAMVectors               
20000270  __stack                       
20000470  __STACK_TOP                   
20000a70  __STACK_END                   
20000a70  _sys_memory                   
20000ec4  string                        
20000f10  sensor_data                   
20000f14  time_diff                     
20000f18  mid_width                     
20000f1c  period_width                  
20000f20  lowCalibrate                  
20000f24  highCalibrate                 
20000f28  timeBuffer                    
20000f2c  last_time                     
20000f30  current_time                  
20000f34  waiting_fall_flag             
20000f38  overflow                      
20000f3c  ready                         
20000f40  left_wheel_speed              
20000f41  right_wheel_speed             
20000f44  IR_dist                       
20000f48  sonar_dist                    
20000f4c  sonar_cycles                  
20000f6c  _lock                         
20000f70  _unlock                       
20000f74  errno                         
ffffffff  __TI_pprof_out_hndl           
ffffffff  __TI_prof_data_size           
ffffffff  __TI_prof_data_start          
ffffffff  __binit__                     
ffffffff  __c_args__                    
ffffffff  binit                         
UNDEFED   __mpu_init                    
UNDEFED   _system_post_cinit            

[171 symbols]
