******************************************************************************
                  TI ARM Linker PC v18.1.2                     
******************************************************************************
>> Linked Thu Nov 29 19:33:57 2018

OUTPUT FILE NAME:   <CPRE288FinalProjectSearchBotTheSpice.out>
ENTRY POINT SYMBOL: "_c_int00_noargs"  address: 000040cd


MEMORY CONFIGURATION

         name            origin    length      used     unused   attr    fill
----------------------  --------  ---------  --------  --------  ----  --------
  FLASH                 00000000   00040000  000045da  0003ba26  R  X
  SRAM                  20000000   00008000  00000f70  00007090  RW X


SEGMENT ALLOCATION MAP

run origin  load origin   length   init length attrs members
----------  ----------- ---------- ----------- ----- -------
00000000    00000000    000045e0   000045e0    r-x
  00000000    00000000    0000026c   0000026c    r-- .intvecs
  0000026c    0000026c    00004128   00004128    r-x .text
  00004394    00004394    000001ce   000001ce    r-- .const
  00004568    00004568    00000078   00000078    r-- .cinit
20000000    20000000    00000f74   00000000    rw-
  20000000    20000000    0000026c   00000000    rw- .vtable
  20000270    20000270    00000800   00000000    rw- .stack
  20000a70    20000a70    00000400   00000000    rw- .sysmem
  20000e70    20000e70    00000094   00000000    rw- .bss
  20000f04    20000f04    00000070   00000000    rw- .data


SECTION ALLOCATION MAP

 output                                  attributes/
section   page    origin      length       input sections
--------  ----  ----------  ----------   ----------------
.intvecs   0    00000000    0000026c     
                  00000000    0000026c     tm4c123gh6pm_startup_ccs.obj (.intvecs)

.text      0    0000026c    00004128     
                  0000026c    00000a88     open_interface.obj (.text)
                  00000cf4    00000a5e     rtsv7M4_T_le_v4SPD16_eabi.lib : _printfi.c.obj (.text:__TI_printfi)
                  00001752    00000002                                   : _lock.c.obj (.text:_nop)
                  00001754    00000538     main.obj (.text)
                  00001c8c    000003c4     rtsv7M4_T_le_v4SPD16_eabi.lib : e_log.c.obj (.text:log)
                  00002050    000002ec     lcd.obj (.text)
                  0000233c    00000270     rtsv7M4_T_le_v4SPD16_eabi.lib : _printfi.c.obj (.text:_pconv_a)
                  000025ac    000001f0     SonarSensor.obj (.text)
                  0000279c    000001d0     rtsv7M4_T_le_v4SPD16_eabi.lib : _printfi.c.obj (.text:_pconv_g)
                  0000296c    000001b6                                   : fd_add_t2.asm.obj (.text)
                  00002b22    00000002                                   : div0.asm.obj (.text)
                  00002b24    0000017c     IRSensor.obj (.text)
                  00002ca0    00000158     ContactSensors.obj (.text)
                  00002df8    00000158     timer.obj (.text)
                  00002f50    00000140     uart.obj (.text)
                  00003090    0000013c     rtsv7M4_T_le_v4SPD16_eabi.lib : _printfi.c.obj (.text:_pconv_e)
                  000031cc    00000136                                   : fd_div_t2.asm.obj (.text)
                  00003302    00000002     --HOLE-- [fill = 0]
                  00003304    00000124     Servo.obj (.text)
                  00003428    00000120     rtsv7M4_T_le_v4SPD16_eabi.lib : _printfi.c.obj (.text:fcvt)
                  00003548    00000110                                   : s_scalbn.c.obj (.text:scalbn)
                  00003658    000000fc                                   : fd_mul_t2.asm.obj (.text)
                  00003754    000000d8                                   : memory.c.obj (.text:free)
                  0000382c    000000b1                                   : _printfi.c.obj (.text:_ltostr)
                  000038dd    00000001     --HOLE-- [fill = 0]
                  000038de    0000009c                                   : memcpy_t2.asm.obj (.text)
                  0000397a    00000096                                   : ull_div_t2.asm.obj (.text)
                  00003a10    00000086                                   : fd_cmp_t2.asm.obj (.text:__aeabi_cdcmple)
                  00003a96    00000086                                   : fd_cmp_t2.asm.obj (.text:__aeabi_cdrcmple)
                  00003b1c    0000007a                                   : memset_t2.asm.obj (.text)
                  00003b96    00000002     --HOLE-- [fill = 0]
                  00003b98    00000078                                   : memory.c.obj (.text:malloc)
                  00003c10    0000006e                                   : _printfi.c.obj (.text:_mcpy)
                  00003c7e    00000002     --HOLE-- [fill = 0]
                  00003c80    0000006c     music.obj (.text)
                  00003cec    00000068     rtsv7M4_T_le_v4SPD16_eabi.lib : copy_decompress_lzss.c.obj (.text:decompress:lzss:__TI_decompress_lzss)
                  00003d54    00000064                                   : s_frexp.c.obj (.text:frexp)
                  00003db8    00000056                                   : _printfi.c.obj (.text:_pconv_f)
                  00003e0e    00000054                                   : ltoa.c.obj (.text:ltoa)
                  00003e62    00000052                                   : _printfi.c.obj (.text:_ecpy)
                  00003eb4    0000004c                                   : atoi.c.obj (.text:atoi)
                  00003f00    00000048                                   : fd_toi_t2.asm.obj (.text)
                  00003f48    00000044                                   : autoinit.c.obj (.text:__TI_auto_init_nobinit_nopinit:__TI_auto_init_nobinit_nopinit)
                  00003f8c    00000044                                   : fd_tou_t2.asm.obj (.text)
                  00003fd0    00000040                                   : sprintf.c.obj (.text:sprintf)
                  00004010    00000040                                   : vsnprintf.c.obj (.text:vsnprintf)
                  00004050    0000003e                                   : _printfi.c.obj (.text:_fcpy)
                  0000408e    00000002     --HOLE-- [fill = 0]
                  00004090    0000003c                                   : memory.c.obj (.text:minsert)
                  000040cc    00000038                                   : boot_cortex_m.c.obj (.text:_c_int00_noargs:_c_int00_noargs)
                  00004104    00000038                                   : memory.c.obj (.text:minit)
                  0000413c    00000034     driverlib.lib : interrupt.obj (.text:IntRegister)
                  00004170    00000030     rtsv7M4_T_le_v4SPD16_eabi.lib : vsnprintf.c.obj (.text:_outs)
                  000041a0    0000002e                                   : i_tofd_t2.asm.obj (.text)
                  000041ce    0000002a                                   : memory.c.obj (.text:calloc)
                  000041f8    00000028                                   : memory.c.obj (.text:mremove)
                  00004220    00000020                                   : u_tofd_t2.asm.obj (.text)
                  00004240    0000001c                                   : memccpy.c.obj (.text:memccpy)
                  0000425c    00000018                                   : vsnprintf.c.obj (.text:_outc)
                  00004274    00000018                                   : sprintf.c.obj (.text:_outs)
                  0000428c    00000018     open_interface.obj (.text:oi_parseInt)
                  000042a4    00000018     rtsv7M4_T_le_v4SPD16_eabi.lib : strcmp.c.obj (.text:strcmp)
                  000042bc    00000016                                   : strchr.c.obj (.text:strchr)
                  000042d2    00000014                                   : s_copysign.c.obj (.text:copysign)
                  000042e6    00000014                                   : strcpy.c.obj (.text:strcpy)
                  000042fa    00000014                                   : strlen.c.obj (.text:strlen)
                  0000430e    00000012                                   : copy_zero_init.c.obj (.text:decompress:ZI:__TI_zero_init_nomemset:__TI_zero_init_nomemset)
                  00004320    00000012                                   : wcslen.c.obj (.text:wcslen)
                  00004332    00000010     driverlib.lib : interrupt.obj (.text:IntMasterEnable)
                  00004342    00000010     lcd.obj (.text:lcd_clear)
                  00004352    0000000e     rtsv7M4_T_le_v4SPD16_eabi.lib : copy_decompress_none.c.obj (.text:decompress:none:__TI_decompress_none)
                  00004360    0000000c     driverlib.lib : cpu.obj (.text:CPUcpsie)
                  0000436c    0000000c     tm4c123gh6pm_startup_ccs.obj (.text)
                  00004378    0000000a     rtsv7M4_T_le_v4SPD16_eabi.lib : sprintf.c.obj (.text:_outc)
                  00004382    00000002     --HOLE-- [fill = 0]
                  00004384    00000008                                   : errno.c.obj (.text:__aeabi_errno_addr)
                  0000438c    00000004                                   : pre_init.c.obj (.text:_system_pre_init)
                  00004390    00000004                                   : exit.c.obj (.text:abort:abort)

.const     0    00004394    000001ce     
                  00004394    00000101     rtsv7M4_T_le_v4SPD16_eabi.lib : ctype.c.obj (.const:.string:_ctypes_)
                  00004495    00000040     music.obj (.const:.string:$P$T2$3)
                  000044d5    00000040     music.obj (.const:.string:$P$T3$4)
                  00004515    0000001b     music.obj (.const:.string:$P$T0$1)
                  00004530    0000001b     music.obj (.const:.string:$P$T1$2)
                  0000454b    0000000f     open_interface.obj (.const:.string:$P$T0$3)
                  0000455a    00000004     lcd.obj (.const:.string:lineAddress$1)
                  0000455e    00000004     lcd.obj (.const:.string:lineAddresses$2)

.cinit     0    00004568    00000078     
                  00004568    00000040     (.cinit..data.load) [load image, compression = lzss]
                  000045a8    0000000c     (__TI_handler_table)
                  000045b4    00000004     --HOLE-- [fill = 0]
                  000045b8    00000008     (.cinit..bss.load) [load image, compression = zero_init]
                  000045c0    00000008     (.cinit..vtable.load) [load image, compression = zero_init]
                  000045c8    00000018     (__TI_cinit_table)

.init_array 
*          0    00000000    00000000     UNINITIALIZED

.vtable    0    20000000    0000026c     UNINITIALIZED
                  20000000    0000026c     driverlib.lib : interrupt.obj (.vtable)

.stack     0    20000270    00000800     UNINITIALIZED
                  20000270    00000004     rtsv7M4_T_le_v4SPD16_eabi.lib : boot_cortex_m.c.obj (.stack)
                  20000274    000007fc     --HOLE--

.sysmem    0    20000a70    00000400     UNINITIALIZED
                  20000a70    00000008     rtsv7M4_T_le_v4SPD16_eabi.lib : memory.c.obj (.sysmem)
                  20000a78    000003f8     --HOLE--

.bss       0    20000e70    00000094     UNINITIALIZED
                  20000e70    00000054     lcd.obj (.bss:lastbuffer$3)
                  20000ec4    00000020     (.common:string)
                  20000ee4    00000018     open_interface.obj (.bss:firmware$2)
                  20000efc    00000004     (.common:sensor_data)
                  20000f00    00000004     (.common:time_diff)

.data      0    20000f04    00000070     UNINITIALIZED
                  20000f04    00000024     main.obj (.data)
                  20000f28    00000011     SonarSensor.obj (.data)
                  20000f39    00000003     --HOLE--
                  20000f3c    00000010     Servo.obj (.data)
                  20000f4c    00000010     open_interface.obj (.data)
                  20000f5c    0000000c     rtsv7M4_T_le_v4SPD16_eabi.lib : memory.c.obj (.data:$O1$$)
                  20000f68    00000008                                   : _lock.c.obj (.data:$O1$$)
                  20000f70    00000004                                   : errno.c.obj (.data)

MODULE SUMMARY

       Module                         code    ro data   rw data
       ------                         ----    -------   -------
    .\
       open_interface.obj             2720    15        40     
       main.obj                       1336    0         68     
       lcd.obj                        764     8         84     
       tm4c123gh6pm_startup_ccs.obj   12      620       0      
       SonarSensor.obj                496     0         21     
       IRSensor.obj                   380     0         0      
       ContactSensors.obj             344     0         4      
       timer.obj                      344     0         0      
       uart.obj                       320     0         0      
       Servo.obj                      292     0         16     
       music.obj                      108     182       0      
    +--+------------------------------+-------+---------+---------+
       Total:                         7116    825       233    
                                                               
    C:/ti/TivaWare_C_Series-2.1.4.178/driverlib/ccs/Debug/driverlib.lib
       interrupt.obj                  68      0         620    
       cpu.obj                        12      0         0      
    +--+------------------------------+-------+---------+---------+
       Total:                         80      0         620    
                                                               
    C:\ti\ccsv8\tools\compiler\ti-cgt-arm_18.1.2.LTS\lib\rtsv7M4_T_le_v4SPD16_eabi.lib
       _printfi.c.obj                 4863    0         0      
       e_log.c.obj                    964     0         0      
       memory.c.obj                   534     0         12     
       fd_add_t2.asm.obj              438     0         0      
       fd_div_t2.asm.obj              310     0         0      
       s_scalbn.c.obj                 272     0         0      
       fd_cmp_t2.asm.obj              268     0         0      
       ctype.c.obj                    0       257       0      
       fd_mul_t2.asm.obj              252     0         0      
       memcpy_t2.asm.obj              156     0         0      
       ull_div_t2.asm.obj             150     0         0      
       vsnprintf.c.obj                136     0         0      
       memset_t2.asm.obj              122     0         0      
       copy_decompress_lzss.c.obj     104     0         0      
       s_frexp.c.obj                  100     0         0      
       sprintf.c.obj                  98      0         0      
       ltoa.c.obj                     84      0         0      
       atoi.c.obj                     76      0         0      
       fd_toi_t2.asm.obj              72      0         0      
       autoinit.c.obj                 68      0         0      
       fd_tou_t2.asm.obj              68      0         0      
       boot_cortex_m.c.obj            56      0         0      
       i_tofd_t2.asm.obj              46      0         0      
       u_tofd_t2.asm.obj              32      0         0      
       memccpy.c.obj                  28      0         0      
       strcmp.c.obj                   24      0         0      
       strchr.c.obj                   22      0         0      
       s_copysign.c.obj               20      0         0      
       strcpy.c.obj                   20      0         0      
       strlen.c.obj                   20      0         0      
       copy_zero_init.c.obj           18      0         0      
       wcslen.c.obj                   18      0         0      
       copy_decompress_none.c.obj     14      0         0      
       errno.c.obj                    8       0         4      
       _lock.c.obj                    2       0         8      
       exit.c.obj                     4       0         0      
       pre_init.c.obj                 4       0         0      
       div0.asm.obj                   2       0         0      
    +--+------------------------------+-------+---------+---------+
       Total:                         9473    257       24     
                                                               
       Heap:                          0       0         1024   
       Stack:                         0       0         2048   
       Linker Generated:              0       116       0      
    +--+------------------------------+-------+---------+---------+
       Grand Total:                   16669   1198      3949   


LINKER GENERATED COPY TABLES

__TI_cinit_table @ 000045c8 records: 3, size/record: 8, table size: 24
	.data: load addr=00004568, load size=00000040 bytes, run addr=20000f04, run size=00000070 bytes, compression=lzss
	.bss: load addr=000045b8, load size=00000008 bytes, run addr=20000e70, run size=00000094 bytes, compression=zero_init
	.vtable: load addr=000045c0, load size=00000008 bytes, run addr=20000000, run size=0000026c bytes, compression=zero_init


LINKER GENERATED HANDLER TABLE

__TI_handler_table @ 000045a8 records: 3, size/record: 4, table size: 12
	index: 0, handler: __TI_zero_init
	index: 1, handler: __TI_decompress_lzss
	index: 2, handler: __TI_decompress_none


GLOBAL SYMBOLS: SORTED ALPHABETICALLY BY Name 

address   name                          
-------   ----                          
00004391  C$$EXIT                       
00004361  CPUcpsie                      
00000b65  GPIOF_Handler                 
20000f1c  IR_dist                       
00002b5d  IR_distance_calc              
00004333  IntMasterEnable               
0000413d  IntRegister                   
0000436d  ResetISR                      
00002683  TIMER3B_Handler               
20000a70  __STACK_END                   
00000800  __STACK_SIZE                  
20000470  __STACK_TOP                   
00000400  __SYSMEM_SIZE                 
000045c8  __TI_CINIT_Base               
000045e0  __TI_CINIT_Limit              
000045a8  __TI_Handler_Table_Base       
000045b4  __TI_Handler_Table_Limit      
00003f49  __TI_auto_init_nobinit_nopinit
00003ced  __TI_decompress_lzss          
00004353  __TI_decompress_none          
ffffffff  __TI_pprof_out_hndl           
00000cf5  __TI_printfi                  
ffffffff  __TI_prof_data_size           
ffffffff  __TI_prof_data_start          
00000000  __TI_static_base__            
0000430f  __TI_zero_init_nomemset       
00003a11  __aeabi_cdcmpeq               
00003a11  __aeabi_cdcmple               
00003a97  __aeabi_cdrcmple              
00003f01  __aeabi_d2iz                  
00003f8d  __aeabi_d2uiz                 
00002977  __aeabi_dadd                  
000031cd  __aeabi_ddiv                  
00003659  __aeabi_dmul                  
0000296d  __aeabi_dsub                  
00004385  __aeabi_errno_addr            
000041a1  __aeabi_i2d                   
00002b23  __aeabi_idiv0                 
00002b23  __aeabi_ldiv0                 
00003b1d  __aeabi_memclr                
00003b1d  __aeabi_memclr4               
00003b1d  __aeabi_memclr8               
000038df  __aeabi_memcpy                
000038df  __aeabi_memcpy4               
000038df  __aeabi_memcpy8               
00003b1f  __aeabi_memset                
00003b1f  __aeabi_memset4               
00003b1f  __aeabi_memset8               
00004221  __aeabi_ui2d                  
0000397b  __aeabi_uldivmod              
ffffffff  __binit__                     
ffffffff  __c_args__                    
UNDEFED   __mpu_init                    
20000270  __stack                       
000040cd  _c_int00_noargs               
00004394  _ctypes_                      
20000f68  _lock                         
00001753  _nop                          
20000a70  _sys_memory                   
UNDEFED   _system_post_cinit            
0000438d  _system_pre_init              
20000f6c  _unlock                       
00004391  abort                         
00003eb5  atoi                          
ffffffff  binit                         
00002d69  boundaryHit                   
00002cbd  bumperHitLeft                 
00002cd1  bumperHitRight                
000041cf  calloc                        
00002cf9  cliffFrontLeft                
00002d0d  cliffFrontRight               
00002ce5  cliffMiddleLeft               
00002d21  cliffMiddleRight              
000042d3  copysign                      
000042d3  copysignl                     
20000f2c  current_time                  
000025ad  cycles2dist                   
000025c5  cycles2ms                     
20000f70  errno                         
00003755  free                          
00003d55  frexp                         
00003d55  frexpl                        
20000000  g_pfnRAMVectors               
00000000  g_pfnVectors                  
00000b7f  getDegrees                    
00002b25  get_IR_dist                   
00000921  go_charge                     
20000f44  highCalibrate                 
20000f28  last_time                     
00004343  lcd_clear                     
000021e9  lcd_gotoLine                  
00002051  lcd_init                      
0000224f  lcd_printf                    
00002111  lcd_putc                      
00002149  lcd_puts                      
00002167  lcd_sendCommand               
000021a5  lcd_sendNibble                
00002211  lcd_setCursorPos              
00003549  ldexp                         
00003549  ldexpl                        
20000f04  left_wheel_speed              
20000f08  left_wheel_speed_turn         
00003c81  loadSongs                     
00001c8d  log                           
00001c8d  logl                          
20000f40  lowCalibrate                  
00003e0f  ltoa                          
00001851  main                          
00003b99  malloc                        
00004241  memccpy                       
000038df  memcpy                        
00003b25  memset                        
00004105  minit                         
00003305  move_servo                    
0000026d  oi_alloc                      
00000a4b  oi_checkFirmware              
000002c3  oi_close                      
00000279  oi_free                       
000002ad  oi_init                       
00000289  oi_init_noupdate              
000008b7  oi_loadSong                   
0000428d  oi_parseInt                   
00000327  oi_parsePacket                
0000090d  oi_play_song                  
00000831  oi_setLeds                    
00000875  oi_setWheels                  
00000af3  oi_shutoff_init               
0000092f  oi_uartInit                   
000009d3  oi_uartReceive                
00000a19  oi_uartSendBuff               
000009b7  oi_uartSendChar               
000009fb  oi_uartSendStr                
000002d5  oi_update                     
20000f34  overflow                      
20000f3c  period_width                  
00002633  ping_read                     
20000f38  ready                         
20000f0c  right_wheel_speed             
20000f10  right_wheel_speed_turn        
00003549  scalbn                        
00003549  scalbnl                       
00001755  scan                          
000025d9  send_pulse                    
00002d35  sensorTrip                    
20000f14  sensorTripDistance            
20000efc  sensor_data                   
00002ca1  setup_ContactSensors          
00002bc3  setup_IR                      
000026bf  setup_PING                    
00003369  setup_servo                   
20000f24  sonar_cycles                  
20000f20  sonar_dist                    
00003fd1  sprintf                       
000042bd  strchr                        
000042a5  strcmp                        
000042e7  strcpy                        
20000ec4  string                        
000042fb  strlen                        
20000f48  timeBuffer                    
20000f00  time_diff                     
20000f18  timer_30degree_calibration    
00002f09  timer_getClock                
00002ebd  timer_startClock              
00002e57  timer_startTimer              
00002f0f  timer_stopClock               
00002ea7  timer_stopTimer               
00002e2d  timer_waitMicros              
00002df9  timer_waitMillis              
00002f51  uart_init                     
00003019  uart_receive                  
00002ffd  uart_sendBits                 
00002fe1  uart_sendChar                 
0000303f  uart_sendStr                  
00002cb1  updateContactSensors          
00004011  vsnprintf                     
20000f30  waiting_fall_flag             
00004321  wcslen                        
00002daf  winBoundaryHit                


GLOBAL SYMBOLS: SORTED BY Symbol Address 

address   name                          
-------   ----                          
00000000  __TI_static_base__            
00000000  g_pfnVectors                  
0000026d  oi_alloc                      
00000279  oi_free                       
00000289  oi_init_noupdate              
000002ad  oi_init                       
000002c3  oi_close                      
000002d5  oi_update                     
00000327  oi_parsePacket                
00000400  __SYSMEM_SIZE                 
00000800  __STACK_SIZE                  
00000831  oi_setLeds                    
00000875  oi_setWheels                  
000008b7  oi_loadSong                   
0000090d  oi_play_song                  
00000921  go_charge                     
0000092f  oi_uartInit                   
000009b7  oi_uartSendChar               
000009d3  oi_uartReceive                
000009fb  oi_uartSendStr                
00000a19  oi_uartSendBuff               
00000a4b  oi_checkFirmware              
00000af3  oi_shutoff_init               
00000b65  GPIOF_Handler                 
00000b7f  getDegrees                    
00000cf5  __TI_printfi                  
00001753  _nop                          
00001755  scan                          
00001851  main                          
00001c8d  log                           
00001c8d  logl                          
00002051  lcd_init                      
00002111  lcd_putc                      
00002149  lcd_puts                      
00002167  lcd_sendCommand               
000021a5  lcd_sendNibble                
000021e9  lcd_gotoLine                  
00002211  lcd_setCursorPos              
0000224f  lcd_printf                    
000025ad  cycles2dist                   
000025c5  cycles2ms                     
000025d9  send_pulse                    
00002633  ping_read                     
00002683  TIMER3B_Handler               
000026bf  setup_PING                    
0000296d  __aeabi_dsub                  
00002977  __aeabi_dadd                  
00002b23  __aeabi_idiv0                 
00002b23  __aeabi_ldiv0                 
00002b25  get_IR_dist                   
00002b5d  IR_distance_calc              
00002bc3  setup_IR                      
00002ca1  setup_ContactSensors          
00002cb1  updateContactSensors          
00002cbd  bumperHitLeft                 
00002cd1  bumperHitRight                
00002ce5  cliffMiddleLeft               
00002cf9  cliffFrontLeft                
00002d0d  cliffFrontRight               
00002d21  cliffMiddleRight              
00002d35  sensorTrip                    
00002d69  boundaryHit                   
00002daf  winBoundaryHit                
00002df9  timer_waitMillis              
00002e2d  timer_waitMicros              
00002e57  timer_startTimer              
00002ea7  timer_stopTimer               
00002ebd  timer_startClock              
00002f09  timer_getClock                
00002f0f  timer_stopClock               
00002f51  uart_init                     
00002fe1  uart_sendChar                 
00002ffd  uart_sendBits                 
00003019  uart_receive                  
0000303f  uart_sendStr                  
000031cd  __aeabi_ddiv                  
00003305  move_servo                    
00003369  setup_servo                   
00003549  ldexp                         
00003549  ldexpl                        
00003549  scalbn                        
00003549  scalbnl                       
00003659  __aeabi_dmul                  
00003755  free                          
000038df  __aeabi_memcpy                
000038df  __aeabi_memcpy4               
000038df  __aeabi_memcpy8               
000038df  memcpy                        
0000397b  __aeabi_uldivmod              
00003a11  __aeabi_cdcmpeq               
00003a11  __aeabi_cdcmple               
00003a97  __aeabi_cdrcmple              
00003b1d  __aeabi_memclr                
00003b1d  __aeabi_memclr4               
00003b1d  __aeabi_memclr8               
00003b1f  __aeabi_memset                
00003b1f  __aeabi_memset4               
00003b1f  __aeabi_memset8               
00003b25  memset                        
00003b99  malloc                        
00003c81  loadSongs                     
00003ced  __TI_decompress_lzss          
00003d55  frexp                         
00003d55  frexpl                        
00003e0f  ltoa                          
00003eb5  atoi                          
00003f01  __aeabi_d2iz                  
00003f49  __TI_auto_init_nobinit_nopinit
00003f8d  __aeabi_d2uiz                 
00003fd1  sprintf                       
00004011  vsnprintf                     
000040cd  _c_int00_noargs               
00004105  minit                         
0000413d  IntRegister                   
000041a1  __aeabi_i2d                   
000041cf  calloc                        
00004221  __aeabi_ui2d                  
00004241  memccpy                       
0000428d  oi_parseInt                   
000042a5  strcmp                        
000042bd  strchr                        
000042d3  copysign                      
000042d3  copysignl                     
000042e7  strcpy                        
000042fb  strlen                        
0000430f  __TI_zero_init_nomemset       
00004321  wcslen                        
00004333  IntMasterEnable               
00004343  lcd_clear                     
00004353  __TI_decompress_none          
00004361  CPUcpsie                      
0000436d  ResetISR                      
00004385  __aeabi_errno_addr            
0000438d  _system_pre_init              
00004391  C$$EXIT                       
00004391  abort                         
00004394  _ctypes_                      
000045a8  __TI_Handler_Table_Base       
000045b4  __TI_Handler_Table_Limit      
000045c8  __TI_CINIT_Base               
000045e0  __TI_CINIT_Limit              
20000000  g_pfnRAMVectors               
20000270  __stack                       
20000470  __STACK_TOP                   
20000a70  __STACK_END                   
20000a70  _sys_memory                   
20000ec4  string                        
20000efc  sensor_data                   
20000f00  time_diff                     
20000f04  left_wheel_speed              
20000f08  left_wheel_speed_turn         
20000f0c  right_wheel_speed             
20000f10  right_wheel_speed_turn        
20000f14  sensorTripDistance            
20000f18  timer_30degree_calibration    
20000f1c  IR_dist                       
20000f20  sonar_dist                    
20000f24  sonar_cycles                  
20000f28  last_time                     
20000f2c  current_time                  
20000f30  waiting_fall_flag             
20000f34  overflow                      
20000f38  ready                         
20000f3c  period_width                  
20000f40  lowCalibrate                  
20000f44  highCalibrate                 
20000f48  timeBuffer                    
20000f68  _lock                         
20000f6c  _unlock                       
20000f70  errno                         
ffffffff  __TI_pprof_out_hndl           
ffffffff  __TI_prof_data_size           
ffffffff  __TI_prof_data_start          
ffffffff  __binit__                     
ffffffff  __c_args__                    
ffffffff  binit                         
UNDEFED   __mpu_init                    
UNDEFED   _system_post_cinit            

[178 symbols]
