******************************************************************************
                  TI ARM Linker PC v18.1.2                     
******************************************************************************
>> Linked Wed Nov 28 20:32:18 2018

OUTPUT FILE NAME:   <CPRE288FinalProjectSearchBotTheSpice.out>
ENTRY POINT SYMBOL: "_c_int00_noargs"  address: 00003f31


MEMORY CONFIGURATION

         name            origin    length      used     unused   attr    fill
----------------------  --------  ---------  --------  --------  ----  --------
  FLASH                 00000000   00040000  0000440c  0003bbf4  R  X
  SRAM                  20000000   00008000  00000f70  00007090  RW X


SEGMENT ALLOCATION MAP

run origin  load origin   length   init length attrs members
----------  ----------- ---------- ----------- ----- -------
00000000    00000000    00004410   00004410    r-x
  00000000    00000000    0000026c   0000026c    r-- .intvecs
  0000026c    0000026c    00003f8c   00003f8c    r-x .text
  000041f8    000041f8    0000019c   0000019c    r-- .const
  00004398    00004398    00000078   00000078    r-- .cinit
20000000    20000000    00000f74   00000000    rw-
  20000000    20000000    0000026c   00000000    rw- .vtable
  20000270    20000270    00000800   00000000    rw- .stack
  20000a70    20000a70    00000400   00000000    rw- .sysmem
  20000e70    20000e70    00000094   00000000    rw- .bss
  20000f04    20000f04    00000070   00000000    rw- .data


SECTION ALLOCATION MAP

 output                                  attributes/
section   page    origin      length       input sections
--------  ----  ----------  ----------   ----------------
.intvecs   0    00000000    0000026c     
                  00000000    0000026c     tm4c123gh6pm_startup_ccs.obj (.intvecs)

.text      0    0000026c    00003f8c     
                  0000026c    00000a88     open_interface.obj (.text)
                  00000cf4    00000a5e     rtsv7M4_T_le_v4SPD16_eabi.lib : _printfi.c.obj (.text:__TI_printfi)
                  00001752    00000002                                   : _lock.c.obj (.text:_nop)
                  00001754    000003dc     main.obj (.text)
                  00001b30    000003c4     rtsv7M4_T_le_v4SPD16_eabi.lib : e_log.c.obj (.text:log)
                  00001ef4    000002ec     lcd.obj (.text)
                  000021e0    00000270     rtsv7M4_T_le_v4SPD16_eabi.lib : _printfi.c.obj (.text:_pconv_a)
                  00002450    000001f0     SonarSensor.obj (.text)
                  00002640    000001d0     rtsv7M4_T_le_v4SPD16_eabi.lib : _printfi.c.obj (.text:_pconv_g)
                  00002810    000001b6                                   : fd_add_t2.asm.obj (.text)
                  000029c6    00000002                                   : div0.asm.obj (.text)
                  000029c8    0000017c     IRSensor.obj (.text)
                  00002b44    00000158     timer.obj (.text)
                  00002c9c    00000140     uart.obj (.text)
                  00002ddc    0000013c     rtsv7M4_T_le_v4SPD16_eabi.lib : _printfi.c.obj (.text:_pconv_e)
                  00002f18    00000136                                   : fd_div_t2.asm.obj (.text)
                  0000304e    00000002     --HOLE-- [fill = 0]
                  00003050    00000124     Servo.obj (.text)
                  00003174    00000120     rtsv7M4_T_le_v4SPD16_eabi.lib : _printfi.c.obj (.text:fcvt)
                  00003294    00000118     ContactSensors.obj (.text)
                  000033ac    00000110     rtsv7M4_T_le_v4SPD16_eabi.lib : s_scalbn.c.obj (.text:scalbn)
                  000034bc    000000fc                                   : fd_mul_t2.asm.obj (.text)
                  000035b8    000000d8                                   : memory.c.obj (.text:free)
                  00003690    000000b1                                   : _printfi.c.obj (.text:_ltostr)
                  00003741    00000001     --HOLE-- [fill = 0]
                  00003742    0000009c                                   : memcpy_t2.asm.obj (.text)
                  000037de    00000096                                   : ull_div_t2.asm.obj (.text)
                  00003874    00000086                                   : fd_cmp_t2.asm.obj (.text:__aeabi_cdcmple)
                  000038fa    00000086                                   : fd_cmp_t2.asm.obj (.text:__aeabi_cdrcmple)
                  00003980    0000007a                                   : memset_t2.asm.obj (.text)
                  000039fa    00000002     --HOLE-- [fill = 0]
                  000039fc    00000078                                   : memory.c.obj (.text:malloc)
                  00003a74    0000006e                                   : _printfi.c.obj (.text:_mcpy)
                  00003ae2    00000002     --HOLE-- [fill = 0]
                  00003ae4    0000006c     music.obj (.text)
                  00003b50    00000068     rtsv7M4_T_le_v4SPD16_eabi.lib : copy_decompress_lzss.c.obj (.text:decompress:lzss:__TI_decompress_lzss)
                  00003bb8    00000064                                   : s_frexp.c.obj (.text:frexp)
                  00003c1c    00000056                                   : _printfi.c.obj (.text:_pconv_f)
                  00003c72    00000054                                   : ltoa.c.obj (.text:ltoa)
                  00003cc6    00000052                                   : _printfi.c.obj (.text:_ecpy)
                  00003d18    0000004c                                   : atoi.c.obj (.text:atoi)
                  00003d64    00000048                                   : fd_toi_t2.asm.obj (.text)
                  00003dac    00000044                                   : autoinit.c.obj (.text:__TI_auto_init_nobinit_nopinit:__TI_auto_init_nobinit_nopinit)
                  00003df0    00000044                                   : fd_tou_t2.asm.obj (.text)
                  00003e34    00000040                                   : sprintf.c.obj (.text:sprintf)
                  00003e74    00000040                                   : vsnprintf.c.obj (.text:vsnprintf)
                  00003eb4    0000003e                                   : _printfi.c.obj (.text:_fcpy)
                  00003ef2    00000002     --HOLE-- [fill = 0]
                  00003ef4    0000003c                                   : memory.c.obj (.text:minsert)
                  00003f30    00000038                                   : boot_cortex_m.c.obj (.text:_c_int00_noargs:_c_int00_noargs)
                  00003f68    00000038                                   : memory.c.obj (.text:minit)
                  00003fa0    00000034     driverlib.lib : interrupt.obj (.text:IntRegister)
                  00003fd4    00000030     rtsv7M4_T_le_v4SPD16_eabi.lib : vsnprintf.c.obj (.text:_outs)
                  00004004    0000002e                                   : i_tofd_t2.asm.obj (.text)
                  00004032    0000002a                                   : memory.c.obj (.text:calloc)
                  0000405c    00000028                                   : memory.c.obj (.text:mremove)
                  00004084    00000020                                   : u_tofd_t2.asm.obj (.text)
                  000040a4    0000001c                                   : memccpy.c.obj (.text:memccpy)
                  000040c0    00000018                                   : vsnprintf.c.obj (.text:_outc)
                  000040d8    00000018                                   : sprintf.c.obj (.text:_outs)
                  000040f0    00000018     open_interface.obj (.text:oi_parseInt)
                  00004108    00000018     rtsv7M4_T_le_v4SPD16_eabi.lib : strcmp.c.obj (.text:strcmp)
                  00004120    00000016                                   : strchr.c.obj (.text:strchr)
                  00004136    00000014                                   : s_copysign.c.obj (.text:copysign)
                  0000414a    00000014                                   : strcpy.c.obj (.text:strcpy)
                  0000415e    00000014                                   : strlen.c.obj (.text:strlen)
                  00004172    00000012                                   : copy_zero_init.c.obj (.text:decompress:ZI:__TI_zero_init_nomemset:__TI_zero_init_nomemset)
                  00004184    00000012                                   : wcslen.c.obj (.text:wcslen)
                  00004196    00000010     driverlib.lib : interrupt.obj (.text:IntMasterEnable)
                  000041a6    00000010     lcd.obj (.text:lcd_clear)
                  000041b6    0000000e     rtsv7M4_T_le_v4SPD16_eabi.lib : copy_decompress_none.c.obj (.text:decompress:none:__TI_decompress_none)
                  000041c4    0000000c     driverlib.lib : cpu.obj (.text:CPUcpsie)
                  000041d0    0000000c     tm4c123gh6pm_startup_ccs.obj (.text)
                  000041dc    0000000a     rtsv7M4_T_le_v4SPD16_eabi.lib : sprintf.c.obj (.text:_outc)
                  000041e6    00000002     --HOLE-- [fill = 0]
                  000041e8    00000008                                   : errno.c.obj (.text:__aeabi_errno_addr)
                  000041f0    00000004                                   : pre_init.c.obj (.text:_system_pre_init)
                  000041f4    00000004                                   : exit.c.obj (.text:abort:abort)

.const     0    000041f8    0000019c     
                  000041f8    00000101     rtsv7M4_T_le_v4SPD16_eabi.lib : ctype.c.obj (.const:.string:_ctypes_)
                  000042f9    00000024     music.obj (.const:.string:$P$T2$3)
                  0000431d    00000024     music.obj (.const:.string:$P$T3$4)
                  00004341    0000001e     music.obj (.const:.string:$P$T0$1)
                  0000435f    0000001e     music.obj (.const:.string:$P$T1$2)
                  0000437d    0000000f     open_interface.obj (.const:.string:$P$T0$3)
                  0000438c    00000004     lcd.obj (.const:.string:lineAddress$1)
                  00004390    00000004     lcd.obj (.const:.string:lineAddresses$2)

.cinit     0    00004398    00000078     
                  00004398    00000040     (.cinit..data.load) [load image, compression = lzss]
                  000043d8    0000000c     (__TI_handler_table)
                  000043e4    00000004     --HOLE-- [fill = 0]
                  000043e8    00000008     (.cinit..bss.load) [load image, compression = zero_init]
                  000043f0    00000008     (.cinit..vtable.load) [load image, compression = zero_init]
                  000043f8    00000018     (__TI_cinit_table)

.init_array 
*          0    00000000    00000000     UNINITIALIZED

.vtable    0    20000000    0000026c     UNINITIALIZED
                  20000000    0000026c     driverlib.lib : interrupt.obj (.vtable)

.stack     0    20000270    00000800     UNINITIALIZED
                  20000270    00000004     rtsv7M4_T_le_v4SPD16_eabi.lib : boot_cortex_m.c.obj (.stack)
                  20000274    000007fc     --HOLE--

.sysmem    0    20000a70    00000400     UNINITIALIZED
                  20000a70    00000008     rtsv7M4_T_le_v4SPD16_eabi.lib : memory.c.obj (.sysmem)
                  20000a78    000003f8     --HOLE--

.bss       0    20000e70    00000094     UNINITIALIZED
                  20000e70    00000054     lcd.obj (.bss:lastbuffer$3)
                  20000ec4    00000020     (.common:string)
                  20000ee4    00000018     open_interface.obj (.bss:firmware$2)
                  20000efc    00000004     (.common:sensor_data)
                  20000f00    00000004     (.common:time_diff)

.data      0    20000f04    00000070     UNINITIALIZED
                  20000f04    00000024     main.obj (.data)
                  20000f28    00000011     SonarSensor.obj (.data)
                  20000f39    00000003     --HOLE--
                  20000f3c    00000010     Servo.obj (.data)
                  20000f4c    00000010     open_interface.obj (.data)
                  20000f5c    0000000c     rtsv7M4_T_le_v4SPD16_eabi.lib : memory.c.obj (.data:$O1$$)
                  20000f68    00000008                                   : _lock.c.obj (.data:$O1$$)
                  20000f70    00000004                                   : errno.c.obj (.data)

MODULE SUMMARY

       Module                         code    ro data   rw data
       ------                         ----    -------   -------
    .\
       open_interface.obj             2720    15        40     
       main.obj                       988     0         68     
       lcd.obj                        764     8         84     
       tm4c123gh6pm_startup_ccs.obj   12      620       0      
       SonarSensor.obj                496     0         21     
       IRSensor.obj                   380     0         0      
       timer.obj                      344     0         0      
       uart.obj                       320     0         0      
       Servo.obj                      292     0         16     
       ContactSensors.obj             280     0         4      
       music.obj                      108     132       0      
    +--+------------------------------+-------+---------+---------+
       Total:                         6704    775       233    
                                                               
    C:/ti/TivaWare_C_Series-2.1.4.178/driverlib/ccs/Debug/driverlib.lib
       interrupt.obj                  68      0         620    
       cpu.obj                        12      0         0      
    +--+------------------------------+-------+---------+---------+
       Total:                         80      0         620    
                                                               
    C:\ti\ccsv8\tools\compiler\ti-cgt-arm_18.1.2.LTS\lib\rtsv7M4_T_le_v4SPD16_eabi.lib
       _printfi.c.obj                 4863    0         0      
       e_log.c.obj                    964     0         0      
       memory.c.obj                   534     0         12     
       fd_add_t2.asm.obj              438     0         0      
       fd_div_t2.asm.obj              310     0         0      
       s_scalbn.c.obj                 272     0         0      
       fd_cmp_t2.asm.obj              268     0         0      
       ctype.c.obj                    0       257       0      
       fd_mul_t2.asm.obj              252     0         0      
       memcpy_t2.asm.obj              156     0         0      
       ull_div_t2.asm.obj             150     0         0      
       vsnprintf.c.obj                136     0         0      
       memset_t2.asm.obj              122     0         0      
       copy_decompress_lzss.c.obj     104     0         0      
       s_frexp.c.obj                  100     0         0      
       sprintf.c.obj                  98      0         0      
       ltoa.c.obj                     84      0         0      
       atoi.c.obj                     76      0         0      
       fd_toi_t2.asm.obj              72      0         0      
       autoinit.c.obj                 68      0         0      
       fd_tou_t2.asm.obj              68      0         0      
       boot_cortex_m.c.obj            56      0         0      
       i_tofd_t2.asm.obj              46      0         0      
       u_tofd_t2.asm.obj              32      0         0      
       memccpy.c.obj                  28      0         0      
       strcmp.c.obj                   24      0         0      
       strchr.c.obj                   22      0         0      
       s_copysign.c.obj               20      0         0      
       strcpy.c.obj                   20      0         0      
       strlen.c.obj                   20      0         0      
       copy_zero_init.c.obj           18      0         0      
       wcslen.c.obj                   18      0         0      
       copy_decompress_none.c.obj     14      0         0      
       errno.c.obj                    8       0         4      
       _lock.c.obj                    2       0         8      
       exit.c.obj                     4       0         0      
       pre_init.c.obj                 4       0         0      
       div0.asm.obj                   2       0         0      
    +--+------------------------------+-------+---------+---------+
       Total:                         9473    257       24     
                                                               
       Heap:                          0       0         1024   
       Stack:                         0       0         2048   
       Linker Generated:              0       116       0      
    +--+------------------------------+-------+---------+---------+
       Grand Total:                   16257   1148      3949   


LINKER GENERATED COPY TABLES

__TI_cinit_table @ 000043f8 records: 3, size/record: 8, table size: 24
	.data: load addr=00004398, load size=00000040 bytes, run addr=20000f04, run size=00000070 bytes, compression=lzss
	.bss: load addr=000043e8, load size=00000008 bytes, run addr=20000e70, run size=00000094 bytes, compression=zero_init
	.vtable: load addr=000043f0, load size=00000008 bytes, run addr=20000000, run size=0000026c bytes, compression=zero_init


LINKER GENERATED HANDLER TABLE

__TI_handler_table @ 000043d8 records: 3, size/record: 4, table size: 12
	index: 0, handler: __TI_zero_init
	index: 1, handler: __TI_decompress_lzss
	index: 2, handler: __TI_decompress_none


GLOBAL SYMBOLS: SORTED ALPHABETICALLY BY Name 

address   name                          
-------   ----                          
000041f5  C$$EXIT                       
000041c5  CPUcpsie                      
00000b65  GPIOF_Handler                 
20000f1c  IR_dist                       
00002a01  IR_distance_calc              
00004197  IntMasterEnable               
00003fa1  IntRegister                   
000041d1  ResetISR                      
00002527  TIMER3B_Handler               
20000a70  __STACK_END                   
00000800  __STACK_SIZE                  
20000470  __STACK_TOP                   
00000400  __SYSMEM_SIZE                 
000043f8  __TI_CINIT_Base               
00004410  __TI_CINIT_Limit              
000043d8  __TI_Handler_Table_Base       
000043e4  __TI_Handler_Table_Limit      
00003dad  __TI_auto_init_nobinit_nopinit
00003b51  __TI_decompress_lzss          
000041b7  __TI_decompress_none          
ffffffff  __TI_pprof_out_hndl           
00000cf5  __TI_printfi                  
ffffffff  __TI_prof_data_size           
ffffffff  __TI_prof_data_start          
00000000  __TI_static_base__            
00004173  __TI_zero_init_nomemset       
00003875  __aeabi_cdcmpeq               
00003875  __aeabi_cdcmple               
000038fb  __aeabi_cdrcmple              
00003d65  __aeabi_d2iz                  
00003df1  __aeabi_d2uiz                 
0000281b  __aeabi_dadd                  
00002f19  __aeabi_ddiv                  
000034bd  __aeabi_dmul                  
00002811  __aeabi_dsub                  
000041e9  __aeabi_errno_addr            
00004005  __aeabi_i2d                   
000029c7  __aeabi_idiv0                 
000029c7  __aeabi_ldiv0                 
00003981  __aeabi_memclr                
00003981  __aeabi_memclr4               
00003981  __aeabi_memclr8               
00003743  __aeabi_memcpy                
00003743  __aeabi_memcpy4               
00003743  __aeabi_memcpy8               
00003983  __aeabi_memset                
00003983  __aeabi_memset4               
00003983  __aeabi_memset8               
00004085  __aeabi_ui2d                  
000037df  __aeabi_uldivmod              
ffffffff  __binit__                     
ffffffff  __c_args__                    
UNDEFED   __mpu_init                    
20000270  __stack                       
00003f31  _c_int00_noargs               
000041f8  _ctypes_                      
20000f68  _lock                         
00001753  _nop                          
20000a70  _sys_memory                   
UNDEFED   _system_post_cinit            
000041f1  _system_pre_init              
20000f6c  _unlock                       
000041f5  abort                         
00003d19  atoi                          
ffffffff  binit                         
00003363  boundaryHit                   
000032b1  bumperHitLeft                 
000032c5  bumperHitRight                
00004033  calloc                        
000032ed  cliffFrontLeft                
00003301  cliffFrontRight               
000032d9  cliffMiddleLeft               
00003315  cliffMiddleRight              
00004137  copysign                      
00004137  copysignl                     
20000f2c  current_time                  
00002451  cycles2dist                   
00002469  cycles2ms                     
20000f70  errno                         
000035b9  free                          
00003bb9  frexp                         
00003bb9  frexpl                        
20000000  g_pfnRAMVectors               
00000000  g_pfnVectors                  
00000b7f  getDegrees                    
000029c9  get_IR_dist                   
00000921  go_charge                     
20000f44  highCalibrate                 
20000f28  last_time                     
000041a7  lcd_clear                     
0000208d  lcd_gotoLine                  
00001ef5  lcd_init                      
000020f3  lcd_printf                    
00001fb5  lcd_putc                      
00001fed  lcd_puts                      
0000200b  lcd_sendCommand               
00002049  lcd_sendNibble                
000020b5  lcd_setCursorPos              
000033ad  ldexp                         
000033ad  ldexpl                        
20000f04  left_wheel_speed              
20000f08  left_wheel_speed_turn         
00003ae5  loadSongs                     
00001b31  log                           
00001b31  logl                          
20000f40  lowCalibrate                  
00003c73  ltoa                          
00001835  main                          
000039fd  malloc                        
000040a5  memccpy                       
00003743  memcpy                        
00003989  memset                        
00003f69  minit                         
00003051  move_servo                    
0000026d  oi_alloc                      
00000a4b  oi_checkFirmware              
000002c3  oi_close                      
00000279  oi_free                       
000002ad  oi_init                       
00000289  oi_init_noupdate              
000008b7  oi_loadSong                   
000040f1  oi_parseInt                   
00000327  oi_parsePacket                
0000090d  oi_play_song                  
00000831  oi_setLeds                    
00000875  oi_setWheels                  
00000af3  oi_shutoff_init               
0000092f  oi_uartInit                   
000009d3  oi_uartReceive                
00000a19  oi_uartSendBuff               
000009b7  oi_uartSendChar               
000009fb  oi_uartSendStr                
000002d5  oi_update                     
20000f34  overflow                      
20000f3c  period_width                  
000024d7  ping_read                     
20000f38  ready                         
20000f0c  right_wheel_speed             
20000f10  right_wheel_speed_turn        
000033ad  scalbn                        
000033ad  scalbnl                       
00001755  scan                          
0000247d  send_pulse                    
00003329  sensorTrip                    
20000f14  sensorTripDistance            
20000efc  sensor_data                   
00003295  setup_ContactSensors          
00002a67  setup_IR                      
00002563  setup_PING                    
000030b5  setup_servo                   
20000f24  sonar_cycles                  
20000f20  sonar_dist                    
00003e35  sprintf                       
00004121  strchr                        
00004109  strcmp                        
0000414b  strcpy                        
20000ec4  string                        
0000415f  strlen                        
20000f48  timeBuffer                    
20000f00  time_diff                     
20000f18  timer_30degree_calibration    
00002c55  timer_getClock                
00002c09  timer_startClock              
00002ba3  timer_startTimer              
00002c5b  timer_stopClock               
00002bf3  timer_stopTimer               
00002b79  timer_waitMicros              
00002b45  timer_waitMillis              
00002c9d  uart_init                     
00002d65  uart_receive                  
00002d49  uart_sendBits                 
00002d2d  uart_sendChar                 
00002d8b  uart_sendStr                  
000032a5  updateContactSensors          
00003e75  vsnprintf                     
20000f30  waiting_fall_flag             
00004185  wcslen                        


GLOBAL SYMBOLS: SORTED BY Symbol Address 

address   name                          
-------   ----                          
00000000  __TI_static_base__            
00000000  g_pfnVectors                  
0000026d  oi_alloc                      
00000279  oi_free                       
00000289  oi_init_noupdate              
000002ad  oi_init                       
000002c3  oi_close                      
000002d5  oi_update                     
00000327  oi_parsePacket                
00000400  __SYSMEM_SIZE                 
00000800  __STACK_SIZE                  
00000831  oi_setLeds                    
00000875  oi_setWheels                  
000008b7  oi_loadSong                   
0000090d  oi_play_song                  
00000921  go_charge                     
0000092f  oi_uartInit                   
000009b7  oi_uartSendChar               
000009d3  oi_uartReceive                
000009fb  oi_uartSendStr                
00000a19  oi_uartSendBuff               
00000a4b  oi_checkFirmware              
00000af3  oi_shutoff_init               
00000b65  GPIOF_Handler                 
00000b7f  getDegrees                    
00000cf5  __TI_printfi                  
00001753  _nop                          
00001755  scan                          
00001835  main                          
00001b31  log                           
00001b31  logl                          
00001ef5  lcd_init                      
00001fb5  lcd_putc                      
00001fed  lcd_puts                      
0000200b  lcd_sendCommand               
00002049  lcd_sendNibble                
0000208d  lcd_gotoLine                  
000020b5  lcd_setCursorPos              
000020f3  lcd_printf                    
00002451  cycles2dist                   
00002469  cycles2ms                     
0000247d  send_pulse                    
000024d7  ping_read                     
00002527  TIMER3B_Handler               
00002563  setup_PING                    
00002811  __aeabi_dsub                  
0000281b  __aeabi_dadd                  
000029c7  __aeabi_idiv0                 
000029c7  __aeabi_ldiv0                 
000029c9  get_IR_dist                   
00002a01  IR_distance_calc              
00002a67  setup_IR                      
00002b45  timer_waitMillis              
00002b79  timer_waitMicros              
00002ba3  timer_startTimer              
00002bf3  timer_stopTimer               
00002c09  timer_startClock              
00002c55  timer_getClock                
00002c5b  timer_stopClock               
00002c9d  uart_init                     
00002d2d  uart_sendChar                 
00002d49  uart_sendBits                 
00002d65  uart_receive                  
00002d8b  uart_sendStr                  
00002f19  __aeabi_ddiv                  
00003051  move_servo                    
000030b5  setup_servo                   
00003295  setup_ContactSensors          
000032a5  updateContactSensors          
000032b1  bumperHitLeft                 
000032c5  bumperHitRight                
000032d9  cliffMiddleLeft               
000032ed  cliffFrontLeft                
00003301  cliffFrontRight               
00003315  cliffMiddleRight              
00003329  sensorTrip                    
00003363  boundaryHit                   
000033ad  ldexp                         
000033ad  ldexpl                        
000033ad  scalbn                        
000033ad  scalbnl                       
000034bd  __aeabi_dmul                  
000035b9  free                          
00003743  __aeabi_memcpy                
00003743  __aeabi_memcpy4               
00003743  __aeabi_memcpy8               
00003743  memcpy                        
000037df  __aeabi_uldivmod              
00003875  __aeabi_cdcmpeq               
00003875  __aeabi_cdcmple               
000038fb  __aeabi_cdrcmple              
00003981  __aeabi_memclr                
00003981  __aeabi_memclr4               
00003981  __aeabi_memclr8               
00003983  __aeabi_memset                
00003983  __aeabi_memset4               
00003983  __aeabi_memset8               
00003989  memset                        
000039fd  malloc                        
00003ae5  loadSongs                     
00003b51  __TI_decompress_lzss          
00003bb9  frexp                         
00003bb9  frexpl                        
00003c73  ltoa                          
00003d19  atoi                          
00003d65  __aeabi_d2iz                  
00003dad  __TI_auto_init_nobinit_nopinit
00003df1  __aeabi_d2uiz                 
00003e35  sprintf                       
00003e75  vsnprintf                     
00003f31  _c_int00_noargs               
00003f69  minit                         
00003fa1  IntRegister                   
00004005  __aeabi_i2d                   
00004033  calloc                        
00004085  __aeabi_ui2d                  
000040a5  memccpy                       
000040f1  oi_parseInt                   
00004109  strcmp                        
00004121  strchr                        
00004137  copysign                      
00004137  copysignl                     
0000414b  strcpy                        
0000415f  strlen                        
00004173  __TI_zero_init_nomemset       
00004185  wcslen                        
00004197  IntMasterEnable               
000041a7  lcd_clear                     
000041b7  __TI_decompress_none          
000041c5  CPUcpsie                      
000041d1  ResetISR                      
000041e9  __aeabi_errno_addr            
000041f1  _system_pre_init              
000041f5  C$$EXIT                       
000041f5  abort                         
000041f8  _ctypes_                      
000043d8  __TI_Handler_Table_Base       
000043e4  __TI_Handler_Table_Limit      
000043f8  __TI_CINIT_Base               
00004410  __TI_CINIT_Limit              
20000000  g_pfnRAMVectors               
20000270  __stack                       
20000470  __STACK_TOP                   
20000a70  __STACK_END                   
20000a70  _sys_memory                   
20000ec4  string                        
20000efc  sensor_data                   
20000f00  time_diff                     
20000f04  left_wheel_speed              
20000f08  left_wheel_speed_turn         
20000f0c  right_wheel_speed             
20000f10  right_wheel_speed_turn        
20000f14  sensorTripDistance            
20000f18  timer_30degree_calibration    
20000f1c  IR_dist                       
20000f20  sonar_dist                    
20000f24  sonar_cycles                  
20000f28  last_time                     
20000f2c  current_time                  
20000f30  waiting_fall_flag             
20000f34  overflow                      
20000f38  ready                         
20000f3c  period_width                  
20000f40  lowCalibrate                  
20000f44  highCalibrate                 
20000f48  timeBuffer                    
20000f68  _lock                         
20000f6c  _unlock                       
20000f70  errno                         
ffffffff  __TI_pprof_out_hndl           
ffffffff  __TI_prof_data_size           
ffffffff  __TI_prof_data_start          
ffffffff  __binit__                     
ffffffff  __c_args__                    
ffffffff  binit                         
UNDEFED   __mpu_init                    
UNDEFED   _system_post_cinit            

[177 symbols]
