******************************************************************************
                  TI ARM Linker PC v18.1.2                     
******************************************************************************
>> Linked Fri Nov  9 22:43:45 2018

OUTPUT FILE NAME:   <CPRE288FinalProjectSearchBotTheSpice.out>
ENTRY POINT SYMBOL: "_c_int00_noargs"  address: 00003b7d


MEMORY CONFIGURATION

         name            origin    length      used     unused   attr    fill
----------------------  --------  ---------  --------  --------  ----  --------
  FLASH                 00000000   00040000  00003fc4  0003c03c  R  X
  SRAM                  20000000   00008000  00000f2c  000070d4  RW X


SEGMENT ALLOCATION MAP

run origin  load origin   length   init length attrs members
----------  ----------- ---------- ----------- ----- -------
00000000    00000000    00003fc8   00003fc8    r-x
  00000000    00000000    0000026c   0000026c    r-- .intvecs
  0000026c    0000026c    00003bd8   00003bd8    r-x .text
  00003e44    00003e44    00000118   00000118    r-- .const
  00003f60    00003f60    00000068   00000068    r-- .cinit
20000000    20000000    00000f30   00000000    rw-
  20000000    20000000    0000026c   00000000    rw- .vtable
  20000270    20000270    00000800   00000000    rw- .stack
  20000a70    20000a70    00000400   00000000    rw- .sysmem
  20000e70    20000e70    00000070   00000000    rw- .bss
  20000ee0    20000ee0    00000050   00000000    rw- .data


SECTION ALLOCATION MAP

 output                                  attributes/
section   page    origin      length       input sections
--------  ----  ----------  ----------   ----------------
.intvecs   0    00000000    0000026c     
                  00000000    0000026c     tm4c123gh6pm_startup_ccs.obj (.intvecs)

.text      0    0000026c    00003bd8     
                  0000026c    00000a88     open_interface.obj (.text)
                  00000cf4    00000a5e     rtsv7M4_T_le_v4SPD16_eabi.lib : _printfi.c.obj (.text:__TI_printfi)
                  00001752    00000002                                   : _lock.c.obj (.text:_nop)
                  00001754    000003c4                                   : e_log.c.obj (.text:log)
                  00001b18    000002ec     lcd.obj (.text)
                  00001e04    00000270     rtsv7M4_T_le_v4SPD16_eabi.lib : _printfi.c.obj (.text:_pconv_a)
                  00002074    000001f0     SonarSensor.obj (.text)
                  00002264    000001d0     rtsv7M4_T_le_v4SPD16_eabi.lib : _printfi.c.obj (.text:_pconv_g)
                  00002434    000001b6                                   : fd_add_t2.asm.obj (.text)
                  000025ea    00000002                                   : div0.asm.obj (.text)
                  000025ec    000001a8     main.obj (.text)
                  00002794    0000017c     IRSensor.obj (.text)
                  00002910    00000158     timer.obj (.text)
                  00002a68    00000140     uart.obj (.text)
                  00002ba8    0000013c     rtsv7M4_T_le_v4SPD16_eabi.lib : _printfi.c.obj (.text:_pconv_e)
                  00002ce4    00000136                                   : fd_div_t2.asm.obj (.text)
                  00002e1a    00000002     --HOLE-- [fill = 0]
                  00002e1c    00000128     Servo.obj (.text)
                  00002f44    00000120     rtsv7M4_T_le_v4SPD16_eabi.lib : _printfi.c.obj (.text:fcvt)
                  00003064    00000110                                   : s_scalbn.c.obj (.text:scalbn)
                  00003174    000000fc                                   : fd_mul_t2.asm.obj (.text)
                  00003270    000000d8                                   : memory.c.obj (.text:free)
                  00003348    000000b1                                   : _printfi.c.obj (.text:_ltostr)
                  000033f9    00000001     --HOLE-- [fill = 0]
                  000033fa    0000009c                                   : memcpy_t2.asm.obj (.text)
                  00003496    00000096                                   : ull_div_t2.asm.obj (.text)
                  0000352c    00000086                                   : fd_cmp_t2.asm.obj (.text:__aeabi_cdcmple)
                  000035b2    00000086                                   : fd_cmp_t2.asm.obj (.text:__aeabi_cdrcmple)
                  00003638    0000007a                                   : memset_t2.asm.obj (.text)
                  000036b2    00000002     --HOLE-- [fill = 0]
                  000036b4    00000078                                   : memory.c.obj (.text:malloc)
                  0000372c    0000006e                                   : _printfi.c.obj (.text:_mcpy)
                  0000379a    00000068                                   : copy_decompress_lzss.c.obj (.text:decompress:lzss:__TI_decompress_lzss)
                  00003802    00000002     --HOLE-- [fill = 0]
                  00003804    00000064                                   : s_frexp.c.obj (.text:frexp)
                  00003868    00000056                                   : _printfi.c.obj (.text:_pconv_f)
                  000038be    00000054                                   : ltoa.c.obj (.text:ltoa)
                  00003912    00000052                                   : _printfi.c.obj (.text:_ecpy)
                  00003964    0000004c                                   : atoi.c.obj (.text:atoi)
                  000039b0    00000048                                   : fd_toi_t2.asm.obj (.text)
                  000039f8    00000044                                   : autoinit.c.obj (.text:__TI_auto_init_nobinit_nopinit:__TI_auto_init_nobinit_nopinit)
                  00003a3c    00000044                                   : fd_tou_t2.asm.obj (.text)
                  00003a80    00000040                                   : sprintf.c.obj (.text:sprintf)
                  00003ac0    00000040                                   : vsnprintf.c.obj (.text:vsnprintf)
                  00003b00    0000003e                                   : _printfi.c.obj (.text:_fcpy)
                  00003b3e    00000002     --HOLE-- [fill = 0]
                  00003b40    0000003c                                   : memory.c.obj (.text:minsert)
                  00003b7c    00000038                                   : boot_cortex_m.c.obj (.text:_c_int00_noargs:_c_int00_noargs)
                  00003bb4    00000038                                   : memory.c.obj (.text:minit)
                  00003bec    00000034     driverlib.lib : interrupt.obj (.text:IntRegister)
                  00003c20    00000030     rtsv7M4_T_le_v4SPD16_eabi.lib : vsnprintf.c.obj (.text:_outs)
                  00003c50    0000002e                                   : i_tofd_t2.asm.obj (.text)
                  00003c7e    0000002a                                   : memory.c.obj (.text:calloc)
                  00003ca8    00000028                                   : memory.c.obj (.text:mremove)
                  00003cd0    00000020                                   : u_tofd_t2.asm.obj (.text)
                  00003cf0    0000001c                                   : memccpy.c.obj (.text:memccpy)
                  00003d0c    00000018                                   : vsnprintf.c.obj (.text:_outc)
                  00003d24    00000018                                   : sprintf.c.obj (.text:_outs)
                  00003d3c    00000018     open_interface.obj (.text:oi_parseInt)
                  00003d54    00000018     rtsv7M4_T_le_v4SPD16_eabi.lib : strcmp.c.obj (.text:strcmp)
                  00003d6c    00000016                                   : strchr.c.obj (.text:strchr)
                  00003d82    00000014                                   : s_copysign.c.obj (.text:copysign)
                  00003d96    00000014                                   : strcpy.c.obj (.text:strcpy)
                  00003daa    00000014                                   : strlen.c.obj (.text:strlen)
                  00003dbe    00000012                                   : copy_zero_init.c.obj (.text:decompress:ZI:__TI_zero_init_nomemset:__TI_zero_init_nomemset)
                  00003dd0    00000012                                   : wcslen.c.obj (.text:wcslen)
                  00003de2    00000010     driverlib.lib : interrupt.obj (.text:IntMasterEnable)
                  00003df2    00000010     lcd.obj (.text:lcd_clear)
                  00003e02    0000000e     rtsv7M4_T_le_v4SPD16_eabi.lib : copy_decompress_none.c.obj (.text:decompress:none:__TI_decompress_none)
                  00003e10    0000000c     driverlib.lib : cpu.obj (.text:CPUcpsie)
                  00003e1c    0000000c     tm4c123gh6pm_startup_ccs.obj (.text)
                  00003e28    0000000a     rtsv7M4_T_le_v4SPD16_eabi.lib : sprintf.c.obj (.text:_outc)
                  00003e32    00000002     --HOLE-- [fill = 0]
                  00003e34    00000008                                   : errno.c.obj (.text:__aeabi_errno_addr)
                  00003e3c    00000004                                   : pre_init.c.obj (.text:_system_pre_init)
                  00003e40    00000004                                   : exit.c.obj (.text:abort:abort)

.const     0    00003e44    00000118     
                  00003e44    00000101     rtsv7M4_T_le_v4SPD16_eabi.lib : ctype.c.obj (.const:.string:_ctypes_)
                  00003f45    0000000f     open_interface.obj (.const:.string:$P$T0$3)
                  00003f54    00000004     lcd.obj (.const:.string:lineAddress$1)
                  00003f58    00000004     lcd.obj (.const:.string:lineAddresses$2)

.cinit     0    00003f60    00000068     
                  00003f60    0000002e     (.cinit..data.load) [load image, compression = lzss]
                  00003f8e    00000002     --HOLE-- [fill = 0]
                  00003f90    0000000c     (__TI_handler_table)
                  00003f9c    00000004     --HOLE-- [fill = 0]
                  00003fa0    00000008     (.cinit..bss.load) [load image, compression = zero_init]
                  00003fa8    00000008     (.cinit..vtable.load) [load image, compression = zero_init]
                  00003fb0    00000018     (__TI_cinit_table)

.init_array 
*          0    00000000    00000000     UNINITIALIZED

.vtable    0    20000000    0000026c     UNINITIALIZED
                  20000000    0000026c     driverlib.lib : interrupt.obj (.vtable)

.stack     0    20000270    00000800     UNINITIALIZED
                  20000270    00000004     rtsv7M4_T_le_v4SPD16_eabi.lib : boot_cortex_m.c.obj (.stack)
                  20000274    000007fc     --HOLE--

.sysmem    0    20000a70    00000400     UNINITIALIZED
                  20000a70    00000008     rtsv7M4_T_le_v4SPD16_eabi.lib : memory.c.obj (.sysmem)
                  20000a78    000003f8     --HOLE--

.bss       0    20000e70    00000070     UNINITIALIZED
                  20000e70    00000054     lcd.obj (.bss:lastbuffer$3)
                  20000ec4    00000018     open_interface.obj (.bss:firmware$2)
                  20000edc    00000004     (.common:time_diff)

.data      0    20000ee0    00000050     UNINITIALIZED
                  20000ee0    00000014     Servo.obj (.data)
                  20000ef4    00000011     SonarSensor.obj (.data)
                  20000f05    00000003     --HOLE--
                  20000f08    00000010     open_interface.obj (.data)
                  20000f18    0000000c     rtsv7M4_T_le_v4SPD16_eabi.lib : memory.c.obj (.data:$O1$$)
                  20000f24    00000008                                   : _lock.c.obj (.data:$O1$$)
                  20000f2c    00000004                                   : errno.c.obj (.data)

MODULE SUMMARY

       Module                         code    ro data   rw data
       ------                         ----    -------   -------
    .\
       open_interface.obj             2720    15        40     
       lcd.obj                        764     8         84     
       tm4c123gh6pm_startup_ccs.obj   12      620       0      
       SonarSensor.obj                496     0         21     
       main.obj                       424     0         0      
       IRSensor.obj                   380     0         0      
       timer.obj                      344     0         0      
       uart.obj                       320     0         0      
       Servo.obj                      296     0         20     
    +--+------------------------------+-------+---------+---------+
       Total:                         5756    643       165    
                                                               
    C:/ti/TivaWare_C_Series-2.1.4.178/driverlib/ccs/Debug/driverlib.lib
       interrupt.obj                  68      0         620    
       cpu.obj                        12      0         0      
    +--+------------------------------+-------+---------+---------+
       Total:                         80      0         620    
                                                               
    C:\ti\ccsv8\tools\compiler\ti-cgt-arm_18.1.2.LTS\lib\rtsv7M4_T_le_v4SPD16_eabi.lib
       _printfi.c.obj                 4863    0         0      
       e_log.c.obj                    964     0         0      
       memory.c.obj                   534     0         12     
       fd_add_t2.asm.obj              438     0         0      
       fd_div_t2.asm.obj              310     0         0      
       s_scalbn.c.obj                 272     0         0      
       fd_cmp_t2.asm.obj              268     0         0      
       ctype.c.obj                    0       257       0      
       fd_mul_t2.asm.obj              252     0         0      
       memcpy_t2.asm.obj              156     0         0      
       ull_div_t2.asm.obj             150     0         0      
       vsnprintf.c.obj                136     0         0      
       memset_t2.asm.obj              122     0         0      
       copy_decompress_lzss.c.obj     104     0         0      
       s_frexp.c.obj                  100     0         0      
       sprintf.c.obj                  98      0         0      
       ltoa.c.obj                     84      0         0      
       atoi.c.obj                     76      0         0      
       fd_toi_t2.asm.obj              72      0         0      
       autoinit.c.obj                 68      0         0      
       fd_tou_t2.asm.obj              68      0         0      
       boot_cortex_m.c.obj            56      0         0      
       i_tofd_t2.asm.obj              46      0         0      
       u_tofd_t2.asm.obj              32      0         0      
       memccpy.c.obj                  28      0         0      
       strcmp.c.obj                   24      0         0      
       strchr.c.obj                   22      0         0      
       s_copysign.c.obj               20      0         0      
       strcpy.c.obj                   20      0         0      
       strlen.c.obj                   20      0         0      
       copy_zero_init.c.obj           18      0         0      
       wcslen.c.obj                   18      0         0      
       copy_decompress_none.c.obj     14      0         0      
       errno.c.obj                    8       0         4      
       _lock.c.obj                    2       0         8      
       exit.c.obj                     4       0         0      
       pre_init.c.obj                 4       0         0      
       div0.asm.obj                   2       0         0      
    +--+------------------------------+-------+---------+---------+
       Total:                         9473    257       24     
                                                               
       Heap:                          0       0         1024   
       Stack:                         0       0         2048   
       Linker Generated:              0       98        0      
    +--+------------------------------+-------+---------+---------+
       Grand Total:                   15309   998       3881   


LINKER GENERATED COPY TABLES

__TI_cinit_table @ 00003fb0 records: 3, size/record: 8, table size: 24
	.data: load addr=00003f60, load size=0000002e bytes, run addr=20000ee0, run size=00000050 bytes, compression=lzss
	.bss: load addr=00003fa0, load size=00000008 bytes, run addr=20000e70, run size=00000070 bytes, compression=zero_init
	.vtable: load addr=00003fa8, load size=00000008 bytes, run addr=20000000, run size=0000026c bytes, compression=zero_init


LINKER GENERATED HANDLER TABLE

__TI_handler_table @ 00003f90 records: 3, size/record: 4, table size: 12
	index: 0, handler: __TI_zero_init
	index: 1, handler: __TI_decompress_lzss
	index: 2, handler: __TI_decompress_none


GLOBAL SYMBOLS: SORTED ALPHABETICALLY BY Name 

address   name                          
-------   ----                          
00003e41  C$$EXIT                       
00003e11  CPUcpsie                      
00000b65  GPIOF_Handler                 
000027cd  IR_distance_calc              
00003de3  IntMasterEnable               
00003bed  IntRegister                   
00003e1d  ResetISR                      
0000214b  TIMER3B_Handler               
20000a70  __STACK_END                   
00000800  __STACK_SIZE                  
20000470  __STACK_TOP                   
00000400  __SYSMEM_SIZE                 
00003fb0  __TI_CINIT_Base               
00003fc8  __TI_CINIT_Limit              
00003f90  __TI_Handler_Table_Base       
00003f9c  __TI_Handler_Table_Limit      
000039f9  __TI_auto_init_nobinit_nopinit
0000379b  __TI_decompress_lzss          
00003e03  __TI_decompress_none          
ffffffff  __TI_pprof_out_hndl           
00000cf5  __TI_printfi                  
ffffffff  __TI_prof_data_size           
ffffffff  __TI_prof_data_start          
00000000  __TI_static_base__            
00003dbf  __TI_zero_init_nomemset       
0000352d  __aeabi_cdcmpeq               
0000352d  __aeabi_cdcmple               
000035b3  __aeabi_cdrcmple              
000039b1  __aeabi_d2iz                  
00003a3d  __aeabi_d2uiz                 
0000243f  __aeabi_dadd                  
00002ce5  __aeabi_ddiv                  
00003175  __aeabi_dmul                  
00002435  __aeabi_dsub                  
00003e35  __aeabi_errno_addr            
00003c51  __aeabi_i2d                   
000025eb  __aeabi_idiv0                 
000025eb  __aeabi_ldiv0                 
00003639  __aeabi_memclr                
00003639  __aeabi_memclr4               
00003639  __aeabi_memclr8               
000033fb  __aeabi_memcpy                
000033fb  __aeabi_memcpy4               
000033fb  __aeabi_memcpy8               
0000363b  __aeabi_memset                
0000363b  __aeabi_memset4               
0000363b  __aeabi_memset8               
00003cd1  __aeabi_ui2d                  
00003497  __aeabi_uldivmod              
ffffffff  __binit__                     
ffffffff  __c_args__                    
UNDEFED   __mpu_init                    
20000270  __stack                       
00003b7d  _c_int00_noargs               
00003e44  _ctypes_                      
20000f24  _lock                         
00001753  _nop                          
20000a70  _sys_memory                   
UNDEFED   _system_post_cinit            
00003e3d  _system_pre_init              
20000f28  _unlock                       
00003e41  abort                         
00003965  atoi                          
ffffffff  binit                         
00003c7f  calloc                        
00003d83  copysign                      
00003d83  copysignl                     
20000ef8  current_time                  
00002075  cycles2dist                   
0000208d  cycles2ms                     
20000f2c  errno                         
00003271  free                          
00003805  frexp                         
00003805  frexpl                        
20000000  g_pfnRAMVectors               
00000000  g_pfnVectors                  
00000b7f  getDegrees                    
00002795  get_IR_dist                   
00000921  go_charge                     
20000eec  highCalibrate                 
20000ef4  last_time                     
00003df3  lcd_clear                     
00001cb1  lcd_gotoLine                  
00001b19  lcd_init                      
00001d17  lcd_printf                    
00001bd9  lcd_putc                      
00001c11  lcd_puts                      
00001c2f  lcd_sendCommand               
00001c6d  lcd_sendNibble                
00001cd9  lcd_setCursorPos              
00003065  ldexp                         
00003065  ldexpl                        
00001755  log                           
00001755  logl                          
20000ee8  lowCalibrate                  
000038bf  ltoa                          
000025ed  main                          
000036b5  malloc                        
00003cf1  memccpy                       
000033fb  memcpy                        
00003641  memset                        
20000ee0  mid_width                     
00003bb5  minit                         
00002e1d  move_servo                    
0000026d  oi_alloc                      
00000a4b  oi_checkFirmware              
000002c3  oi_close                      
00000279  oi_free                       
000002ad  oi_init                       
00000289  oi_init_noupdate              
000008b7  oi_loadSong                   
00003d3d  oi_parseInt                   
00000327  oi_parsePacket                
0000090d  oi_play_song                  
00000831  oi_setLeds                    
00000875  oi_setWheels                  
00000af3  oi_shutoff_init               
0000092f  oi_uartInit                   
000009d3  oi_uartReceive                
00000a19  oi_uartSendBuff               
000009b7  oi_uartSendChar               
000009fb  oi_uartSendStr                
000002d5  oi_update                     
20000f00  overflow                      
20000ee4  period_width                  
000020fb  ping_read                     
20000f04  ready                         
00003065  scalbn                        
00003065  scalbnl                       
000020a1  send_pulse                    
00002833  setup_IR                      
00002187  setup_PING                    
00002e81  setup_servo                   
00003a81  sprintf                       
00003d6d  strchr                        
00003d55  strcmp                        
00003d97  strcpy                        
00003dab  strlen                        
20000ef0  timeBuffer                    
20000edc  time_diff                     
00002a21  timer_getClock                
000029d5  timer_startClock              
0000296f  timer_startTimer              
00002a27  timer_stopClock               
000029bf  timer_stopTimer               
00002945  timer_waitMicros              
00002911  timer_waitMillis              
00002a69  uart_init                     
00002b31  uart_receive                  
00002b15  uart_sendBits                 
00002af9  uart_sendChar                 
00002b57  uart_sendStr                  
00003ac1  vsnprintf                     
20000efc  waiting_fall_flag             
00003dd1  wcslen                        


GLOBAL SYMBOLS: SORTED BY Symbol Address 

address   name                          
-------   ----                          
00000000  __TI_static_base__            
00000000  g_pfnVectors                  
0000026d  oi_alloc                      
00000279  oi_free                       
00000289  oi_init_noupdate              
000002ad  oi_init                       
000002c3  oi_close                      
000002d5  oi_update                     
00000327  oi_parsePacket                
00000400  __SYSMEM_SIZE                 
00000800  __STACK_SIZE                  
00000831  oi_setLeds                    
00000875  oi_setWheels                  
000008b7  oi_loadSong                   
0000090d  oi_play_song                  
00000921  go_charge                     
0000092f  oi_uartInit                   
000009b7  oi_uartSendChar               
000009d3  oi_uartReceive                
000009fb  oi_uartSendStr                
00000a19  oi_uartSendBuff               
00000a4b  oi_checkFirmware              
00000af3  oi_shutoff_init               
00000b65  GPIOF_Handler                 
00000b7f  getDegrees                    
00000cf5  __TI_printfi                  
00001753  _nop                          
00001755  log                           
00001755  logl                          
00001b19  lcd_init                      
00001bd9  lcd_putc                      
00001c11  lcd_puts                      
00001c2f  lcd_sendCommand               
00001c6d  lcd_sendNibble                
00001cb1  lcd_gotoLine                  
00001cd9  lcd_setCursorPos              
00001d17  lcd_printf                    
00002075  cycles2dist                   
0000208d  cycles2ms                     
000020a1  send_pulse                    
000020fb  ping_read                     
0000214b  TIMER3B_Handler               
00002187  setup_PING                    
00002435  __aeabi_dsub                  
0000243f  __aeabi_dadd                  
000025eb  __aeabi_idiv0                 
000025eb  __aeabi_ldiv0                 
000025ed  main                          
00002795  get_IR_dist                   
000027cd  IR_distance_calc              
00002833  setup_IR                      
00002911  timer_waitMillis              
00002945  timer_waitMicros              
0000296f  timer_startTimer              
000029bf  timer_stopTimer               
000029d5  timer_startClock              
00002a21  timer_getClock                
00002a27  timer_stopClock               
00002a69  uart_init                     
00002af9  uart_sendChar                 
00002b15  uart_sendBits                 
00002b31  uart_receive                  
00002b57  uart_sendStr                  
00002ce5  __aeabi_ddiv                  
00002e1d  move_servo                    
00002e81  setup_servo                   
00003065  ldexp                         
00003065  ldexpl                        
00003065  scalbn                        
00003065  scalbnl                       
00003175  __aeabi_dmul                  
00003271  free                          
000033fb  __aeabi_memcpy                
000033fb  __aeabi_memcpy4               
000033fb  __aeabi_memcpy8               
000033fb  memcpy                        
00003497  __aeabi_uldivmod              
0000352d  __aeabi_cdcmpeq               
0000352d  __aeabi_cdcmple               
000035b3  __aeabi_cdrcmple              
00003639  __aeabi_memclr                
00003639  __aeabi_memclr4               
00003639  __aeabi_memclr8               
0000363b  __aeabi_memset                
0000363b  __aeabi_memset4               
0000363b  __aeabi_memset8               
00003641  memset                        
000036b5  malloc                        
0000379b  __TI_decompress_lzss          
00003805  frexp                         
00003805  frexpl                        
000038bf  ltoa                          
00003965  atoi                          
000039b1  __aeabi_d2iz                  
000039f9  __TI_auto_init_nobinit_nopinit
00003a3d  __aeabi_d2uiz                 
00003a81  sprintf                       
00003ac1  vsnprintf                     
00003b7d  _c_int00_noargs               
00003bb5  minit                         
00003bed  IntRegister                   
00003c51  __aeabi_i2d                   
00003c7f  calloc                        
00003cd1  __aeabi_ui2d                  
00003cf1  memccpy                       
00003d3d  oi_parseInt                   
00003d55  strcmp                        
00003d6d  strchr                        
00003d83  copysign                      
00003d83  copysignl                     
00003d97  strcpy                        
00003dab  strlen                        
00003dbf  __TI_zero_init_nomemset       
00003dd1  wcslen                        
00003de3  IntMasterEnable               
00003df3  lcd_clear                     
00003e03  __TI_decompress_none          
00003e11  CPUcpsie                      
00003e1d  ResetISR                      
00003e35  __aeabi_errno_addr            
00003e3d  _system_pre_init              
00003e41  C$$EXIT                       
00003e41  abort                         
00003e44  _ctypes_                      
00003f90  __TI_Handler_Table_Base       
00003f9c  __TI_Handler_Table_Limit      
00003fb0  __TI_CINIT_Base               
00003fc8  __TI_CINIT_Limit              
20000000  g_pfnRAMVectors               
20000270  __stack                       
20000470  __STACK_TOP                   
20000a70  __STACK_END                   
20000a70  _sys_memory                   
20000edc  time_diff                     
20000ee0  mid_width                     
20000ee4  period_width                  
20000ee8  lowCalibrate                  
20000eec  highCalibrate                 
20000ef0  timeBuffer                    
20000ef4  last_time                     
20000ef8  current_time                  
20000efc  waiting_fall_flag             
20000f00  overflow                      
20000f04  ready                         
20000f24  _lock                         
20000f28  _unlock                       
20000f2c  errno                         
ffffffff  __TI_pprof_out_hndl           
ffffffff  __TI_prof_data_size           
ffffffff  __TI_prof_data_start          
ffffffff  __binit__                     
ffffffff  __c_args__                    
ffffffff  binit                         
UNDEFED   __mpu_init                    
UNDEFED   _system_post_cinit            

[155 symbols]
