******************************************************************************
                  TI ARM Linker PC v18.1.2                     
******************************************************************************
>> Linked Tue Nov 27 12:10:46 2018

OUTPUT FILE NAME:   <CPRE288FinalProjectSearchBotTheSpice.out>
ENTRY POINT SYMBOL: "_c_int00_noargs"  address: 00003e2d


MEMORY CONFIGURATION

         name            origin    length      used     unused   attr    fill
----------------------  --------  ---------  --------  --------  ----  --------
  FLASH                 00000000   00040000  000042b0  0003bd50  R  X
  SRAM                  20000000   00008000  00000f70  00007090  RW X


SEGMENT ALLOCATION MAP

run origin  load origin   length   init length attrs members
----------  ----------- ---------- ----------- ----- -------
00000000    00000000    000042b0   000042b0    r-x
  00000000    00000000    0000026c   0000026c    r-- .intvecs
  0000026c    0000026c    00003e88   00003e88    r-x .text
  000040f4    000040f4    00000154   00000154    r-- .const
  00004248    00004248    00000068   00000068    r-- .cinit
20000000    20000000    00000f74   00000000    rw-
  20000000    20000000    0000026c   00000000    rw- .vtable
  20000270    20000270    00000800   00000000    rw- .stack
  20000a70    20000a70    00000400   00000000    rw- .sysmem
  20000e70    20000e70    000000a8   00000000    rw- .bss
  20000f18    20000f18    0000005c   00000000    rw- .data


SECTION ALLOCATION MAP

 output                                  attributes/
section   page    origin      length       input sections
--------  ----  ----------  ----------   ----------------
.intvecs   0    00000000    0000026c     
                  00000000    0000026c     tm4c123gh6pm_startup_ccs.obj (.intvecs)

.text      0    0000026c    00003e88     
                  0000026c    00000a88     open_interface.obj (.text)
                  00000cf4    00000a5e     rtsv7M4_T_le_v4SPD16_eabi.lib : _printfi.c.obj (.text:__TI_printfi)
                  00001752    00000002                                   : _lock.c.obj (.text:_nop)
                  00001754    000003c4                                   : e_log.c.obj (.text:log)
                  00001b18    00000308     main.obj (.text)
                  00001e20    000002ec     lcd.obj (.text)
                  0000210c    00000270     rtsv7M4_T_le_v4SPD16_eabi.lib : _printfi.c.obj (.text:_pconv_a)
                  0000237c    000001f0     SonarSensor.obj (.text)
                  0000256c    000001d0     rtsv7M4_T_le_v4SPD16_eabi.lib : _printfi.c.obj (.text:_pconv_g)
                  0000273c    000001b6                                   : fd_add_t2.asm.obj (.text)
                  000028f2    00000002                                   : div0.asm.obj (.text)
                  000028f4    0000017c     IRSensor.obj (.text)
                  00002a70    00000158     timer.obj (.text)
                  00002bc8    00000140     uart.obj (.text)
                  00002d08    0000013c     rtsv7M4_T_le_v4SPD16_eabi.lib : _printfi.c.obj (.text:_pconv_e)
                  00002e44    00000136                                   : fd_div_t2.asm.obj (.text)
                  00002f7a    00000002     --HOLE-- [fill = 0]
                  00002f7c    00000124     Servo.obj (.text)
                  000030a0    00000120     rtsv7M4_T_le_v4SPD16_eabi.lib : _printfi.c.obj (.text:fcvt)
                  000031c0    00000118     ContactSensors.obj (.text)
                  000032d8    00000110     rtsv7M4_T_le_v4SPD16_eabi.lib : s_scalbn.c.obj (.text:scalbn)
                  000033e8    000000fc                                   : fd_mul_t2.asm.obj (.text)
                  000034e4    000000d8                                   : memory.c.obj (.text:free)
                  000035bc    000000b1                                   : _printfi.c.obj (.text:_ltostr)
                  0000366d    00000001     --HOLE-- [fill = 0]
                  0000366e    0000009c                                   : memcpy_t2.asm.obj (.text)
                  0000370a    00000096                                   : ull_div_t2.asm.obj (.text)
                  000037a0    00000086                                   : fd_cmp_t2.asm.obj (.text:__aeabi_cdcmple)
                  00003826    00000086                                   : fd_cmp_t2.asm.obj (.text:__aeabi_cdrcmple)
                  000038ac    0000007a                                   : memset_t2.asm.obj (.text)
                  00003926    00000002     --HOLE-- [fill = 0]
                  00003928    00000078                                   : memory.c.obj (.text:malloc)
                  000039a0    0000006e                                   : _printfi.c.obj (.text:_mcpy)
                  00003a0e    00000068                                   : copy_decompress_lzss.c.obj (.text:decompress:lzss:__TI_decompress_lzss)
                  00003a76    00000002     --HOLE-- [fill = 0]
                  00003a78    00000064                                   : s_frexp.c.obj (.text:frexp)
                  00003adc    00000056                                   : _printfi.c.obj (.text:_pconv_f)
                  00003b32    00000054                                   : ltoa.c.obj (.text:ltoa)
                  00003b86    00000052                                   : _printfi.c.obj (.text:_ecpy)
                  00003bd8    0000004c                                   : atoi.c.obj (.text:atoi)
                  00003c24    00000048                                   : fd_toi_t2.asm.obj (.text)
                  00003c6c    00000044                                   : autoinit.c.obj (.text:__TI_auto_init_nobinit_nopinit:__TI_auto_init_nobinit_nopinit)
                  00003cb0    00000044                                   : fd_tou_t2.asm.obj (.text)
                  00003cf4    00000040                                   : sprintf.c.obj (.text:sprintf)
                  00003d34    00000040                                   : vsnprintf.c.obj (.text:vsnprintf)
                  00003d74    0000003e                                   : _printfi.c.obj (.text:_fcpy)
                  00003db2    00000002     --HOLE-- [fill = 0]
                  00003db4    0000003c                                   : memory.c.obj (.text:minsert)
                  00003df0    0000003c     music.obj (.text)
                  00003e2c    00000038     rtsv7M4_T_le_v4SPD16_eabi.lib : boot_cortex_m.c.obj (.text:_c_int00_noargs:_c_int00_noargs)
                  00003e64    00000038                                   : memory.c.obj (.text:minit)
                  00003e9c    00000034     driverlib.lib : interrupt.obj (.text:IntRegister)
                  00003ed0    00000030     rtsv7M4_T_le_v4SPD16_eabi.lib : vsnprintf.c.obj (.text:_outs)
                  00003f00    0000002e                                   : i_tofd_t2.asm.obj (.text)
                  00003f2e    0000002a                                   : memory.c.obj (.text:calloc)
                  00003f58    00000028                                   : memory.c.obj (.text:mremove)
                  00003f80    00000020                                   : u_tofd_t2.asm.obj (.text)
                  00003fa0    0000001c                                   : memccpy.c.obj (.text:memccpy)
                  00003fbc    00000018                                   : vsnprintf.c.obj (.text:_outc)
                  00003fd4    00000018                                   : sprintf.c.obj (.text:_outs)
                  00003fec    00000018     open_interface.obj (.text:oi_parseInt)
                  00004004    00000018     rtsv7M4_T_le_v4SPD16_eabi.lib : strcmp.c.obj (.text:strcmp)
                  0000401c    00000016                                   : strchr.c.obj (.text:strchr)
                  00004032    00000014                                   : s_copysign.c.obj (.text:copysign)
                  00004046    00000014                                   : strcpy.c.obj (.text:strcpy)
                  0000405a    00000014                                   : strlen.c.obj (.text:strlen)
                  0000406e    00000012                                   : copy_zero_init.c.obj (.text:decompress:ZI:__TI_zero_init_nomemset:__TI_zero_init_nomemset)
                  00004080    00000012                                   : wcslen.c.obj (.text:wcslen)
                  00004092    00000010     driverlib.lib : interrupt.obj (.text:IntMasterEnable)
                  000040a2    00000010     lcd.obj (.text:lcd_clear)
                  000040b2    0000000e     rtsv7M4_T_le_v4SPD16_eabi.lib : copy_decompress_none.c.obj (.text:decompress:none:__TI_decompress_none)
                  000040c0    0000000c     driverlib.lib : cpu.obj (.text:CPUcpsie)
                  000040cc    0000000c     tm4c123gh6pm_startup_ccs.obj (.text)
                  000040d8    0000000a     rtsv7M4_T_le_v4SPD16_eabi.lib : sprintf.c.obj (.text:_outc)
                  000040e2    00000002     --HOLE-- [fill = 0]
                  000040e4    00000008                                   : errno.c.obj (.text:__aeabi_errno_addr)
                  000040ec    00000004                                   : pre_init.c.obj (.text:_system_pre_init)
                  000040f0    00000004                                   : exit.c.obj (.text:abort:abort)

.const     0    000040f4    00000154     
                  000040f4    00000101     rtsv7M4_T_le_v4SPD16_eabi.lib : ctype.c.obj (.const:.string:_ctypes_)
                  000041f5    0000001e     music.obj (.const:.string:$P$T0$1)
                  00004213    0000001e     music.obj (.const:.string:$P$T1$2)
                  00004231    0000000f     open_interface.obj (.const:.string:$P$T0$3)
                  00004240    00000004     lcd.obj (.const:.string:lineAddress$1)
                  00004244    00000004     lcd.obj (.const:.string:lineAddresses$2)

.cinit     0    00004248    00000068     
                  00004248    00000031     (.cinit..data.load) [load image, compression = lzss]
                  00004279    00000003     --HOLE-- [fill = 0]
                  0000427c    0000000c     (__TI_handler_table)
                  00004288    00000008     (.cinit..bss.load) [load image, compression = zero_init]
                  00004290    00000008     (.cinit..vtable.load) [load image, compression = zero_init]
                  00004298    00000018     (__TI_cinit_table)

.init_array 
*          0    00000000    00000000     UNINITIALIZED

.vtable    0    20000000    0000026c     UNINITIALIZED
                  20000000    0000026c     driverlib.lib : interrupt.obj (.vtable)

.stack     0    20000270    00000800     UNINITIALIZED
                  20000270    00000004     rtsv7M4_T_le_v4SPD16_eabi.lib : boot_cortex_m.c.obj (.stack)
                  20000274    000007fc     --HOLE--

.sysmem    0    20000a70    00000400     UNINITIALIZED
                  20000a70    00000008     rtsv7M4_T_le_v4SPD16_eabi.lib : memory.c.obj (.sysmem)
                  20000a78    000003f8     --HOLE--

.bss       0    20000e70    000000a8     UNINITIALIZED
                  20000e70    00000054     lcd.obj (.bss:lastbuffer$3)
                  20000ec4    00000034     (.common:string)
                  20000ef8    00000018     open_interface.obj (.bss:firmware$2)
                  20000f10    00000004     (.common:sensor_data)
                  20000f14    00000004     (.common:time_diff)

.data      0    20000f18    0000005c     UNINITIALIZED
                  20000f18    00000011     SonarSensor.obj (.data)
                  20000f29    00000003     --HOLE--
                  20000f2c    00000010     Servo.obj (.data)
                  20000f3c    00000010     main.obj (.data)
                  20000f4c    00000010     open_interface.obj (.data)
                  20000f5c    0000000c     rtsv7M4_T_le_v4SPD16_eabi.lib : memory.c.obj (.data:$O1$$)
                  20000f68    00000008                                   : _lock.c.obj (.data:$O1$$)
                  20000f70    00000004                                   : errno.c.obj (.data)

MODULE SUMMARY

       Module                         code    ro data   rw data
       ------                         ----    -------   -------
    .\
       open_interface.obj             2720    15        40     
       lcd.obj                        764     8         84     
       main.obj                       776     0         68     
       tm4c123gh6pm_startup_ccs.obj   12      620       0      
       SonarSensor.obj                496     0         21     
       IRSensor.obj                   380     0         0      
       timer.obj                      344     0         0      
       uart.obj                       320     0         0      
       Servo.obj                      292     0         16     
       ContactSensors.obj             280     0         4      
       music.obj                      60      60        0      
    +--+------------------------------+-------+---------+---------+
       Total:                         6444    703       233    
                                                               
    C:/ti/TivaWare_C_Series-2.1.4.178/driverlib/ccs/Debug/driverlib.lib
       interrupt.obj                  68      0         620    
       cpu.obj                        12      0         0      
    +--+------------------------------+-------+---------+---------+
       Total:                         80      0         620    
                                                               
    C:\ti\ccsv8\tools\compiler\ti-cgt-arm_18.1.2.LTS\lib\rtsv7M4_T_le_v4SPD16_eabi.lib
       _printfi.c.obj                 4863    0         0      
       e_log.c.obj                    964     0         0      
       memory.c.obj                   534     0         12     
       fd_add_t2.asm.obj              438     0         0      
       fd_div_t2.asm.obj              310     0         0      
       s_scalbn.c.obj                 272     0         0      
       fd_cmp_t2.asm.obj              268     0         0      
       ctype.c.obj                    0       257       0      
       fd_mul_t2.asm.obj              252     0         0      
       memcpy_t2.asm.obj              156     0         0      
       ull_div_t2.asm.obj             150     0         0      
       vsnprintf.c.obj                136     0         0      
       memset_t2.asm.obj              122     0         0      
       copy_decompress_lzss.c.obj     104     0         0      
       s_frexp.c.obj                  100     0         0      
       sprintf.c.obj                  98      0         0      
       ltoa.c.obj                     84      0         0      
       atoi.c.obj                     76      0         0      
       fd_toi_t2.asm.obj              72      0         0      
       autoinit.c.obj                 68      0         0      
       fd_tou_t2.asm.obj              68      0         0      
       boot_cortex_m.c.obj            56      0         0      
       i_tofd_t2.asm.obj              46      0         0      
       u_tofd_t2.asm.obj              32      0         0      
       memccpy.c.obj                  28      0         0      
       strcmp.c.obj                   24      0         0      
       strchr.c.obj                   22      0         0      
       s_copysign.c.obj               20      0         0      
       strcpy.c.obj                   20      0         0      
       strlen.c.obj                   20      0         0      
       copy_zero_init.c.obj           18      0         0      
       wcslen.c.obj                   18      0         0      
       copy_decompress_none.c.obj     14      0         0      
       errno.c.obj                    8       0         4      
       _lock.c.obj                    2       0         8      
       exit.c.obj                     4       0         0      
       pre_init.c.obj                 4       0         0      
       div0.asm.obj                   2       0         0      
    +--+------------------------------+-------+---------+---------+
       Total:                         9473    257       24     
                                                               
       Heap:                          0       0         1024   
       Stack:                         0       0         2048   
       Linker Generated:              0       101       0      
    +--+------------------------------+-------+---------+---------+
       Grand Total:                   15997   1061      3949   


LINKER GENERATED COPY TABLES

__TI_cinit_table @ 00004298 records: 3, size/record: 8, table size: 24
	.data: load addr=00004248, load size=00000031 bytes, run addr=20000f18, run size=0000005c bytes, compression=lzss
	.bss: load addr=00004288, load size=00000008 bytes, run addr=20000e70, run size=000000a8 bytes, compression=zero_init
	.vtable: load addr=00004290, load size=00000008 bytes, run addr=20000000, run size=0000026c bytes, compression=zero_init


LINKER GENERATED HANDLER TABLE

__TI_handler_table @ 0000427c records: 3, size/record: 4, table size: 12
	index: 0, handler: __TI_zero_init
	index: 1, handler: __TI_decompress_lzss
	index: 2, handler: __TI_decompress_none


GLOBAL SYMBOLS: SORTED ALPHABETICALLY BY Name 

address   name                          
-------   ----                          
000040f1  C$$EXIT                       
000040c1  CPUcpsie                      
00000b65  GPIOF_Handler                 
20000f40  IR_dist                       
0000292d  IR_distance_calc              
00004093  IntMasterEnable               
00003e9d  IntRegister                   
000040cd  ResetISR                      
00002453  TIMER3B_Handler               
20000a70  __STACK_END                   
00000800  __STACK_SIZE                  
20000470  __STACK_TOP                   
00000400  __SYSMEM_SIZE                 
00004298  __TI_CINIT_Base               
000042b0  __TI_CINIT_Limit              
0000427c  __TI_Handler_Table_Base       
00004288  __TI_Handler_Table_Limit      
00003c6d  __TI_auto_init_nobinit_nopinit
00003a0f  __TI_decompress_lzss          
000040b3  __TI_decompress_none          
ffffffff  __TI_pprof_out_hndl           
00000cf5  __TI_printfi                  
ffffffff  __TI_prof_data_size           
ffffffff  __TI_prof_data_start          
00000000  __TI_static_base__            
0000406f  __TI_zero_init_nomemset       
000037a1  __aeabi_cdcmpeq               
000037a1  __aeabi_cdcmple               
00003827  __aeabi_cdrcmple              
00003c25  __aeabi_d2iz                  
00003cb1  __aeabi_d2uiz                 
00002747  __aeabi_dadd                  
00002e45  __aeabi_ddiv                  
000033e9  __aeabi_dmul                  
0000273d  __aeabi_dsub                  
000040e5  __aeabi_errno_addr            
00003f01  __aeabi_i2d                   
000028f3  __aeabi_idiv0                 
000028f3  __aeabi_ldiv0                 
000038ad  __aeabi_memclr                
000038ad  __aeabi_memclr4               
000038ad  __aeabi_memclr8               
0000366f  __aeabi_memcpy                
0000366f  __aeabi_memcpy4               
0000366f  __aeabi_memcpy8               
000038af  __aeabi_memset                
000038af  __aeabi_memset4               
000038af  __aeabi_memset8               
00003f81  __aeabi_ui2d                  
0000370b  __aeabi_uldivmod              
ffffffff  __binit__                     
ffffffff  __c_args__                    
UNDEFED   __mpu_init                    
20000270  __stack                       
00003e2d  _c_int00_noargs               
000040f4  _ctypes_                      
20000f68  _lock                         
00001753  _nop                          
20000a70  _sys_memory                   
UNDEFED   _system_post_cinit            
000040ed  _system_pre_init              
20000f6c  _unlock                       
000040f1  abort                         
00003bd9  atoi                          
ffffffff  binit                         
0000328f  boundaryHit                   
000031dd  bumperHitLeft                 
000031f1  bumperHitRight                
00003f2f  calloc                        
00003219  cliffFrontLeft                
0000322d  cliffFrontRight               
00003205  cliffMiddleLeft               
00003241  cliffMiddleRight              
00004033  copysign                      
00004033  copysignl                     
20000f1c  current_time                  
0000237d  cycles2dist                   
00002395  cycles2ms                     
20000f70  errno                         
000034e5  free                          
00003a79  frexp                         
00003a79  frexpl                        
20000000  g_pfnRAMVectors               
00000000  g_pfnVectors                  
00000b7f  getDegrees                    
000028f5  get_IR_dist                   
00000921  go_charge                     
20000f34  highCalibrate                 
20000f18  last_time                     
000040a3  lcd_clear                     
00001fb9  lcd_gotoLine                  
00001e21  lcd_init                      
0000201f  lcd_printf                    
00001ee1  lcd_putc                      
00001f19  lcd_puts                      
00001f37  lcd_sendCommand               
00001f75  lcd_sendNibble                
00001fe1  lcd_setCursorPos              
000032d9  ldexp                         
000032d9  ldexpl                        
20000f3c  left_wheel_speed              
00003df1  loadSongs                     
00001755  log                           
00001755  logl                          
20000f30  lowCalibrate                  
00003b33  ltoa                          
00001bdb  main                          
00003929  malloc                        
00003fa1  memccpy                       
0000366f  memcpy                        
000038b5  memset                        
00003e65  minit                         
00002f7d  move_servo                    
0000026d  oi_alloc                      
00000a4b  oi_checkFirmware              
000002c3  oi_close                      
00000279  oi_free                       
000002ad  oi_init                       
00000289  oi_init_noupdate              
000008b7  oi_loadSong                   
00003fed  oi_parseInt                   
00000327  oi_parsePacket                
0000090d  oi_play_song                  
00000831  oi_setLeds                    
00000875  oi_setWheels                  
00000af3  oi_shutoff_init               
0000092f  oi_uartInit                   
000009d3  oi_uartReceive                
00000a19  oi_uartSendBuff               
000009b7  oi_uartSendChar               
000009fb  oi_uartSendStr                
000002d5  oi_update                     
20000f24  overflow                      
20000f2c  period_width                  
00002403  ping_read                     
20000f28  ready                         
20000f3d  right_wheel_speed             
000032d9  scalbn                        
000032d9  scalbnl                       
00001b19  scan                          
000023a9  send_pulse                    
00003255  sensorTrip                    
20000f3e  sensorTripDistance            
20000f10  sensor_data                   
000031c1  setup_ContactSensors          
00002993  setup_IR                      
0000248f  setup_PING                    
00002fe1  setup_servo                   
20000f48  sonar_cycles                  
20000f44  sonar_dist                    
00003cf5  sprintf                       
0000401d  strchr                        
00004005  strcmp                        
00004047  strcpy                        
20000ec4  string                        
0000405b  strlen                        
20000f38  timeBuffer                    
20000f14  time_diff                     
00002b81  timer_getClock                
00002b35  timer_startClock              
00002acf  timer_startTimer              
00002b87  timer_stopClock               
00002b1f  timer_stopTimer               
00002aa5  timer_waitMicros              
00002a71  timer_waitMillis              
00002bc9  uart_init                     
00002c91  uart_receive                  
00002c75  uart_sendBits                 
00002c59  uart_sendChar                 
00002cb7  uart_sendStr                  
000031d1  updateContactSensors          
00003d35  vsnprintf                     
20000f20  waiting_fall_flag             
00004081  wcslen                        


GLOBAL SYMBOLS: SORTED BY Symbol Address 

address   name                          
-------   ----                          
00000000  __TI_static_base__            
00000000  g_pfnVectors                  
0000026d  oi_alloc                      
00000279  oi_free                       
00000289  oi_init_noupdate              
000002ad  oi_init                       
000002c3  oi_close                      
000002d5  oi_update                     
00000327  oi_parsePacket                
00000400  __SYSMEM_SIZE                 
00000800  __STACK_SIZE                  
00000831  oi_setLeds                    
00000875  oi_setWheels                  
000008b7  oi_loadSong                   
0000090d  oi_play_song                  
00000921  go_charge                     
0000092f  oi_uartInit                   
000009b7  oi_uartSendChar               
000009d3  oi_uartReceive                
000009fb  oi_uartSendStr                
00000a19  oi_uartSendBuff               
00000a4b  oi_checkFirmware              
00000af3  oi_shutoff_init               
00000b65  GPIOF_Handler                 
00000b7f  getDegrees                    
00000cf5  __TI_printfi                  
00001753  _nop                          
00001755  log                           
00001755  logl                          
00001b19  scan                          
00001bdb  main                          
00001e21  lcd_init                      
00001ee1  lcd_putc                      
00001f19  lcd_puts                      
00001f37  lcd_sendCommand               
00001f75  lcd_sendNibble                
00001fb9  lcd_gotoLine                  
00001fe1  lcd_setCursorPos              
0000201f  lcd_printf                    
0000237d  cycles2dist                   
00002395  cycles2ms                     
000023a9  send_pulse                    
00002403  ping_read                     
00002453  TIMER3B_Handler               
0000248f  setup_PING                    
0000273d  __aeabi_dsub                  
00002747  __aeabi_dadd                  
000028f3  __aeabi_idiv0                 
000028f3  __aeabi_ldiv0                 
000028f5  get_IR_dist                   
0000292d  IR_distance_calc              
00002993  setup_IR                      
00002a71  timer_waitMillis              
00002aa5  timer_waitMicros              
00002acf  timer_startTimer              
00002b1f  timer_stopTimer               
00002b35  timer_startClock              
00002b81  timer_getClock                
00002b87  timer_stopClock               
00002bc9  uart_init                     
00002c59  uart_sendChar                 
00002c75  uart_sendBits                 
00002c91  uart_receive                  
00002cb7  uart_sendStr                  
00002e45  __aeabi_ddiv                  
00002f7d  move_servo                    
00002fe1  setup_servo                   
000031c1  setup_ContactSensors          
000031d1  updateContactSensors          
000031dd  bumperHitLeft                 
000031f1  bumperHitRight                
00003205  cliffMiddleLeft               
00003219  cliffFrontLeft                
0000322d  cliffFrontRight               
00003241  cliffMiddleRight              
00003255  sensorTrip                    
0000328f  boundaryHit                   
000032d9  ldexp                         
000032d9  ldexpl                        
000032d9  scalbn                        
000032d9  scalbnl                       
000033e9  __aeabi_dmul                  
000034e5  free                          
0000366f  __aeabi_memcpy                
0000366f  __aeabi_memcpy4               
0000366f  __aeabi_memcpy8               
0000366f  memcpy                        
0000370b  __aeabi_uldivmod              
000037a1  __aeabi_cdcmpeq               
000037a1  __aeabi_cdcmple               
00003827  __aeabi_cdrcmple              
000038ad  __aeabi_memclr                
000038ad  __aeabi_memclr4               
000038ad  __aeabi_memclr8               
000038af  __aeabi_memset                
000038af  __aeabi_memset4               
000038af  __aeabi_memset8               
000038b5  memset                        
00003929  malloc                        
00003a0f  __TI_decompress_lzss          
00003a79  frexp                         
00003a79  frexpl                        
00003b33  ltoa                          
00003bd9  atoi                          
00003c25  __aeabi_d2iz                  
00003c6d  __TI_auto_init_nobinit_nopinit
00003cb1  __aeabi_d2uiz                 
00003cf5  sprintf                       
00003d35  vsnprintf                     
00003df1  loadSongs                     
00003e2d  _c_int00_noargs               
00003e65  minit                         
00003e9d  IntRegister                   
00003f01  __aeabi_i2d                   
00003f2f  calloc                        
00003f81  __aeabi_ui2d                  
00003fa1  memccpy                       
00003fed  oi_parseInt                   
00004005  strcmp                        
0000401d  strchr                        
00004033  copysign                      
00004033  copysignl                     
00004047  strcpy                        
0000405b  strlen                        
0000406f  __TI_zero_init_nomemset       
00004081  wcslen                        
00004093  IntMasterEnable               
000040a3  lcd_clear                     
000040b3  __TI_decompress_none          
000040c1  CPUcpsie                      
000040cd  ResetISR                      
000040e5  __aeabi_errno_addr            
000040ed  _system_pre_init              
000040f1  C$$EXIT                       
000040f1  abort                         
000040f4  _ctypes_                      
0000427c  __TI_Handler_Table_Base       
00004288  __TI_Handler_Table_Limit      
00004298  __TI_CINIT_Base               
000042b0  __TI_CINIT_Limit              
20000000  g_pfnRAMVectors               
20000270  __stack                       
20000470  __STACK_TOP                   
20000a70  __STACK_END                   
20000a70  _sys_memory                   
20000ec4  string                        
20000f10  sensor_data                   
20000f14  time_diff                     
20000f18  last_time                     
20000f1c  current_time                  
20000f20  waiting_fall_flag             
20000f24  overflow                      
20000f28  ready                         
20000f2c  period_width                  
20000f30  lowCalibrate                  
20000f34  highCalibrate                 
20000f38  timeBuffer                    
20000f3c  left_wheel_speed              
20000f3d  right_wheel_speed             
20000f3e  sensorTripDistance            
20000f40  IR_dist                       
20000f44  sonar_dist                    
20000f48  sonar_cycles                  
20000f68  _lock                         
20000f6c  _unlock                       
20000f70  errno                         
ffffffff  __TI_pprof_out_hndl           
ffffffff  __TI_prof_data_size           
ffffffff  __TI_prof_data_start          
ffffffff  __binit__                     
ffffffff  __c_args__                    
ffffffff  binit                         
UNDEFED   __mpu_init                    
UNDEFED   _system_post_cinit            

[174 symbols]
