******************************************************************************
                  TI ARM Linker PC v18.1.2                     
******************************************************************************
>> Linked Thu Nov 29 16:08:43 2018

OUTPUT FILE NAME:   <CPRE288FinalProjectSearchBotTheSpice.out>
ENTRY POINT SYMBOL: "_c_int00_noargs"  address: 00004015


MEMORY CONFIGURATION

         name            origin    length      used     unused   attr    fill
----------------------  --------  ---------  --------  --------  ----  --------
  FLASH                 00000000   00040000  0000451e  0003bae2  R  X
  SRAM                  20000000   00008000  00000f70  00007090  RW X


SEGMENT ALLOCATION MAP

run origin  load origin   length   init length attrs members
----------  ----------- ---------- ----------- ----- -------
00000000    00000000    00004520   00004520    r-x
  00000000    00000000    0000026c   0000026c    r-- .intvecs
  0000026c    0000026c    00004070   00004070    r-x .text
  000042dc    000042dc    000001ca   000001ca    r-- .const
  000044a8    000044a8    00000078   00000078    r-- .cinit
20000000    20000000    00000f74   00000000    rw-
  20000000    20000000    0000026c   00000000    rw- .vtable
  20000270    20000270    00000800   00000000    rw- .stack
  20000a70    20000a70    00000400   00000000    rw- .sysmem
  20000e70    20000e70    00000094   00000000    rw- .bss
  20000f04    20000f04    00000070   00000000    rw- .data


SECTION ALLOCATION MAP

 output                                  attributes/
section   page    origin      length       input sections
--------  ----  ----------  ----------   ----------------
.intvecs   0    00000000    0000026c     
                  00000000    0000026c     tm4c123gh6pm_startup_ccs.obj (.intvecs)

.text      0    0000026c    00004070     
                  0000026c    00000a88     open_interface.obj (.text)
                  00000cf4    00000a5e     rtsv7M4_T_le_v4SPD16_eabi.lib : _printfi.c.obj (.text:__TI_printfi)
                  00001752    00000002                                   : _lock.c.obj (.text:_nop)
                  00001754    00000480     main.obj (.text)
                  00001bd4    000003c4     rtsv7M4_T_le_v4SPD16_eabi.lib : e_log.c.obj (.text:log)
                  00001f98    000002ec     lcd.obj (.text)
                  00002284    00000270     rtsv7M4_T_le_v4SPD16_eabi.lib : _printfi.c.obj (.text:_pconv_a)
                  000024f4    000001f0     SonarSensor.obj (.text)
                  000026e4    000001d0     rtsv7M4_T_le_v4SPD16_eabi.lib : _printfi.c.obj (.text:_pconv_g)
                  000028b4    000001b6                                   : fd_add_t2.asm.obj (.text)
                  00002a6a    00000002                                   : div0.asm.obj (.text)
                  00002a6c    0000017c     IRSensor.obj (.text)
                  00002be8    00000158     ContactSensors.obj (.text)
                  00002d40    00000158     timer.obj (.text)
                  00002e98    00000140     uart.obj (.text)
                  00002fd8    0000013c     rtsv7M4_T_le_v4SPD16_eabi.lib : _printfi.c.obj (.text:_pconv_e)
                  00003114    00000136                                   : fd_div_t2.asm.obj (.text)
                  0000324a    00000002     --HOLE-- [fill = 0]
                  0000324c    00000124     Servo.obj (.text)
                  00003370    00000120     rtsv7M4_T_le_v4SPD16_eabi.lib : _printfi.c.obj (.text:fcvt)
                  00003490    00000110                                   : s_scalbn.c.obj (.text:scalbn)
                  000035a0    000000fc                                   : fd_mul_t2.asm.obj (.text)
                  0000369c    000000d8                                   : memory.c.obj (.text:free)
                  00003774    000000b1                                   : _printfi.c.obj (.text:_ltostr)
                  00003825    00000001     --HOLE-- [fill = 0]
                  00003826    0000009c                                   : memcpy_t2.asm.obj (.text)
                  000038c2    00000096                                   : ull_div_t2.asm.obj (.text)
                  00003958    00000086                                   : fd_cmp_t2.asm.obj (.text:__aeabi_cdcmple)
                  000039de    00000086                                   : fd_cmp_t2.asm.obj (.text:__aeabi_cdrcmple)
                  00003a64    0000007a                                   : memset_t2.asm.obj (.text)
                  00003ade    00000002     --HOLE-- [fill = 0]
                  00003ae0    00000078                                   : memory.c.obj (.text:malloc)
                  00003b58    0000006e                                   : _printfi.c.obj (.text:_mcpy)
                  00003bc6    00000002     --HOLE-- [fill = 0]
                  00003bc8    0000006c     music.obj (.text)
                  00003c34    00000068     rtsv7M4_T_le_v4SPD16_eabi.lib : copy_decompress_lzss.c.obj (.text:decompress:lzss:__TI_decompress_lzss)
                  00003c9c    00000064                                   : s_frexp.c.obj (.text:frexp)
                  00003d00    00000056                                   : _printfi.c.obj (.text:_pconv_f)
                  00003d56    00000054                                   : ltoa.c.obj (.text:ltoa)
                  00003daa    00000052                                   : _printfi.c.obj (.text:_ecpy)
                  00003dfc    0000004c                                   : atoi.c.obj (.text:atoi)
                  00003e48    00000048                                   : fd_toi_t2.asm.obj (.text)
                  00003e90    00000044                                   : autoinit.c.obj (.text:__TI_auto_init_nobinit_nopinit:__TI_auto_init_nobinit_nopinit)
                  00003ed4    00000044                                   : fd_tou_t2.asm.obj (.text)
                  00003f18    00000040                                   : sprintf.c.obj (.text:sprintf)
                  00003f58    00000040                                   : vsnprintf.c.obj (.text:vsnprintf)
                  00003f98    0000003e                                   : _printfi.c.obj (.text:_fcpy)
                  00003fd6    00000002     --HOLE-- [fill = 0]
                  00003fd8    0000003c                                   : memory.c.obj (.text:minsert)
                  00004014    00000038                                   : boot_cortex_m.c.obj (.text:_c_int00_noargs:_c_int00_noargs)
                  0000404c    00000038                                   : memory.c.obj (.text:minit)
                  00004084    00000034     driverlib.lib : interrupt.obj (.text:IntRegister)
                  000040b8    00000030     rtsv7M4_T_le_v4SPD16_eabi.lib : vsnprintf.c.obj (.text:_outs)
                  000040e8    0000002e                                   : i_tofd_t2.asm.obj (.text)
                  00004116    0000002a                                   : memory.c.obj (.text:calloc)
                  00004140    00000028                                   : memory.c.obj (.text:mremove)
                  00004168    00000020                                   : u_tofd_t2.asm.obj (.text)
                  00004188    0000001c                                   : memccpy.c.obj (.text:memccpy)
                  000041a4    00000018                                   : vsnprintf.c.obj (.text:_outc)
                  000041bc    00000018                                   : sprintf.c.obj (.text:_outs)
                  000041d4    00000018     open_interface.obj (.text:oi_parseInt)
                  000041ec    00000018     rtsv7M4_T_le_v4SPD16_eabi.lib : strcmp.c.obj (.text:strcmp)
                  00004204    00000016                                   : strchr.c.obj (.text:strchr)
                  0000421a    00000014                                   : s_copysign.c.obj (.text:copysign)
                  0000422e    00000014                                   : strcpy.c.obj (.text:strcpy)
                  00004242    00000014                                   : strlen.c.obj (.text:strlen)
                  00004256    00000012                                   : copy_zero_init.c.obj (.text:decompress:ZI:__TI_zero_init_nomemset:__TI_zero_init_nomemset)
                  00004268    00000012                                   : wcslen.c.obj (.text:wcslen)
                  0000427a    00000010     driverlib.lib : interrupt.obj (.text:IntMasterEnable)
                  0000428a    00000010     lcd.obj (.text:lcd_clear)
                  0000429a    0000000e     rtsv7M4_T_le_v4SPD16_eabi.lib : copy_decompress_none.c.obj (.text:decompress:none:__TI_decompress_none)
                  000042a8    0000000c     driverlib.lib : cpu.obj (.text:CPUcpsie)
                  000042b4    0000000c     tm4c123gh6pm_startup_ccs.obj (.text)
                  000042c0    0000000a     rtsv7M4_T_le_v4SPD16_eabi.lib : sprintf.c.obj (.text:_outc)
                  000042ca    00000002     --HOLE-- [fill = 0]
                  000042cc    00000008                                   : errno.c.obj (.text:__aeabi_errno_addr)
                  000042d4    00000004                                   : pre_init.c.obj (.text:_system_pre_init)
                  000042d8    00000004                                   : exit.c.obj (.text:abort:abort)

.const     0    000042dc    000001ca     
                  000042dc    00000101     rtsv7M4_T_le_v4SPD16_eabi.lib : ctype.c.obj (.const:.string:_ctypes_)
                  000043dd    00000040     music.obj (.const:.string:$P$T2$3)
                  0000441d    00000040     music.obj (.const:.string:$P$T3$4)
                  0000445d    00000019     music.obj (.const:.string:$P$T0$1)
                  00004476    00000019     music.obj (.const:.string:$P$T1$2)
                  0000448f    0000000f     open_interface.obj (.const:.string:$P$T0$3)
                  0000449e    00000004     lcd.obj (.const:.string:lineAddress$1)
                  000044a2    00000004     lcd.obj (.const:.string:lineAddresses$2)

.cinit     0    000044a8    00000078     
                  000044a8    00000040     (.cinit..data.load) [load image, compression = lzss]
                  000044e8    0000000c     (__TI_handler_table)
                  000044f4    00000004     --HOLE-- [fill = 0]
                  000044f8    00000008     (.cinit..bss.load) [load image, compression = zero_init]
                  00004500    00000008     (.cinit..vtable.load) [load image, compression = zero_init]
                  00004508    00000018     (__TI_cinit_table)

.init_array 
*          0    00000000    00000000     UNINITIALIZED

.vtable    0    20000000    0000026c     UNINITIALIZED
                  20000000    0000026c     driverlib.lib : interrupt.obj (.vtable)

.stack     0    20000270    00000800     UNINITIALIZED
                  20000270    00000004     rtsv7M4_T_le_v4SPD16_eabi.lib : boot_cortex_m.c.obj (.stack)
                  20000274    000007fc     --HOLE--

.sysmem    0    20000a70    00000400     UNINITIALIZED
                  20000a70    00000008     rtsv7M4_T_le_v4SPD16_eabi.lib : memory.c.obj (.sysmem)
                  20000a78    000003f8     --HOLE--

.bss       0    20000e70    00000094     UNINITIALIZED
                  20000e70    00000054     lcd.obj (.bss:lastbuffer$3)
                  20000ec4    00000020     (.common:string)
                  20000ee4    00000018     open_interface.obj (.bss:firmware$2)
                  20000efc    00000004     (.common:sensor_data)
                  20000f00    00000004     (.common:time_diff)

.data      0    20000f04    00000070     UNINITIALIZED
                  20000f04    00000024     main.obj (.data)
                  20000f28    00000011     SonarSensor.obj (.data)
                  20000f39    00000003     --HOLE--
                  20000f3c    00000010     Servo.obj (.data)
                  20000f4c    00000010     open_interface.obj (.data)
                  20000f5c    0000000c     rtsv7M4_T_le_v4SPD16_eabi.lib : memory.c.obj (.data:$O1$$)
                  20000f68    00000008                                   : _lock.c.obj (.data:$O1$$)
                  20000f70    00000004                                   : errno.c.obj (.data)

MODULE SUMMARY

       Module                         code    ro data   rw data
       ------                         ----    -------   -------
    .\
       open_interface.obj             2720    15        40     
       main.obj                       1152    0         68     
       lcd.obj                        764     8         84     
       tm4c123gh6pm_startup_ccs.obj   12      620       0      
       SonarSensor.obj                496     0         21     
       IRSensor.obj                   380     0         0      
       ContactSensors.obj             344     0         4      
       timer.obj                      344     0         0      
       uart.obj                       320     0         0      
       Servo.obj                      292     0         16     
       music.obj                      108     178       0      
    +--+------------------------------+-------+---------+---------+
       Total:                         6932    821       233    
                                                               
    C:/ti/TivaWare_C_Series-2.1.4.178/driverlib/ccs/Debug/driverlib.lib
       interrupt.obj                  68      0         620    
       cpu.obj                        12      0         0      
    +--+------------------------------+-------+---------+---------+
       Total:                         80      0         620    
                                                               
    C:\ti\ccsv8\tools\compiler\ti-cgt-arm_18.1.2.LTS\lib\rtsv7M4_T_le_v4SPD16_eabi.lib
       _printfi.c.obj                 4863    0         0      
       e_log.c.obj                    964     0         0      
       memory.c.obj                   534     0         12     
       fd_add_t2.asm.obj              438     0         0      
       fd_div_t2.asm.obj              310     0         0      
       s_scalbn.c.obj                 272     0         0      
       fd_cmp_t2.asm.obj              268     0         0      
       ctype.c.obj                    0       257       0      
       fd_mul_t2.asm.obj              252     0         0      
       memcpy_t2.asm.obj              156     0         0      
       ull_div_t2.asm.obj             150     0         0      
       vsnprintf.c.obj                136     0         0      
       memset_t2.asm.obj              122     0         0      
       copy_decompress_lzss.c.obj     104     0         0      
       s_frexp.c.obj                  100     0         0      
       sprintf.c.obj                  98      0         0      
       ltoa.c.obj                     84      0         0      
       atoi.c.obj                     76      0         0      
       fd_toi_t2.asm.obj              72      0         0      
       autoinit.c.obj                 68      0         0      
       fd_tou_t2.asm.obj              68      0         0      
       boot_cortex_m.c.obj            56      0         0      
       i_tofd_t2.asm.obj              46      0         0      
       u_tofd_t2.asm.obj              32      0         0      
       memccpy.c.obj                  28      0         0      
       strcmp.c.obj                   24      0         0      
       strchr.c.obj                   22      0         0      
       s_copysign.c.obj               20      0         0      
       strcpy.c.obj                   20      0         0      
       strlen.c.obj                   20      0         0      
       copy_zero_init.c.obj           18      0         0      
       wcslen.c.obj                   18      0         0      
       copy_decompress_none.c.obj     14      0         0      
       errno.c.obj                    8       0         4      
       _lock.c.obj                    2       0         8      
       exit.c.obj                     4       0         0      
       pre_init.c.obj                 4       0         0      
       div0.asm.obj                   2       0         0      
    +--+------------------------------+-------+---------+---------+
       Total:                         9473    257       24     
                                                               
       Heap:                          0       0         1024   
       Stack:                         0       0         2048   
       Linker Generated:              0       116       0      
    +--+------------------------------+-------+---------+---------+
       Grand Total:                   16485   1194      3949   


LINKER GENERATED COPY TABLES

__TI_cinit_table @ 00004508 records: 3, size/record: 8, table size: 24
	.data: load addr=000044a8, load size=00000040 bytes, run addr=20000f04, run size=00000070 bytes, compression=lzss
	.bss: load addr=000044f8, load size=00000008 bytes, run addr=20000e70, run size=00000094 bytes, compression=zero_init
	.vtable: load addr=00004500, load size=00000008 bytes, run addr=20000000, run size=0000026c bytes, compression=zero_init


LINKER GENERATED HANDLER TABLE

__TI_handler_table @ 000044e8 records: 3, size/record: 4, table size: 12
	index: 0, handler: __TI_zero_init
	index: 1, handler: __TI_decompress_lzss
	index: 2, handler: __TI_decompress_none


GLOBAL SYMBOLS: SORTED ALPHABETICALLY BY Name 

address   name                          
-------   ----                          
000042d9  C$$EXIT                       
000042a9  CPUcpsie                      
00000b65  GPIOF_Handler                 
20000f1c  IR_dist                       
00002aa5  IR_distance_calc              
0000427b  IntMasterEnable               
00004085  IntRegister                   
000042b5  ResetISR                      
000025cb  TIMER3B_Handler               
20000a70  __STACK_END                   
00000800  __STACK_SIZE                  
20000470  __STACK_TOP                   
00000400  __SYSMEM_SIZE                 
00004508  __TI_CINIT_Base               
00004520  __TI_CINIT_Limit              
000044e8  __TI_Handler_Table_Base       
000044f4  __TI_Handler_Table_Limit      
00003e91  __TI_auto_init_nobinit_nopinit
00003c35  __TI_decompress_lzss          
0000429b  __TI_decompress_none          
ffffffff  __TI_pprof_out_hndl           
00000cf5  __TI_printfi                  
ffffffff  __TI_prof_data_size           
ffffffff  __TI_prof_data_start          
00000000  __TI_static_base__            
00004257  __TI_zero_init_nomemset       
00003959  __aeabi_cdcmpeq               
00003959  __aeabi_cdcmple               
000039df  __aeabi_cdrcmple              
00003e49  __aeabi_d2iz                  
00003ed5  __aeabi_d2uiz                 
000028bf  __aeabi_dadd                  
00003115  __aeabi_ddiv                  
000035a1  __aeabi_dmul                  
000028b5  __aeabi_dsub                  
000042cd  __aeabi_errno_addr            
000040e9  __aeabi_i2d                   
00002a6b  __aeabi_idiv0                 
00002a6b  __aeabi_ldiv0                 
00003a65  __aeabi_memclr                
00003a65  __aeabi_memclr4               
00003a65  __aeabi_memclr8               
00003827  __aeabi_memcpy                
00003827  __aeabi_memcpy4               
00003827  __aeabi_memcpy8               
00003a67  __aeabi_memset                
00003a67  __aeabi_memset4               
00003a67  __aeabi_memset8               
00004169  __aeabi_ui2d                  
000038c3  __aeabi_uldivmod              
ffffffff  __binit__                     
ffffffff  __c_args__                    
UNDEFED   __mpu_init                    
20000270  __stack                       
00004015  _c_int00_noargs               
000042dc  _ctypes_                      
20000f68  _lock                         
00001753  _nop                          
20000a70  _sys_memory                   
UNDEFED   _system_post_cinit            
000042d5  _system_pre_init              
20000f6c  _unlock                       
000042d9  abort                         
00003dfd  atoi                          
ffffffff  binit                         
00002cb1  boundaryHit                   
00002c05  bumperHitLeft                 
00002c19  bumperHitRight                
00004117  calloc                        
00002c41  cliffFrontLeft                
00002c55  cliffFrontRight               
00002c2d  cliffMiddleLeft               
00002c69  cliffMiddleRight              
0000421b  copysign                      
0000421b  copysignl                     
20000f2c  current_time                  
000024f5  cycles2dist                   
0000250d  cycles2ms                     
20000f70  errno                         
0000369d  free                          
00003c9d  frexp                         
00003c9d  frexpl                        
20000000  g_pfnRAMVectors               
00000000  g_pfnVectors                  
00000b7f  getDegrees                    
00002a6d  get_IR_dist                   
00000921  go_charge                     
20000f44  highCalibrate                 
20000f28  last_time                     
0000428b  lcd_clear                     
00002131  lcd_gotoLine                  
00001f99  lcd_init                      
00002197  lcd_printf                    
00002059  lcd_putc                      
00002091  lcd_puts                      
000020af  lcd_sendCommand               
000020ed  lcd_sendNibble                
00002159  lcd_setCursorPos              
00003491  ldexp                         
00003491  ldexpl                        
20000f04  left_wheel_speed              
20000f08  left_wheel_speed_turn         
00003bc9  loadSongs                     
00001bd5  log                           
00001bd5  logl                          
20000f40  lowCalibrate                  
00003d57  ltoa                          
00001841  main                          
00003ae1  malloc                        
00004189  memccpy                       
00003827  memcpy                        
00003a6d  memset                        
0000404d  minit                         
0000324d  move_servo                    
0000026d  oi_alloc                      
00000a4b  oi_checkFirmware              
000002c3  oi_close                      
00000279  oi_free                       
000002ad  oi_init                       
00000289  oi_init_noupdate              
000008b7  oi_loadSong                   
000041d5  oi_parseInt                   
00000327  oi_parsePacket                
0000090d  oi_play_song                  
00000831  oi_setLeds                    
00000875  oi_setWheels                  
00000af3  oi_shutoff_init               
0000092f  oi_uartInit                   
000009d3  oi_uartReceive                
00000a19  oi_uartSendBuff               
000009b7  oi_uartSendChar               
000009fb  oi_uartSendStr                
000002d5  oi_update                     
20000f34  overflow                      
20000f3c  period_width                  
0000257b  ping_read                     
20000f38  ready                         
20000f0c  right_wheel_speed             
20000f10  right_wheel_speed_turn        
00003491  scalbn                        
00003491  scalbnl                       
00001755  scan                          
00002521  send_pulse                    
00002c7d  sensorTrip                    
20000f14  sensorTripDistance            
20000efc  sensor_data                   
00002be9  setup_ContactSensors          
00002b0b  setup_IR                      
00002607  setup_PING                    
000032b1  setup_servo                   
20000f24  sonar_cycles                  
20000f20  sonar_dist                    
00003f19  sprintf                       
00004205  strchr                        
000041ed  strcmp                        
0000422f  strcpy                        
20000ec4  string                        
00004243  strlen                        
20000f48  timeBuffer                    
20000f00  time_diff                     
20000f18  timer_30degree_calibration    
00002e51  timer_getClock                
00002e05  timer_startClock              
00002d9f  timer_startTimer              
00002e57  timer_stopClock               
00002def  timer_stopTimer               
00002d75  timer_waitMicros              
00002d41  timer_waitMillis              
00002e99  uart_init                     
00002f61  uart_receive                  
00002f45  uart_sendBits                 
00002f29  uart_sendChar                 
00002f87  uart_sendStr                  
00002bf9  updateContactSensors          
00003f59  vsnprintf                     
20000f30  waiting_fall_flag             
00004269  wcslen                        
00002cf7  winBoundaryHit                


GLOBAL SYMBOLS: SORTED BY Symbol Address 

address   name                          
-------   ----                          
00000000  __TI_static_base__            
00000000  g_pfnVectors                  
0000026d  oi_alloc                      
00000279  oi_free                       
00000289  oi_init_noupdate              
000002ad  oi_init                       
000002c3  oi_close                      
000002d5  oi_update                     
00000327  oi_parsePacket                
00000400  __SYSMEM_SIZE                 
00000800  __STACK_SIZE                  
00000831  oi_setLeds                    
00000875  oi_setWheels                  
000008b7  oi_loadSong                   
0000090d  oi_play_song                  
00000921  go_charge                     
0000092f  oi_uartInit                   
000009b7  oi_uartSendChar               
000009d3  oi_uartReceive                
000009fb  oi_uartSendStr                
00000a19  oi_uartSendBuff               
00000a4b  oi_checkFirmware              
00000af3  oi_shutoff_init               
00000b65  GPIOF_Handler                 
00000b7f  getDegrees                    
00000cf5  __TI_printfi                  
00001753  _nop                          
00001755  scan                          
00001841  main                          
00001bd5  log                           
00001bd5  logl                          
00001f99  lcd_init                      
00002059  lcd_putc                      
00002091  lcd_puts                      
000020af  lcd_sendCommand               
000020ed  lcd_sendNibble                
00002131  lcd_gotoLine                  
00002159  lcd_setCursorPos              
00002197  lcd_printf                    
000024f5  cycles2dist                   
0000250d  cycles2ms                     
00002521  send_pulse                    
0000257b  ping_read                     
000025cb  TIMER3B_Handler               
00002607  setup_PING                    
000028b5  __aeabi_dsub                  
000028bf  __aeabi_dadd                  
00002a6b  __aeabi_idiv0                 
00002a6b  __aeabi_ldiv0                 
00002a6d  get_IR_dist                   
00002aa5  IR_distance_calc              
00002b0b  setup_IR                      
00002be9  setup_ContactSensors          
00002bf9  updateContactSensors          
00002c05  bumperHitLeft                 
00002c19  bumperHitRight                
00002c2d  cliffMiddleLeft               
00002c41  cliffFrontLeft                
00002c55  cliffFrontRight               
00002c69  cliffMiddleRight              
00002c7d  sensorTrip                    
00002cb1  boundaryHit                   
00002cf7  winBoundaryHit                
00002d41  timer_waitMillis              
00002d75  timer_waitMicros              
00002d9f  timer_startTimer              
00002def  timer_stopTimer               
00002e05  timer_startClock              
00002e51  timer_getClock                
00002e57  timer_stopClock               
00002e99  uart_init                     
00002f29  uart_sendChar                 
00002f45  uart_sendBits                 
00002f61  uart_receive                  
00002f87  uart_sendStr                  
00003115  __aeabi_ddiv                  
0000324d  move_servo                    
000032b1  setup_servo                   
00003491  ldexp                         
00003491  ldexpl                        
00003491  scalbn                        
00003491  scalbnl                       
000035a1  __aeabi_dmul                  
0000369d  free                          
00003827  __aeabi_memcpy                
00003827  __aeabi_memcpy4               
00003827  __aeabi_memcpy8               
00003827  memcpy                        
000038c3  __aeabi_uldivmod              
00003959  __aeabi_cdcmpeq               
00003959  __aeabi_cdcmple               
000039df  __aeabi_cdrcmple              
00003a65  __aeabi_memclr                
00003a65  __aeabi_memclr4               
00003a65  __aeabi_memclr8               
00003a67  __aeabi_memset                
00003a67  __aeabi_memset4               
00003a67  __aeabi_memset8               
00003a6d  memset                        
00003ae1  malloc                        
00003bc9  loadSongs                     
00003c35  __TI_decompress_lzss          
00003c9d  frexp                         
00003c9d  frexpl                        
00003d57  ltoa                          
00003dfd  atoi                          
00003e49  __aeabi_d2iz                  
00003e91  __TI_auto_init_nobinit_nopinit
00003ed5  __aeabi_d2uiz                 
00003f19  sprintf                       
00003f59  vsnprintf                     
00004015  _c_int00_noargs               
0000404d  minit                         
00004085  IntRegister                   
000040e9  __aeabi_i2d                   
00004117  calloc                        
00004169  __aeabi_ui2d                  
00004189  memccpy                       
000041d5  oi_parseInt                   
000041ed  strcmp                        
00004205  strchr                        
0000421b  copysign                      
0000421b  copysignl                     
0000422f  strcpy                        
00004243  strlen                        
00004257  __TI_zero_init_nomemset       
00004269  wcslen                        
0000427b  IntMasterEnable               
0000428b  lcd_clear                     
0000429b  __TI_decompress_none          
000042a9  CPUcpsie                      
000042b5  ResetISR                      
000042cd  __aeabi_errno_addr            
000042d5  _system_pre_init              
000042d9  C$$EXIT                       
000042d9  abort                         
000042dc  _ctypes_                      
000044e8  __TI_Handler_Table_Base       
000044f4  __TI_Handler_Table_Limit      
00004508  __TI_CINIT_Base               
00004520  __TI_CINIT_Limit              
20000000  g_pfnRAMVectors               
20000270  __stack                       
20000470  __STACK_TOP                   
20000a70  __STACK_END                   
20000a70  _sys_memory                   
20000ec4  string                        
20000efc  sensor_data                   
20000f00  time_diff                     
20000f04  left_wheel_speed              
20000f08  left_wheel_speed_turn         
20000f0c  right_wheel_speed             
20000f10  right_wheel_speed_turn        
20000f14  sensorTripDistance            
20000f18  timer_30degree_calibration    
20000f1c  IR_dist                       
20000f20  sonar_dist                    
20000f24  sonar_cycles                  
20000f28  last_time                     
20000f2c  current_time                  
20000f30  waiting_fall_flag             
20000f34  overflow                      
20000f38  ready                         
20000f3c  period_width                  
20000f40  lowCalibrate                  
20000f44  highCalibrate                 
20000f48  timeBuffer                    
20000f68  _lock                         
20000f6c  _unlock                       
20000f70  errno                         
ffffffff  __TI_pprof_out_hndl           
ffffffff  __TI_prof_data_size           
ffffffff  __TI_prof_data_start          
ffffffff  __binit__                     
ffffffff  __c_args__                    
ffffffff  binit                         
UNDEFED   __mpu_init                    
UNDEFED   _system_post_cinit            

[178 symbols]
