******************************************************************************
                  TI ARM Linker PC v18.1.2                     
******************************************************************************
>> Linked Thu Nov 15 17:35:37 2018

OUTPUT FILE NAME:   <CPRE288FinalProjectSearchBotTheSpice.out>
ENTRY POINT SYMBOL: "_c_int00_noargs"  address: 00003e69


MEMORY CONFIGURATION

         name            origin    length      used     unused   attr    fill
----------------------  --------  ---------  --------  --------  ----  --------
  FLASH                 00000000   00040000  0000433c  0003bcc4  R  X
  SRAM                  20000000   00008000  00000f70  00007090  RW X


SEGMENT ALLOCATION MAP

run origin  load origin   length   init length attrs members
----------  ----------- ---------- ----------- ----- -------
00000000    00000000    00004340   00004340    r-x
  00000000    00000000    0000026c   0000026c    r-- .intvecs
  0000026c    0000026c    00003ec4   00003ec4    r-x .text
  00004130    00004130    0000019c   0000019c    r-- .const
  000042d0    000042d0    00000070   00000070    r-- .cinit
20000000    20000000    00000f74   00000000    rw-
  20000000    20000000    0000026c   00000000    rw- .vtable
  20000270    20000270    00000800   00000000    rw- .stack
  20000a70    20000a70    00000400   00000000    rw- .sysmem
  20000e70    20000e70    000000a8   00000000    rw- .bss
  20000f18    20000f18    0000005c   00000000    rw- .data


SECTION ALLOCATION MAP

 output                                  attributes/
section   page    origin      length       input sections
--------  ----  ----------  ----------   ----------------
.intvecs   0    00000000    0000026c     
                  00000000    0000026c     tm4c123gh6pm_startup_ccs.obj (.intvecs)

.text      0    0000026c    00003ec4     
                  0000026c    00000a88     open_interface.obj (.text)
                  00000cf4    00000a5e     rtsv7M4_T_le_v4SPD16_eabi.lib : _printfi.c.obj (.text:__TI_printfi)
                  00001752    00000002                                   : _lock.c.obj (.text:_nop)
                  00001754    000003c4                                   : e_log.c.obj (.text:log)
                  00001b18    00000314     main.obj (.text)
                  00001e2c    000002ec     lcd.obj (.text)
                  00002118    00000270     rtsv7M4_T_le_v4SPD16_eabi.lib : _printfi.c.obj (.text:_pconv_a)
                  00002388    000001f0     SonarSensor.obj (.text)
                  00002578    000001d0     rtsv7M4_T_le_v4SPD16_eabi.lib : _printfi.c.obj (.text:_pconv_g)
                  00002748    000001b6                                   : fd_add_t2.asm.obj (.text)
                  000028fe    00000002                                   : div0.asm.obj (.text)
                  00002900    0000017c     IRSensor.obj (.text)
                  00002a7c    00000158     timer.obj (.text)
                  00002bd4    00000140     uart.obj (.text)
                  00002d14    0000013c     rtsv7M4_T_le_v4SPD16_eabi.lib : _printfi.c.obj (.text:_pconv_e)
                  00002e50    00000136                                   : fd_div_t2.asm.obj (.text)
                  00002f86    00000002     --HOLE-- [fill = 0]
                  00002f88    00000124     Servo.obj (.text)
                  000030ac    00000120     rtsv7M4_T_le_v4SPD16_eabi.lib : _printfi.c.obj (.text:fcvt)
                  000031cc    00000118     ContactSensors.obj (.text)
                  000032e4    00000110     rtsv7M4_T_le_v4SPD16_eabi.lib : s_scalbn.c.obj (.text:scalbn)
                  000033f4    000000fc                                   : fd_mul_t2.asm.obj (.text)
                  000034f0    000000d8                                   : memory.c.obj (.text:free)
                  000035c8    000000b1                                   : _printfi.c.obj (.text:_ltostr)
                  00003679    00000001     --HOLE-- [fill = 0]
                  0000367a    0000009c                                   : memcpy_t2.asm.obj (.text)
                  00003716    00000096                                   : ull_div_t2.asm.obj (.text)
                  000037ac    00000086                                   : fd_cmp_t2.asm.obj (.text:__aeabi_cdcmple)
                  00003832    00000086                                   : fd_cmp_t2.asm.obj (.text:__aeabi_cdrcmple)
                  000038b8    0000007a                                   : memset_t2.asm.obj (.text)
                  00003932    00000002     --HOLE-- [fill = 0]
                  00003934    00000078                                   : memory.c.obj (.text:malloc)
                  000039ac    0000006e                                   : _printfi.c.obj (.text:_mcpy)
                  00003a1a    00000002     --HOLE-- [fill = 0]
                  00003a1c    0000006c     music.obj (.text)
                  00003a88    00000068     rtsv7M4_T_le_v4SPD16_eabi.lib : copy_decompress_lzss.c.obj (.text:decompress:lzss:__TI_decompress_lzss)
                  00003af0    00000064                                   : s_frexp.c.obj (.text:frexp)
                  00003b54    00000056                                   : _printfi.c.obj (.text:_pconv_f)
                  00003baa    00000054                                   : ltoa.c.obj (.text:ltoa)
                  00003bfe    00000052                                   : _printfi.c.obj (.text:_ecpy)
                  00003c50    0000004c                                   : atoi.c.obj (.text:atoi)
                  00003c9c    00000048                                   : fd_toi_t2.asm.obj (.text)
                  00003ce4    00000044                                   : autoinit.c.obj (.text:__TI_auto_init_nobinit_nopinit:__TI_auto_init_nobinit_nopinit)
                  00003d28    00000044                                   : fd_tou_t2.asm.obj (.text)
                  00003d6c    00000040                                   : sprintf.c.obj (.text:sprintf)
                  00003dac    00000040                                   : vsnprintf.c.obj (.text:vsnprintf)
                  00003dec    0000003e                                   : _printfi.c.obj (.text:_fcpy)
                  00003e2a    00000002     --HOLE-- [fill = 0]
                  00003e2c    0000003c                                   : memory.c.obj (.text:minsert)
                  00003e68    00000038                                   : boot_cortex_m.c.obj (.text:_c_int00_noargs:_c_int00_noargs)
                  00003ea0    00000038                                   : memory.c.obj (.text:minit)
                  00003ed8    00000034     driverlib.lib : interrupt.obj (.text:IntRegister)
                  00003f0c    00000030     rtsv7M4_T_le_v4SPD16_eabi.lib : vsnprintf.c.obj (.text:_outs)
                  00003f3c    0000002e                                   : i_tofd_t2.asm.obj (.text)
                  00003f6a    0000002a                                   : memory.c.obj (.text:calloc)
                  00003f94    00000028                                   : memory.c.obj (.text:mremove)
                  00003fbc    00000020                                   : u_tofd_t2.asm.obj (.text)
                  00003fdc    0000001c                                   : memccpy.c.obj (.text:memccpy)
                  00003ff8    00000018                                   : vsnprintf.c.obj (.text:_outc)
                  00004010    00000018                                   : sprintf.c.obj (.text:_outs)
                  00004028    00000018     open_interface.obj (.text:oi_parseInt)
                  00004040    00000018     rtsv7M4_T_le_v4SPD16_eabi.lib : strcmp.c.obj (.text:strcmp)
                  00004058    00000016                                   : strchr.c.obj (.text:strchr)
                  0000406e    00000014                                   : s_copysign.c.obj (.text:copysign)
                  00004082    00000014                                   : strcpy.c.obj (.text:strcpy)
                  00004096    00000014                                   : strlen.c.obj (.text:strlen)
                  000040aa    00000012                                   : copy_zero_init.c.obj (.text:decompress:ZI:__TI_zero_init_nomemset:__TI_zero_init_nomemset)
                  000040bc    00000012                                   : wcslen.c.obj (.text:wcslen)
                  000040ce    00000010     driverlib.lib : interrupt.obj (.text:IntMasterEnable)
                  000040de    00000010     lcd.obj (.text:lcd_clear)
                  000040ee    0000000e     rtsv7M4_T_le_v4SPD16_eabi.lib : copy_decompress_none.c.obj (.text:decompress:none:__TI_decompress_none)
                  000040fc    0000000c     driverlib.lib : cpu.obj (.text:CPUcpsie)
                  00004108    0000000c     tm4c123gh6pm_startup_ccs.obj (.text)
                  00004114    0000000a     rtsv7M4_T_le_v4SPD16_eabi.lib : sprintf.c.obj (.text:_outc)
                  0000411e    00000002     --HOLE-- [fill = 0]
                  00004120    00000008                                   : errno.c.obj (.text:__aeabi_errno_addr)
                  00004128    00000004                                   : pre_init.c.obj (.text:_system_pre_init)
                  0000412c    00000004                                   : exit.c.obj (.text:abort:abort)

.const     0    00004130    0000019c     
                  00004130    00000101     rtsv7M4_T_le_v4SPD16_eabi.lib : ctype.c.obj (.const:.string:_ctypes_)
                  00004231    00000024     music.obj (.const:.string:$P$T2$3)
                  00004255    00000024     music.obj (.const:.string:$P$T3$4)
                  00004279    0000001e     music.obj (.const:.string:$P$T0$1)
                  00004297    0000001e     music.obj (.const:.string:$P$T1$2)
                  000042b5    0000000f     open_interface.obj (.const:.string:$P$T0$3)
                  000042c4    00000004     lcd.obj (.const:.string:lineAddress$1)
                  000042c8    00000004     lcd.obj (.const:.string:lineAddresses$2)

.cinit     0    000042d0    00000070     
                  000042d0    00000036     (.cinit..data.load) [load image, compression = lzss]
                  00004306    00000002     --HOLE-- [fill = 0]
                  00004308    0000000c     (__TI_handler_table)
                  00004314    00000004     --HOLE-- [fill = 0]
                  00004318    00000008     (.cinit..bss.load) [load image, compression = zero_init]
                  00004320    00000008     (.cinit..vtable.load) [load image, compression = zero_init]
                  00004328    00000018     (__TI_cinit_table)

.init_array 
*          0    00000000    00000000     UNINITIALIZED

.vtable    0    20000000    0000026c     UNINITIALIZED
                  20000000    0000026c     driverlib.lib : interrupt.obj (.vtable)

.stack     0    20000270    00000800     UNINITIALIZED
                  20000270    00000004     rtsv7M4_T_le_v4SPD16_eabi.lib : boot_cortex_m.c.obj (.stack)
                  20000274    000007fc     --HOLE--

.sysmem    0    20000a70    00000400     UNINITIALIZED
                  20000a70    00000008     rtsv7M4_T_le_v4SPD16_eabi.lib : memory.c.obj (.sysmem)
                  20000a78    000003f8     --HOLE--

.bss       0    20000e70    000000a8     UNINITIALIZED
                  20000e70    00000054     lcd.obj (.bss:lastbuffer$3)
                  20000ec4    00000034     (.common:string)
                  20000ef8    00000018     open_interface.obj (.bss:firmware$2)
                  20000f10    00000004     (.common:sensor_data)
                  20000f14    00000004     (.common:time_diff)

.data      0    20000f18    0000005c     UNINITIALIZED
                  20000f18    00000011     SonarSensor.obj (.data)
                  20000f29    00000003     --HOLE--
                  20000f2c    00000010     Servo.obj (.data)
                  20000f3c    00000010     main.obj (.data)
                  20000f4c    00000010     open_interface.obj (.data)
                  20000f5c    0000000c     rtsv7M4_T_le_v4SPD16_eabi.lib : memory.c.obj (.data:$O1$$)
                  20000f68    00000008                                   : _lock.c.obj (.data:$O1$$)
                  20000f70    00000004                                   : errno.c.obj (.data)

MODULE SUMMARY

       Module                         code    ro data   rw data
       ------                         ----    -------   -------
    .\
       open_interface.obj             2720    15        40     
       lcd.obj                        764     8         84     
       main.obj                       788     0         68     
       tm4c123gh6pm_startup_ccs.obj   12      620       0      
       SonarSensor.obj                496     0         21     
       IRSensor.obj                   380     0         0      
       timer.obj                      344     0         0      
       uart.obj                       320     0         0      
       Servo.obj                      292     0         16     
       ContactSensors.obj             280     0         4      
       music.obj                      108     132       0      
    +--+------------------------------+-------+---------+---------+
       Total:                         6504    775       233    
                                                               
    C:/ti/TivaWare_C_Series-2.1.4.178/driverlib/ccs/Debug/driverlib.lib
       interrupt.obj                  68      0         620    
       cpu.obj                        12      0         0      
    +--+------------------------------+-------+---------+---------+
       Total:                         80      0         620    
                                                               
    C:\ti\ccsv8\tools\compiler\ti-cgt-arm_18.1.2.LTS\lib\rtsv7M4_T_le_v4SPD16_eabi.lib
       _printfi.c.obj                 4863    0         0      
       e_log.c.obj                    964     0         0      
       memory.c.obj                   534     0         12     
       fd_add_t2.asm.obj              438     0         0      
       fd_div_t2.asm.obj              310     0         0      
       s_scalbn.c.obj                 272     0         0      
       fd_cmp_t2.asm.obj              268     0         0      
       ctype.c.obj                    0       257       0      
       fd_mul_t2.asm.obj              252     0         0      
       memcpy_t2.asm.obj              156     0         0      
       ull_div_t2.asm.obj             150     0         0      
       vsnprintf.c.obj                136     0         0      
       memset_t2.asm.obj              122     0         0      
       copy_decompress_lzss.c.obj     104     0         0      
       s_frexp.c.obj                  100     0         0      
       sprintf.c.obj                  98      0         0      
       ltoa.c.obj                     84      0         0      
       atoi.c.obj                     76      0         0      
       fd_toi_t2.asm.obj              72      0         0      
       autoinit.c.obj                 68      0         0      
       fd_tou_t2.asm.obj              68      0         0      
       boot_cortex_m.c.obj            56      0         0      
       i_tofd_t2.asm.obj              46      0         0      
       u_tofd_t2.asm.obj              32      0         0      
       memccpy.c.obj                  28      0         0      
       strcmp.c.obj                   24      0         0      
       strchr.c.obj                   22      0         0      
       s_copysign.c.obj               20      0         0      
       strcpy.c.obj                   20      0         0      
       strlen.c.obj                   20      0         0      
       copy_zero_init.c.obj           18      0         0      
       wcslen.c.obj                   18      0         0      
       copy_decompress_none.c.obj     14      0         0      
       errno.c.obj                    8       0         4      
       _lock.c.obj                    2       0         8      
       exit.c.obj                     4       0         0      
       pre_init.c.obj                 4       0         0      
       div0.asm.obj                   2       0         0      
    +--+------------------------------+-------+---------+---------+
       Total:                         9473    257       24     
                                                               
       Heap:                          0       0         1024   
       Stack:                         0       0         2048   
       Linker Generated:              0       106       0      
    +--+------------------------------+-------+---------+---------+
       Grand Total:                   16057   1138      3949   


LINKER GENERATED COPY TABLES

__TI_cinit_table @ 00004328 records: 3, size/record: 8, table size: 24
	.data: load addr=000042d0, load size=00000036 bytes, run addr=20000f18, run size=0000005c bytes, compression=lzss
	.bss: load addr=00004318, load size=00000008 bytes, run addr=20000e70, run size=000000a8 bytes, compression=zero_init
	.vtable: load addr=00004320, load size=00000008 bytes, run addr=20000000, run size=0000026c bytes, compression=zero_init


LINKER GENERATED HANDLER TABLE

__TI_handler_table @ 00004308 records: 3, size/record: 4, table size: 12
	index: 0, handler: __TI_zero_init
	index: 1, handler: __TI_decompress_lzss
	index: 2, handler: __TI_decompress_none


GLOBAL SYMBOLS: SORTED ALPHABETICALLY BY Name 

address   name                          
-------   ----                          
0000412d  C$$EXIT                       
000040fd  CPUcpsie                      
00000b65  GPIOF_Handler                 
20000f40  IR_dist                       
00002939  IR_distance_calc              
000040cf  IntMasterEnable               
00003ed9  IntRegister                   
00004109  ResetISR                      
0000245f  TIMER3B_Handler               
20000a70  __STACK_END                   
00000800  __STACK_SIZE                  
20000470  __STACK_TOP                   
00000400  __SYSMEM_SIZE                 
00004328  __TI_CINIT_Base               
00004340  __TI_CINIT_Limit              
00004308  __TI_Handler_Table_Base       
00004314  __TI_Handler_Table_Limit      
00003ce5  __TI_auto_init_nobinit_nopinit
00003a89  __TI_decompress_lzss          
000040ef  __TI_decompress_none          
ffffffff  __TI_pprof_out_hndl           
00000cf5  __TI_printfi                  
ffffffff  __TI_prof_data_size           
ffffffff  __TI_prof_data_start          
00000000  __TI_static_base__            
000040ab  __TI_zero_init_nomemset       
000037ad  __aeabi_cdcmpeq               
000037ad  __aeabi_cdcmple               
00003833  __aeabi_cdrcmple              
00003c9d  __aeabi_d2iz                  
00003d29  __aeabi_d2uiz                 
00002753  __aeabi_dadd                  
00002e51  __aeabi_ddiv                  
000033f5  __aeabi_dmul                  
00002749  __aeabi_dsub                  
00004121  __aeabi_errno_addr            
00003f3d  __aeabi_i2d                   
000028ff  __aeabi_idiv0                 
000028ff  __aeabi_ldiv0                 
000038b9  __aeabi_memclr                
000038b9  __aeabi_memclr4               
000038b9  __aeabi_memclr8               
0000367b  __aeabi_memcpy                
0000367b  __aeabi_memcpy4               
0000367b  __aeabi_memcpy8               
000038bb  __aeabi_memset                
000038bb  __aeabi_memset4               
000038bb  __aeabi_memset8               
00003fbd  __aeabi_ui2d                  
00003717  __aeabi_uldivmod              
ffffffff  __binit__                     
ffffffff  __c_args__                    
UNDEFED   __mpu_init                    
20000270  __stack                       
00003e69  _c_int00_noargs               
00004130  _ctypes_                      
20000f68  _lock                         
00001753  _nop                          
20000a70  _sys_memory                   
UNDEFED   _system_post_cinit            
00004129  _system_pre_init              
20000f6c  _unlock                       
0000412d  abort                         
00003c51  atoi                          
ffffffff  binit                         
0000329b  boundaryHit                   
000031e9  bumperHitLeft                 
000031fd  bumperHitRight                
00003f6b  calloc                        
00003225  cliffFrontLeft                
00003239  cliffFrontRight               
00003211  cliffMiddleLeft               
0000324d  cliffMiddleRight              
0000406f  copysign                      
0000406f  copysignl                     
20000f1c  current_time                  
00002389  cycles2dist                   
000023a1  cycles2ms                     
20000f70  errno                         
000034f1  free                          
00003af1  frexp                         
00003af1  frexpl                        
20000000  g_pfnRAMVectors               
00000000  g_pfnVectors                  
00000b7f  getDegrees                    
00002901  get_IR_dist                   
00000921  go_charge                     
20000f34  highCalibrate                 
20000f18  last_time                     
000040df  lcd_clear                     
00001fc5  lcd_gotoLine                  
00001e2d  lcd_init                      
0000202b  lcd_printf                    
00001eed  lcd_putc                      
00001f25  lcd_puts                      
00001f43  lcd_sendCommand               
00001f81  lcd_sendNibble                
00001fed  lcd_setCursorPos              
000032e5  ldexp                         
000032e5  ldexpl                        
20000f3c  left_wheel_speed              
00003a1d  loadSongs                     
00001755  log                           
00001755  logl                          
20000f30  lowCalibrate                  
00003bab  ltoa                          
00001bcb  main                          
00003935  malloc                        
00003fdd  memccpy                       
0000367b  memcpy                        
000038c1  memset                        
00003ea1  minit                         
00002f89  move_servo                    
0000026d  oi_alloc                      
00000a4b  oi_checkFirmware              
000002c3  oi_close                      
00000279  oi_free                       
000002ad  oi_init                       
00000289  oi_init_noupdate              
000008b7  oi_loadSong                   
00004029  oi_parseInt                   
00000327  oi_parsePacket                
0000090d  oi_play_song                  
00000831  oi_setLeds                    
00000875  oi_setWheels                  
00000af3  oi_shutoff_init               
0000092f  oi_uartInit                   
000009d3  oi_uartReceive                
00000a19  oi_uartSendBuff               
000009b7  oi_uartSendChar               
000009fb  oi_uartSendStr                
000002d5  oi_update                     
20000f24  overflow                      
20000f2c  period_width                  
0000240f  ping_read                     
20000f28  ready                         
20000f3d  right_wheel_speed             
000032e5  scalbn                        
000032e5  scalbnl                       
00001b19  scan                          
000023b5  send_pulse                    
00003261  sensorTrip                    
20000f3e  sensorTripDistance            
20000f10  sensor_data                   
000031cd  setup_ContactSensors          
0000299f  setup_IR                      
0000249b  setup_PING                    
00002fed  setup_servo                   
20000f48  sonar_cycles                  
20000f44  sonar_dist                    
00003d6d  sprintf                       
00004059  strchr                        
00004041  strcmp                        
00004083  strcpy                        
20000ec4  string                        
00004097  strlen                        
20000f38  timeBuffer                    
20000f14  time_diff                     
00002b8d  timer_getClock                
00002b41  timer_startClock              
00002adb  timer_startTimer              
00002b93  timer_stopClock               
00002b2b  timer_stopTimer               
00002ab1  timer_waitMicros              
00002a7d  timer_waitMillis              
00002bd5  uart_init                     
00002c9d  uart_receive                  
00002c81  uart_sendBits                 
00002c65  uart_sendChar                 
00002cc3  uart_sendStr                  
000031dd  updateContactSensors          
00003dad  vsnprintf                     
20000f20  waiting_fall_flag             
000040bd  wcslen                        


GLOBAL SYMBOLS: SORTED BY Symbol Address 

address   name                          
-------   ----                          
00000000  __TI_static_base__            
00000000  g_pfnVectors                  
0000026d  oi_alloc                      
00000279  oi_free                       
00000289  oi_init_noupdate              
000002ad  oi_init                       
000002c3  oi_close                      
000002d5  oi_update                     
00000327  oi_parsePacket                
00000400  __SYSMEM_SIZE                 
00000800  __STACK_SIZE                  
00000831  oi_setLeds                    
00000875  oi_setWheels                  
000008b7  oi_loadSong                   
0000090d  oi_play_song                  
00000921  go_charge                     
0000092f  oi_uartInit                   
000009b7  oi_uartSendChar               
000009d3  oi_uartReceive                
000009fb  oi_uartSendStr                
00000a19  oi_uartSendBuff               
00000a4b  oi_checkFirmware              
00000af3  oi_shutoff_init               
00000b65  GPIOF_Handler                 
00000b7f  getDegrees                    
00000cf5  __TI_printfi                  
00001753  _nop                          
00001755  log                           
00001755  logl                          
00001b19  scan                          
00001bcb  main                          
00001e2d  lcd_init                      
00001eed  lcd_putc                      
00001f25  lcd_puts                      
00001f43  lcd_sendCommand               
00001f81  lcd_sendNibble                
00001fc5  lcd_gotoLine                  
00001fed  lcd_setCursorPos              
0000202b  lcd_printf                    
00002389  cycles2dist                   
000023a1  cycles2ms                     
000023b5  send_pulse                    
0000240f  ping_read                     
0000245f  TIMER3B_Handler               
0000249b  setup_PING                    
00002749  __aeabi_dsub                  
00002753  __aeabi_dadd                  
000028ff  __aeabi_idiv0                 
000028ff  __aeabi_ldiv0                 
00002901  get_IR_dist                   
00002939  IR_distance_calc              
0000299f  setup_IR                      
00002a7d  timer_waitMillis              
00002ab1  timer_waitMicros              
00002adb  timer_startTimer              
00002b2b  timer_stopTimer               
00002b41  timer_startClock              
00002b8d  timer_getClock                
00002b93  timer_stopClock               
00002bd5  uart_init                     
00002c65  uart_sendChar                 
00002c81  uart_sendBits                 
00002c9d  uart_receive                  
00002cc3  uart_sendStr                  
00002e51  __aeabi_ddiv                  
00002f89  move_servo                    
00002fed  setup_servo                   
000031cd  setup_ContactSensors          
000031dd  updateContactSensors          
000031e9  bumperHitLeft                 
000031fd  bumperHitRight                
00003211  cliffMiddleLeft               
00003225  cliffFrontLeft                
00003239  cliffFrontRight               
0000324d  cliffMiddleRight              
00003261  sensorTrip                    
0000329b  boundaryHit                   
000032e5  ldexp                         
000032e5  ldexpl                        
000032e5  scalbn                        
000032e5  scalbnl                       
000033f5  __aeabi_dmul                  
000034f1  free                          
0000367b  __aeabi_memcpy                
0000367b  __aeabi_memcpy4               
0000367b  __aeabi_memcpy8               
0000367b  memcpy                        
00003717  __aeabi_uldivmod              
000037ad  __aeabi_cdcmpeq               
000037ad  __aeabi_cdcmple               
00003833  __aeabi_cdrcmple              
000038b9  __aeabi_memclr                
000038b9  __aeabi_memclr4               
000038b9  __aeabi_memclr8               
000038bb  __aeabi_memset                
000038bb  __aeabi_memset4               
000038bb  __aeabi_memset8               
000038c1  memset                        
00003935  malloc                        
00003a1d  loadSongs                     
00003a89  __TI_decompress_lzss          
00003af1  frexp                         
00003af1  frexpl                        
00003bab  ltoa                          
00003c51  atoi                          
00003c9d  __aeabi_d2iz                  
00003ce5  __TI_auto_init_nobinit_nopinit
00003d29  __aeabi_d2uiz                 
00003d6d  sprintf                       
00003dad  vsnprintf                     
00003e69  _c_int00_noargs               
00003ea1  minit                         
00003ed9  IntRegister                   
00003f3d  __aeabi_i2d                   
00003f6b  calloc                        
00003fbd  __aeabi_ui2d                  
00003fdd  memccpy                       
00004029  oi_parseInt                   
00004041  strcmp                        
00004059  strchr                        
0000406f  copysign                      
0000406f  copysignl                     
00004083  strcpy                        
00004097  strlen                        
000040ab  __TI_zero_init_nomemset       
000040bd  wcslen                        
000040cf  IntMasterEnable               
000040df  lcd_clear                     
000040ef  __TI_decompress_none          
000040fd  CPUcpsie                      
00004109  ResetISR                      
00004121  __aeabi_errno_addr            
00004129  _system_pre_init              
0000412d  C$$EXIT                       
0000412d  abort                         
00004130  _ctypes_                      
00004308  __TI_Handler_Table_Base       
00004314  __TI_Handler_Table_Limit      
00004328  __TI_CINIT_Base               
00004340  __TI_CINIT_Limit              
20000000  g_pfnRAMVectors               
20000270  __stack                       
20000470  __STACK_TOP                   
20000a70  __STACK_END                   
20000a70  _sys_memory                   
20000ec4  string                        
20000f10  sensor_data                   
20000f14  time_diff                     
20000f18  last_time                     
20000f1c  current_time                  
20000f20  waiting_fall_flag             
20000f24  overflow                      
20000f28  ready                         
20000f2c  period_width                  
20000f30  lowCalibrate                  
20000f34  highCalibrate                 
20000f38  timeBuffer                    
20000f3c  left_wheel_speed              
20000f3d  right_wheel_speed             
20000f3e  sensorTripDistance            
20000f40  IR_dist                       
20000f44  sonar_dist                    
20000f48  sonar_cycles                  
20000f68  _lock                         
20000f6c  _unlock                       
20000f70  errno                         
ffffffff  __TI_pprof_out_hndl           
ffffffff  __TI_prof_data_size           
ffffffff  __TI_prof_data_start          
ffffffff  __binit__                     
ffffffff  __c_args__                    
ffffffff  binit                         
UNDEFED   __mpu_init                    
UNDEFED   _system_post_cinit            

[174 symbols]
