******************************************************************************
                  TI ARM Linker PC v18.1.2                     
******************************************************************************
>> Linked Thu Nov 29 14:40:04 2018

OUTPUT FILE NAME:   <CPRE288FinalProjectSearchBotTheSpice.out>
ENTRY POINT SYMBOL: "_c_int00_noargs"  address: 00003ff9


MEMORY CONFIGURATION

         name            origin    length      used     unused   attr    fill
----------------------  --------  ---------  --------  --------  ----  --------
  FLASH                 00000000   00040000  000044d4  0003bb2c  R  X
  SRAM                  20000000   00008000  00000f70  00007090  RW X


SEGMENT ALLOCATION MAP

run origin  load origin   length   init length attrs members
----------  ----------- ---------- ----------- ----- -------
00000000    00000000    000044d8   000044d8    r-x
  00000000    00000000    0000026c   0000026c    r-- .intvecs
  0000026c    0000026c    00004054   00004054    r-x .text
  000042c0    000042c0    0000019c   0000019c    r-- .const
  00004460    00004460    00000078   00000078    r-- .cinit
20000000    20000000    00000f74   00000000    rw-
  20000000    20000000    0000026c   00000000    rw- .vtable
  20000270    20000270    00000800   00000000    rw- .stack
  20000a70    20000a70    00000400   00000000    rw- .sysmem
  20000e70    20000e70    00000094   00000000    rw- .bss
  20000f04    20000f04    00000070   00000000    rw- .data


SECTION ALLOCATION MAP

 output                                  attributes/
section   page    origin      length       input sections
--------  ----  ----------  ----------   ----------------
.intvecs   0    00000000    0000026c     
                  00000000    0000026c     tm4c123gh6pm_startup_ccs.obj (.intvecs)

.text      0    0000026c    00004054     
                  0000026c    00000a88     open_interface.obj (.text)
                  00000cf4    00000a5e     rtsv7M4_T_le_v4SPD16_eabi.lib : _printfi.c.obj (.text:__TI_printfi)
                  00001752    00000002                                   : _lock.c.obj (.text:_nop)
                  00001754    00000464     main.obj (.text)
                  00001bb8    000003c4     rtsv7M4_T_le_v4SPD16_eabi.lib : e_log.c.obj (.text:log)
                  00001f7c    000002ec     lcd.obj (.text)
                  00002268    00000270     rtsv7M4_T_le_v4SPD16_eabi.lib : _printfi.c.obj (.text:_pconv_a)
                  000024d8    000001f0     SonarSensor.obj (.text)
                  000026c8    000001d0     rtsv7M4_T_le_v4SPD16_eabi.lib : _printfi.c.obj (.text:_pconv_g)
                  00002898    000001b6                                   : fd_add_t2.asm.obj (.text)
                  00002a4e    00000002                                   : div0.asm.obj (.text)
                  00002a50    0000017c     IRSensor.obj (.text)
                  00002bcc    00000158     ContactSensors.obj (.text)
                  00002d24    00000158     timer.obj (.text)
                  00002e7c    00000140     uart.obj (.text)
                  00002fbc    0000013c     rtsv7M4_T_le_v4SPD16_eabi.lib : _printfi.c.obj (.text:_pconv_e)
                  000030f8    00000136                                   : fd_div_t2.asm.obj (.text)
                  0000322e    00000002     --HOLE-- [fill = 0]
                  00003230    00000124     Servo.obj (.text)
                  00003354    00000120     rtsv7M4_T_le_v4SPD16_eabi.lib : _printfi.c.obj (.text:fcvt)
                  00003474    00000110                                   : s_scalbn.c.obj (.text:scalbn)
                  00003584    000000fc                                   : fd_mul_t2.asm.obj (.text)
                  00003680    000000d8                                   : memory.c.obj (.text:free)
                  00003758    000000b1                                   : _printfi.c.obj (.text:_ltostr)
                  00003809    00000001     --HOLE-- [fill = 0]
                  0000380a    0000009c                                   : memcpy_t2.asm.obj (.text)
                  000038a6    00000096                                   : ull_div_t2.asm.obj (.text)
                  0000393c    00000086                                   : fd_cmp_t2.asm.obj (.text:__aeabi_cdcmple)
                  000039c2    00000086                                   : fd_cmp_t2.asm.obj (.text:__aeabi_cdrcmple)
                  00003a48    0000007a                                   : memset_t2.asm.obj (.text)
                  00003ac2    00000002     --HOLE-- [fill = 0]
                  00003ac4    00000078                                   : memory.c.obj (.text:malloc)
                  00003b3c    0000006e                                   : _printfi.c.obj (.text:_mcpy)
                  00003baa    00000002     --HOLE-- [fill = 0]
                  00003bac    0000006c     music.obj (.text)
                  00003c18    00000068     rtsv7M4_T_le_v4SPD16_eabi.lib : copy_decompress_lzss.c.obj (.text:decompress:lzss:__TI_decompress_lzss)
                  00003c80    00000064                                   : s_frexp.c.obj (.text:frexp)
                  00003ce4    00000056                                   : _printfi.c.obj (.text:_pconv_f)
                  00003d3a    00000054                                   : ltoa.c.obj (.text:ltoa)
                  00003d8e    00000052                                   : _printfi.c.obj (.text:_ecpy)
                  00003de0    0000004c                                   : atoi.c.obj (.text:atoi)
                  00003e2c    00000048                                   : fd_toi_t2.asm.obj (.text)
                  00003e74    00000044                                   : autoinit.c.obj (.text:__TI_auto_init_nobinit_nopinit:__TI_auto_init_nobinit_nopinit)
                  00003eb8    00000044                                   : fd_tou_t2.asm.obj (.text)
                  00003efc    00000040                                   : sprintf.c.obj (.text:sprintf)
                  00003f3c    00000040                                   : vsnprintf.c.obj (.text:vsnprintf)
                  00003f7c    0000003e                                   : _printfi.c.obj (.text:_fcpy)
                  00003fba    00000002     --HOLE-- [fill = 0]
                  00003fbc    0000003c                                   : memory.c.obj (.text:minsert)
                  00003ff8    00000038                                   : boot_cortex_m.c.obj (.text:_c_int00_noargs:_c_int00_noargs)
                  00004030    00000038                                   : memory.c.obj (.text:minit)
                  00004068    00000034     driverlib.lib : interrupt.obj (.text:IntRegister)
                  0000409c    00000030     rtsv7M4_T_le_v4SPD16_eabi.lib : vsnprintf.c.obj (.text:_outs)
                  000040cc    0000002e                                   : i_tofd_t2.asm.obj (.text)
                  000040fa    0000002a                                   : memory.c.obj (.text:calloc)
                  00004124    00000028                                   : memory.c.obj (.text:mremove)
                  0000414c    00000020                                   : u_tofd_t2.asm.obj (.text)
                  0000416c    0000001c                                   : memccpy.c.obj (.text:memccpy)
                  00004188    00000018                                   : vsnprintf.c.obj (.text:_outc)
                  000041a0    00000018                                   : sprintf.c.obj (.text:_outs)
                  000041b8    00000018     open_interface.obj (.text:oi_parseInt)
                  000041d0    00000018     rtsv7M4_T_le_v4SPD16_eabi.lib : strcmp.c.obj (.text:strcmp)
                  000041e8    00000016                                   : strchr.c.obj (.text:strchr)
                  000041fe    00000014                                   : s_copysign.c.obj (.text:copysign)
                  00004212    00000014                                   : strcpy.c.obj (.text:strcpy)
                  00004226    00000014                                   : strlen.c.obj (.text:strlen)
                  0000423a    00000012                                   : copy_zero_init.c.obj (.text:decompress:ZI:__TI_zero_init_nomemset:__TI_zero_init_nomemset)
                  0000424c    00000012                                   : wcslen.c.obj (.text:wcslen)
                  0000425e    00000010     driverlib.lib : interrupt.obj (.text:IntMasterEnable)
                  0000426e    00000010     lcd.obj (.text:lcd_clear)
                  0000427e    0000000e     rtsv7M4_T_le_v4SPD16_eabi.lib : copy_decompress_none.c.obj (.text:decompress:none:__TI_decompress_none)
                  0000428c    0000000c     driverlib.lib : cpu.obj (.text:CPUcpsie)
                  00004298    0000000c     tm4c123gh6pm_startup_ccs.obj (.text)
                  000042a4    0000000a     rtsv7M4_T_le_v4SPD16_eabi.lib : sprintf.c.obj (.text:_outc)
                  000042ae    00000002     --HOLE-- [fill = 0]
                  000042b0    00000008                                   : errno.c.obj (.text:__aeabi_errno_addr)
                  000042b8    00000004                                   : pre_init.c.obj (.text:_system_pre_init)
                  000042bc    00000004                                   : exit.c.obj (.text:abort:abort)

.const     0    000042c0    0000019c     
                  000042c0    00000101     rtsv7M4_T_le_v4SPD16_eabi.lib : ctype.c.obj (.const:.string:_ctypes_)
                  000043c1    00000024     music.obj (.const:.string:$P$T2$3)
                  000043e5    00000024     music.obj (.const:.string:$P$T3$4)
                  00004409    0000001e     music.obj (.const:.string:$P$T0$1)
                  00004427    0000001e     music.obj (.const:.string:$P$T1$2)
                  00004445    0000000f     open_interface.obj (.const:.string:$P$T0$3)
                  00004454    00000004     lcd.obj (.const:.string:lineAddress$1)
                  00004458    00000004     lcd.obj (.const:.string:lineAddresses$2)

.cinit     0    00004460    00000078     
                  00004460    00000040     (.cinit..data.load) [load image, compression = lzss]
                  000044a0    0000000c     (__TI_handler_table)
                  000044ac    00000004     --HOLE-- [fill = 0]
                  000044b0    00000008     (.cinit..bss.load) [load image, compression = zero_init]
                  000044b8    00000008     (.cinit..vtable.load) [load image, compression = zero_init]
                  000044c0    00000018     (__TI_cinit_table)

.init_array 
*          0    00000000    00000000     UNINITIALIZED

.vtable    0    20000000    0000026c     UNINITIALIZED
                  20000000    0000026c     driverlib.lib : interrupt.obj (.vtable)

.stack     0    20000270    00000800     UNINITIALIZED
                  20000270    00000004     rtsv7M4_T_le_v4SPD16_eabi.lib : boot_cortex_m.c.obj (.stack)
                  20000274    000007fc     --HOLE--

.sysmem    0    20000a70    00000400     UNINITIALIZED
                  20000a70    00000008     rtsv7M4_T_le_v4SPD16_eabi.lib : memory.c.obj (.sysmem)
                  20000a78    000003f8     --HOLE--

.bss       0    20000e70    00000094     UNINITIALIZED
                  20000e70    00000054     lcd.obj (.bss:lastbuffer$3)
                  20000ec4    00000020     (.common:string)
                  20000ee4    00000018     open_interface.obj (.bss:firmware$2)
                  20000efc    00000004     (.common:sensor_data)
                  20000f00    00000004     (.common:time_diff)

.data      0    20000f04    00000070     UNINITIALIZED
                  20000f04    00000024     main.obj (.data)
                  20000f28    00000011     SonarSensor.obj (.data)
                  20000f39    00000003     --HOLE--
                  20000f3c    00000010     Servo.obj (.data)
                  20000f4c    00000010     open_interface.obj (.data)
                  20000f5c    0000000c     rtsv7M4_T_le_v4SPD16_eabi.lib : memory.c.obj (.data:$O1$$)
                  20000f68    00000008                                   : _lock.c.obj (.data:$O1$$)
                  20000f70    00000004                                   : errno.c.obj (.data)

MODULE SUMMARY

       Module                         code    ro data   rw data
       ------                         ----    -------   -------
    .\
       open_interface.obj             2720    15        40     
       main.obj                       1124    0         68     
       lcd.obj                        764     8         84     
       tm4c123gh6pm_startup_ccs.obj   12      620       0      
       SonarSensor.obj                496     0         21     
       IRSensor.obj                   380     0         0      
       ContactSensors.obj             344     0         4      
       timer.obj                      344     0         0      
       uart.obj                       320     0         0      
       Servo.obj                      292     0         16     
       music.obj                      108     132       0      
    +--+------------------------------+-------+---------+---------+
       Total:                         6904    775       233    
                                                               
    C:/ti/TivaWare_C_Series-2.1.4.178/driverlib/ccs/Debug/driverlib.lib
       interrupt.obj                  68      0         620    
       cpu.obj                        12      0         0      
    +--+------------------------------+-------+---------+---------+
       Total:                         80      0         620    
                                                               
    C:\ti\ccsv8\tools\compiler\ti-cgt-arm_18.1.2.LTS\lib\rtsv7M4_T_le_v4SPD16_eabi.lib
       _printfi.c.obj                 4863    0         0      
       e_log.c.obj                    964     0         0      
       memory.c.obj                   534     0         12     
       fd_add_t2.asm.obj              438     0         0      
       fd_div_t2.asm.obj              310     0         0      
       s_scalbn.c.obj                 272     0         0      
       fd_cmp_t2.asm.obj              268     0         0      
       ctype.c.obj                    0       257       0      
       fd_mul_t2.asm.obj              252     0         0      
       memcpy_t2.asm.obj              156     0         0      
       ull_div_t2.asm.obj             150     0         0      
       vsnprintf.c.obj                136     0         0      
       memset_t2.asm.obj              122     0         0      
       copy_decompress_lzss.c.obj     104     0         0      
       s_frexp.c.obj                  100     0         0      
       sprintf.c.obj                  98      0         0      
       ltoa.c.obj                     84      0         0      
       atoi.c.obj                     76      0         0      
       fd_toi_t2.asm.obj              72      0         0      
       autoinit.c.obj                 68      0         0      
       fd_tou_t2.asm.obj              68      0         0      
       boot_cortex_m.c.obj            56      0         0      
       i_tofd_t2.asm.obj              46      0         0      
       u_tofd_t2.asm.obj              32      0         0      
       memccpy.c.obj                  28      0         0      
       strcmp.c.obj                   24      0         0      
       strchr.c.obj                   22      0         0      
       s_copysign.c.obj               20      0         0      
       strcpy.c.obj                   20      0         0      
       strlen.c.obj                   20      0         0      
       copy_zero_init.c.obj           18      0         0      
       wcslen.c.obj                   18      0         0      
       copy_decompress_none.c.obj     14      0         0      
       errno.c.obj                    8       0         4      
       _lock.c.obj                    2       0         8      
       exit.c.obj                     4       0         0      
       pre_init.c.obj                 4       0         0      
       div0.asm.obj                   2       0         0      
    +--+------------------------------+-------+---------+---------+
       Total:                         9473    257       24     
                                                               
       Heap:                          0       0         1024   
       Stack:                         0       0         2048   
       Linker Generated:              0       116       0      
    +--+------------------------------+-------+---------+---------+
       Grand Total:                   16457   1148      3949   


LINKER GENERATED COPY TABLES

__TI_cinit_table @ 000044c0 records: 3, size/record: 8, table size: 24
	.data: load addr=00004460, load size=00000040 bytes, run addr=20000f04, run size=00000070 bytes, compression=lzss
	.bss: load addr=000044b0, load size=00000008 bytes, run addr=20000e70, run size=00000094 bytes, compression=zero_init
	.vtable: load addr=000044b8, load size=00000008 bytes, run addr=20000000, run size=0000026c bytes, compression=zero_init


LINKER GENERATED HANDLER TABLE

__TI_handler_table @ 000044a0 records: 3, size/record: 4, table size: 12
	index: 0, handler: __TI_zero_init
	index: 1, handler: __TI_decompress_lzss
	index: 2, handler: __TI_decompress_none


GLOBAL SYMBOLS: SORTED ALPHABETICALLY BY Name 

address   name                          
-------   ----                          
000042bd  C$$EXIT                       
0000428d  CPUcpsie                      
00000b65  GPIOF_Handler                 
20000f1c  IR_dist                       
00002a89  IR_distance_calc              
0000425f  IntMasterEnable               
00004069  IntRegister                   
00004299  ResetISR                      
000025af  TIMER3B_Handler               
20000a70  __STACK_END                   
00000800  __STACK_SIZE                  
20000470  __STACK_TOP                   
00000400  __SYSMEM_SIZE                 
000044c0  __TI_CINIT_Base               
000044d8  __TI_CINIT_Limit              
000044a0  __TI_Handler_Table_Base       
000044ac  __TI_Handler_Table_Limit      
00003e75  __TI_auto_init_nobinit_nopinit
00003c19  __TI_decompress_lzss          
0000427f  __TI_decompress_none          
ffffffff  __TI_pprof_out_hndl           
00000cf5  __TI_printfi                  
ffffffff  __TI_prof_data_size           
ffffffff  __TI_prof_data_start          
00000000  __TI_static_base__            
0000423b  __TI_zero_init_nomemset       
0000393d  __aeabi_cdcmpeq               
0000393d  __aeabi_cdcmple               
000039c3  __aeabi_cdrcmple              
00003e2d  __aeabi_d2iz                  
00003eb9  __aeabi_d2uiz                 
000028a3  __aeabi_dadd                  
000030f9  __aeabi_ddiv                  
00003585  __aeabi_dmul                  
00002899  __aeabi_dsub                  
000042b1  __aeabi_errno_addr            
000040cd  __aeabi_i2d                   
00002a4f  __aeabi_idiv0                 
00002a4f  __aeabi_ldiv0                 
00003a49  __aeabi_memclr                
00003a49  __aeabi_memclr4               
00003a49  __aeabi_memclr8               
0000380b  __aeabi_memcpy                
0000380b  __aeabi_memcpy4               
0000380b  __aeabi_memcpy8               
00003a4b  __aeabi_memset                
00003a4b  __aeabi_memset4               
00003a4b  __aeabi_memset8               
0000414d  __aeabi_ui2d                  
000038a7  __aeabi_uldivmod              
ffffffff  __binit__                     
ffffffff  __c_args__                    
UNDEFED   __mpu_init                    
20000270  __stack                       
00003ff9  _c_int00_noargs               
000042c0  _ctypes_                      
20000f68  _lock                         
00001753  _nop                          
20000a70  _sys_memory                   
UNDEFED   _system_post_cinit            
000042b9  _system_pre_init              
20000f6c  _unlock                       
000042bd  abort                         
00003de1  atoi                          
ffffffff  binit                         
00002c95  boundaryHit                   
00002be9  bumperHitLeft                 
00002bfd  bumperHitRight                
000040fb  calloc                        
00002c25  cliffFrontLeft                
00002c39  cliffFrontRight               
00002c11  cliffMiddleLeft               
00002c4d  cliffMiddleRight              
000041ff  copysign                      
000041ff  copysignl                     
20000f2c  current_time                  
000024d9  cycles2dist                   
000024f1  cycles2ms                     
20000f70  errno                         
00003681  free                          
00003c81  frexp                         
00003c81  frexpl                        
20000000  g_pfnRAMVectors               
00000000  g_pfnVectors                  
00000b7f  getDegrees                    
00002a51  get_IR_dist                   
00000921  go_charge                     
20000f44  highCalibrate                 
20000f28  last_time                     
0000426f  lcd_clear                     
00002115  lcd_gotoLine                  
00001f7d  lcd_init                      
0000217b  lcd_printf                    
0000203d  lcd_putc                      
00002075  lcd_puts                      
00002093  lcd_sendCommand               
000020d1  lcd_sendNibble                
0000213d  lcd_setCursorPos              
00003475  ldexp                         
00003475  ldexpl                        
20000f04  left_wheel_speed              
20000f08  left_wheel_speed_turn         
00003bad  loadSongs                     
00001bb9  log                           
00001bb9  logl                          
20000f40  lowCalibrate                  
00003d3b  ltoa                          
0000183d  main                          
00003ac5  malloc                        
0000416d  memccpy                       
0000380b  memcpy                        
00003a51  memset                        
00004031  minit                         
00003231  move_servo                    
0000026d  oi_alloc                      
00000a4b  oi_checkFirmware              
000002c3  oi_close                      
00000279  oi_free                       
000002ad  oi_init                       
00000289  oi_init_noupdate              
000008b7  oi_loadSong                   
000041b9  oi_parseInt                   
00000327  oi_parsePacket                
0000090d  oi_play_song                  
00000831  oi_setLeds                    
00000875  oi_setWheels                  
00000af3  oi_shutoff_init               
0000092f  oi_uartInit                   
000009d3  oi_uartReceive                
00000a19  oi_uartSendBuff               
000009b7  oi_uartSendChar               
000009fb  oi_uartSendStr                
000002d5  oi_update                     
20000f34  overflow                      
20000f3c  period_width                  
0000255f  ping_read                     
20000f38  ready                         
20000f0c  right_wheel_speed             
20000f10  right_wheel_speed_turn        
00003475  scalbn                        
00003475  scalbnl                       
00001755  scan                          
00002505  send_pulse                    
00002c61  sensorTrip                    
20000f14  sensorTripDistance            
20000efc  sensor_data                   
00002bcd  setup_ContactSensors          
00002aef  setup_IR                      
000025eb  setup_PING                    
00003295  setup_servo                   
20000f24  sonar_cycles                  
20000f20  sonar_dist                    
00003efd  sprintf                       
000041e9  strchr                        
000041d1  strcmp                        
00004213  strcpy                        
20000ec4  string                        
00004227  strlen                        
20000f48  timeBuffer                    
20000f00  time_diff                     
20000f18  timer_30degree_calibration    
00002e35  timer_getClock                
00002de9  timer_startClock              
00002d83  timer_startTimer              
00002e3b  timer_stopClock               
00002dd3  timer_stopTimer               
00002d59  timer_waitMicros              
00002d25  timer_waitMillis              
00002e7d  uart_init                     
00002f45  uart_receive                  
00002f29  uart_sendBits                 
00002f0d  uart_sendChar                 
00002f6b  uart_sendStr                  
00002bdd  updateContactSensors          
00003f3d  vsnprintf                     
20000f30  waiting_fall_flag             
0000424d  wcslen                        
00002cdb  winBoundaryHit                


GLOBAL SYMBOLS: SORTED BY Symbol Address 

address   name                          
-------   ----                          
00000000  __TI_static_base__            
00000000  g_pfnVectors                  
0000026d  oi_alloc                      
00000279  oi_free                       
00000289  oi_init_noupdate              
000002ad  oi_init                       
000002c3  oi_close                      
000002d5  oi_update                     
00000327  oi_parsePacket                
00000400  __SYSMEM_SIZE                 
00000800  __STACK_SIZE                  
00000831  oi_setLeds                    
00000875  oi_setWheels                  
000008b7  oi_loadSong                   
0000090d  oi_play_song                  
00000921  go_charge                     
0000092f  oi_uartInit                   
000009b7  oi_uartSendChar               
000009d3  oi_uartReceive                
000009fb  oi_uartSendStr                
00000a19  oi_uartSendBuff               
00000a4b  oi_checkFirmware              
00000af3  oi_shutoff_init               
00000b65  GPIOF_Handler                 
00000b7f  getDegrees                    
00000cf5  __TI_printfi                  
00001753  _nop                          
00001755  scan                          
0000183d  main                          
00001bb9  log                           
00001bb9  logl                          
00001f7d  lcd_init                      
0000203d  lcd_putc                      
00002075  lcd_puts                      
00002093  lcd_sendCommand               
000020d1  lcd_sendNibble                
00002115  lcd_gotoLine                  
0000213d  lcd_setCursorPos              
0000217b  lcd_printf                    
000024d9  cycles2dist                   
000024f1  cycles2ms                     
00002505  send_pulse                    
0000255f  ping_read                     
000025af  TIMER3B_Handler               
000025eb  setup_PING                    
00002899  __aeabi_dsub                  
000028a3  __aeabi_dadd                  
00002a4f  __aeabi_idiv0                 
00002a4f  __aeabi_ldiv0                 
00002a51  get_IR_dist                   
00002a89  IR_distance_calc              
00002aef  setup_IR                      
00002bcd  setup_ContactSensors          
00002bdd  updateContactSensors          
00002be9  bumperHitLeft                 
00002bfd  bumperHitRight                
00002c11  cliffMiddleLeft               
00002c25  cliffFrontLeft                
00002c39  cliffFrontRight               
00002c4d  cliffMiddleRight              
00002c61  sensorTrip                    
00002c95  boundaryHit                   
00002cdb  winBoundaryHit                
00002d25  timer_waitMillis              
00002d59  timer_waitMicros              
00002d83  timer_startTimer              
00002dd3  timer_stopTimer               
00002de9  timer_startClock              
00002e35  timer_getClock                
00002e3b  timer_stopClock               
00002e7d  uart_init                     
00002f0d  uart_sendChar                 
00002f29  uart_sendBits                 
00002f45  uart_receive                  
00002f6b  uart_sendStr                  
000030f9  __aeabi_ddiv                  
00003231  move_servo                    
00003295  setup_servo                   
00003475  ldexp                         
00003475  ldexpl                        
00003475  scalbn                        
00003475  scalbnl                       
00003585  __aeabi_dmul                  
00003681  free                          
0000380b  __aeabi_memcpy                
0000380b  __aeabi_memcpy4               
0000380b  __aeabi_memcpy8               
0000380b  memcpy                        
000038a7  __aeabi_uldivmod              
0000393d  __aeabi_cdcmpeq               
0000393d  __aeabi_cdcmple               
000039c3  __aeabi_cdrcmple              
00003a49  __aeabi_memclr                
00003a49  __aeabi_memclr4               
00003a49  __aeabi_memclr8               
00003a4b  __aeabi_memset                
00003a4b  __aeabi_memset4               
00003a4b  __aeabi_memset8               
00003a51  memset                        
00003ac5  malloc                        
00003bad  loadSongs                     
00003c19  __TI_decompress_lzss          
00003c81  frexp                         
00003c81  frexpl                        
00003d3b  ltoa                          
00003de1  atoi                          
00003e2d  __aeabi_d2iz                  
00003e75  __TI_auto_init_nobinit_nopinit
00003eb9  __aeabi_d2uiz                 
00003efd  sprintf                       
00003f3d  vsnprintf                     
00003ff9  _c_int00_noargs               
00004031  minit                         
00004069  IntRegister                   
000040cd  __aeabi_i2d                   
000040fb  calloc                        
0000414d  __aeabi_ui2d                  
0000416d  memccpy                       
000041b9  oi_parseInt                   
000041d1  strcmp                        
000041e9  strchr                        
000041ff  copysign                      
000041ff  copysignl                     
00004213  strcpy                        
00004227  strlen                        
0000423b  __TI_zero_init_nomemset       
0000424d  wcslen                        
0000425f  IntMasterEnable               
0000426f  lcd_clear                     
0000427f  __TI_decompress_none          
0000428d  CPUcpsie                      
00004299  ResetISR                      
000042b1  __aeabi_errno_addr            
000042b9  _system_pre_init              
000042bd  C$$EXIT                       
000042bd  abort                         
000042c0  _ctypes_                      
000044a0  __TI_Handler_Table_Base       
000044ac  __TI_Handler_Table_Limit      
000044c0  __TI_CINIT_Base               
000044d8  __TI_CINIT_Limit              
20000000  g_pfnRAMVectors               
20000270  __stack                       
20000470  __STACK_TOP                   
20000a70  __STACK_END                   
20000a70  _sys_memory                   
20000ec4  string                        
20000efc  sensor_data                   
20000f00  time_diff                     
20000f04  left_wheel_speed              
20000f08  left_wheel_speed_turn         
20000f0c  right_wheel_speed             
20000f10  right_wheel_speed_turn        
20000f14  sensorTripDistance            
20000f18  timer_30degree_calibration    
20000f1c  IR_dist                       
20000f20  sonar_dist                    
20000f24  sonar_cycles                  
20000f28  last_time                     
20000f2c  current_time                  
20000f30  waiting_fall_flag             
20000f34  overflow                      
20000f38  ready                         
20000f3c  period_width                  
20000f40  lowCalibrate                  
20000f44  highCalibrate                 
20000f48  timeBuffer                    
20000f68  _lock                         
20000f6c  _unlock                       
20000f70  errno                         
ffffffff  __TI_pprof_out_hndl           
ffffffff  __TI_prof_data_size           
ffffffff  __TI_prof_data_start          
ffffffff  __binit__                     
ffffffff  __c_args__                    
ffffffff  binit                         
UNDEFED   __mpu_init                    
UNDEFED   _system_post_cinit            

[178 symbols]
