<?xml version="1.0" encoding="ISO-8859-1" ?>
<link_info>
   <banner>TI ARM Linker PC v18.1.2.LTS</banner>
   <copyright>Copyright (c) 1996-2017 Texas Instruments Incorporated</copyright>
   <link_time>0x5be1f121</link_time>
   <link_errors>0x0</link_errors>
   <output_file>CPRE288FinalProjectSearchBotTheSpice.out</output_file>
   <entry_point>
      <name>_c_int00_noargs</name>
      <address>0x4d69</address>
   </entry_point>
   <input_file_list>
      <input_file id="fl-2">
         <path>.\</path>
         <kind>object</kind>
         <file>button.obj</file>
         <name>button.obj</name>
      </input_file>
      <input_file id="fl-3">
         <path>.\</path>
         <kind>object</kind>
         <file>lcd.obj</file>
         <name>lcd.obj</name>
      </input_file>
      <input_file id="fl-4">
         <path>.\</path>
         <kind>object</kind>
         <file>main.obj</file>
         <name>main.obj</name>
      </input_file>
      <input_file id="fl-5">
         <path>.\</path>
         <kind>object</kind>
         <file>movementCommands.obj</file>
         <name>movementCommands.obj</name>
      </input_file>
      <input_file id="fl-6">
         <path>.\</path>
         <kind>object</kind>
         <file>open_interface.obj</file>
         <name>open_interface.obj</name>
      </input_file>
      <input_file id="fl-7">
         <path>.\</path>
         <kind>object</kind>
         <file>timer.obj</file>
         <name>timer.obj</name>
      </input_file>
      <input_file id="fl-8">
         <path>.\</path>
         <kind>object</kind>
         <file>tm4c123gh6pm_startup_ccs.obj</file>
         <name>tm4c123gh6pm_startup_ccs.obj</name>
      </input_file>
      <input_file id="fl-9">
         <path>.\</path>
         <kind>object</kind>
         <file>uart.obj</file>
         <name>uart.obj</name>
      </input_file>
      <input_file id="fl-e">
         <kind>object</kind>
         <file>&lt;internal&gt;</file>
         <name>&lt;internal&gt;</name>
      </input_file>
      <input_file id="fl-c4">
         <path>C:\ti\ccsv8\tools\compiler\ti-cgt-arm_18.1.2.LTS\lib\</path>
         <kind>archive</kind>
         <file>rtsv7M4_T_le_v4SPD16_eabi.lib</file>
         <name>e_log.c.obj</name>
      </input_file>
      <input_file id="fl-c5">
         <path>C:\ti\ccsv8\tools\compiler\ti-cgt-arm_18.1.2.LTS\lib\</path>
         <kind>archive</kind>
         <file>rtsv7M4_T_le_v4SPD16_eabi.lib</file>
         <name>s_sin.c.obj</name>
      </input_file>
      <input_file id="fl-c6">
         <path>C:\ti\ccsv8\tools\compiler\ti-cgt-arm_18.1.2.LTS\lib\</path>
         <kind>archive</kind>
         <file>rtsv7M4_T_le_v4SPD16_eabi.lib</file>
         <name>fd_add_t2.asm.obj</name>
      </input_file>
      <input_file id="fl-c7">
         <path>C:\ti\ccsv8\tools\compiler\ti-cgt-arm_18.1.2.LTS\lib\</path>
         <kind>archive</kind>
         <file>rtsv7M4_T_le_v4SPD16_eabi.lib</file>
         <name>fd_cmp_t2.asm.obj</name>
      </input_file>
      <input_file id="fl-c8">
         <path>C:\ti\ccsv8\tools\compiler\ti-cgt-arm_18.1.2.LTS\lib\</path>
         <kind>archive</kind>
         <file>rtsv7M4_T_le_v4SPD16_eabi.lib</file>
         <name>fd_div_t2.asm.obj</name>
      </input_file>
      <input_file id="fl-c9">
         <path>C:\ti\ccsv8\tools\compiler\ti-cgt-arm_18.1.2.LTS\lib\</path>
         <kind>archive</kind>
         <file>rtsv7M4_T_le_v4SPD16_eabi.lib</file>
         <name>fd_mul_t2.asm.obj</name>
      </input_file>
      <input_file id="fl-ca">
         <path>C:\ti\ccsv8\tools\compiler\ti-cgt-arm_18.1.2.LTS\lib\</path>
         <kind>archive</kind>
         <file>rtsv7M4_T_le_v4SPD16_eabi.lib</file>
         <name>fd_toi_t2.asm.obj</name>
      </input_file>
      <input_file id="fl-cb">
         <path>C:\ti\ccsv8\tools\compiler\ti-cgt-arm_18.1.2.LTS\lib\</path>
         <kind>archive</kind>
         <file>rtsv7M4_T_le_v4SPD16_eabi.lib</file>
         <name>fd_tou_t2.asm.obj</name>
      </input_file>
      <input_file id="fl-cc">
         <path>C:\ti\ccsv8\tools\compiler\ti-cgt-arm_18.1.2.LTS\lib\</path>
         <kind>archive</kind>
         <file>rtsv7M4_T_le_v4SPD16_eabi.lib</file>
         <name>i_tofd_t2.asm.obj</name>
      </input_file>
      <input_file id="fl-cd">
         <path>C:\ti\ccsv8\tools\compiler\ti-cgt-arm_18.1.2.LTS\lib\</path>
         <kind>archive</kind>
         <file>rtsv7M4_T_le_v4SPD16_eabi.lib</file>
         <name>memcpy_t2.asm.obj</name>
      </input_file>
      <input_file id="fl-ce">
         <path>C:\ti\ccsv8\tools\compiler\ti-cgt-arm_18.1.2.LTS\lib\</path>
         <kind>archive</kind>
         <file>rtsv7M4_T_le_v4SPD16_eabi.lib</file>
         <name>u_tofd_t2.asm.obj</name>
      </input_file>
      <input_file id="fl-cf">
         <path>C:\ti\ccsv8\tools\compiler\ti-cgt-arm_18.1.2.LTS\lib\</path>
         <kind>archive</kind>
         <file>rtsv7M4_T_le_v4SPD16_eabi.lib</file>
         <name>copy_zero_init.c.obj</name>
      </input_file>
      <input_file id="fl-d0">
         <path>C:\ti\ccsv8\tools\compiler\ti-cgt-arm_18.1.2.LTS\lib\</path>
         <kind>archive</kind>
         <file>rtsv7M4_T_le_v4SPD16_eabi.lib</file>
         <name>copy_decompress_none.c.obj</name>
      </input_file>
      <input_file id="fl-d1">
         <path>C:\ti\ccsv8\tools\compiler\ti-cgt-arm_18.1.2.LTS\lib\</path>
         <kind>archive</kind>
         <file>rtsv7M4_T_le_v4SPD16_eabi.lib</file>
         <name>copy_decompress_lzss.c.obj</name>
      </input_file>
      <input_file id="fl-d2">
         <path>C:\ti\ccsv8\tools\compiler\ti-cgt-arm_18.1.2.LTS\lib\</path>
         <kind>archive</kind>
         <file>rtsv7M4_T_le_v4SPD16_eabi.lib</file>
         <name>boot_cortex_m.c.obj</name>
      </input_file>
      <input_file id="fl-d3">
         <path>C:\ti\ccsv8\tools\compiler\ti-cgt-arm_18.1.2.LTS\lib\</path>
         <kind>archive</kind>
         <file>rtsv7M4_T_le_v4SPD16_eabi.lib</file>
         <name>errno.c.obj</name>
      </input_file>
      <input_file id="fl-d4">
         <path>C:\ti\ccsv8\tools\compiler\ti-cgt-arm_18.1.2.LTS\lib\</path>
         <kind>archive</kind>
         <file>rtsv7M4_T_le_v4SPD16_eabi.lib</file>
         <name>exit.c.obj</name>
      </input_file>
      <input_file id="fl-d5">
         <path>C:\ti\ccsv8\tools\compiler\ti-cgt-arm_18.1.2.LTS\lib\</path>
         <kind>archive</kind>
         <file>rtsv7M4_T_le_v4SPD16_eabi.lib</file>
         <name>memory.c.obj</name>
      </input_file>
      <input_file id="fl-d6">
         <path>C:\ti\ccsv8\tools\compiler\ti-cgt-arm_18.1.2.LTS\lib\</path>
         <kind>archive</kind>
         <file>rtsv7M4_T_le_v4SPD16_eabi.lib</file>
         <name>_lock.c.obj</name>
      </input_file>
      <input_file id="fl-d7">
         <path>C:\ti\ccsv8\tools\compiler\ti-cgt-arm_18.1.2.LTS\lib\</path>
         <kind>archive</kind>
         <file>rtsv7M4_T_le_v4SPD16_eabi.lib</file>
         <name>args_main.c.obj</name>
      </input_file>
      <input_file id="fl-d8">
         <path>C:\ti\ccsv8\tools\compiler\ti-cgt-arm_18.1.2.LTS\lib\</path>
         <kind>archive</kind>
         <file>rtsv7M4_T_le_v4SPD16_eabi.lib</file>
         <name>sprintf.c.obj</name>
      </input_file>
      <input_file id="fl-d9">
         <path>C:\ti\ccsv8\tools\compiler\ti-cgt-arm_18.1.2.LTS\lib\</path>
         <kind>archive</kind>
         <file>rtsv7M4_T_le_v4SPD16_eabi.lib</file>
         <name>strcmp.c.obj</name>
      </input_file>
      <input_file id="fl-da">
         <path>C:\ti\ccsv8\tools\compiler\ti-cgt-arm_18.1.2.LTS\lib\</path>
         <kind>archive</kind>
         <file>rtsv7M4_T_le_v4SPD16_eabi.lib</file>
         <name>strcpy.c.obj</name>
      </input_file>
      <input_file id="fl-db">
         <path>C:\ti\ccsv8\tools\compiler\ti-cgt-arm_18.1.2.LTS\lib\</path>
         <kind>archive</kind>
         <file>rtsv7M4_T_le_v4SPD16_eabi.lib</file>
         <name>vsnprintf.c.obj</name>
      </input_file>
      <input_file id="fl-dc">
         <path>C:\ti\ccsv8\tools\compiler\ti-cgt-arm_18.1.2.LTS\lib\</path>
         <kind>archive</kind>
         <file>rtsv7M4_T_le_v4SPD16_eabi.lib</file>
         <name>k_rem_pio2.c.obj</name>
      </input_file>
      <input_file id="fl-dd">
         <path>C:\ti\ccsv8\tools\compiler\ti-cgt-arm_18.1.2.LTS\lib\</path>
         <kind>archive</kind>
         <file>rtsv7M4_T_le_v4SPD16_eabi.lib</file>
         <name>k_cos.c.obj</name>
      </input_file>
      <input_file id="fl-de">
         <path>C:\ti\ccsv8\tools\compiler\ti-cgt-arm_18.1.2.LTS\lib\</path>
         <kind>archive</kind>
         <file>rtsv7M4_T_le_v4SPD16_eabi.lib</file>
         <name>k_sin.c.obj</name>
      </input_file>
      <input_file id="fl-df">
         <path>C:\ti\ccsv8\tools\compiler\ti-cgt-arm_18.1.2.LTS\lib\</path>
         <kind>archive</kind>
         <file>rtsv7M4_T_le_v4SPD16_eabi.lib</file>
         <name>s_floor.c.obj</name>
      </input_file>
      <input_file id="fl-e0">
         <path>C:\ti\ccsv8\tools\compiler\ti-cgt-arm_18.1.2.LTS\lib\</path>
         <kind>archive</kind>
         <file>rtsv7M4_T_le_v4SPD16_eabi.lib</file>
         <name>s_scalbn.c.obj</name>
      </input_file>
      <input_file id="fl-e1">
         <path>C:\ti\ccsv8\tools\compiler\ti-cgt-arm_18.1.2.LTS\lib\</path>
         <kind>archive</kind>
         <file>rtsv7M4_T_le_v4SPD16_eabi.lib</file>
         <name>s_copysign.c.obj</name>
      </input_file>
      <input_file id="fl-e2">
         <path>C:\ti\ccsv8\tools\compiler\ti-cgt-arm_18.1.2.LTS\lib\</path>
         <kind>archive</kind>
         <file>rtsv7M4_T_le_v4SPD16_eabi.lib</file>
         <name>memset_t2.asm.obj</name>
      </input_file>
      <input_file id="fl-e3">
         <path>C:\ti\ccsv8\tools\compiler\ti-cgt-arm_18.1.2.LTS\lib\</path>
         <kind>archive</kind>
         <file>rtsv7M4_T_le_v4SPD16_eabi.lib</file>
         <name>autoinit.c.obj</name>
      </input_file>
      <input_file id="fl-e4">
         <path>C:\ti\ccsv8\tools\compiler\ti-cgt-arm_18.1.2.LTS\lib\</path>
         <kind>archive</kind>
         <file>rtsv7M4_T_le_v4SPD16_eabi.lib</file>
         <name>pre_init.c.obj</name>
      </input_file>
      <input_file id="fl-e5">
         <path>C:\ti\ccsv8\tools\compiler\ti-cgt-arm_18.1.2.LTS\lib\</path>
         <kind>archive</kind>
         <file>rtsv7M4_T_le_v4SPD16_eabi.lib</file>
         <name>cpy_tbl.c.obj</name>
      </input_file>
      <input_file id="fl-e6">
         <path>C:\ti\ccsv8\tools\compiler\ti-cgt-arm_18.1.2.LTS\lib\</path>
         <kind>archive</kind>
         <file>rtsv7M4_T_le_v4SPD16_eabi.lib</file>
         <name>_printfi.c.obj</name>
      </input_file>
      <input_file id="fl-e7">
         <path>C:\ti\ccsv8\tools\compiler\ti-cgt-arm_18.1.2.LTS\lib\</path>
         <kind>archive</kind>
         <file>rtsv7M4_T_le_v4SPD16_eabi.lib</file>
         <name>atoi.c.obj</name>
      </input_file>
      <input_file id="fl-e8">
         <path>C:\ti\ccsv8\tools\compiler\ti-cgt-arm_18.1.2.LTS\lib\</path>
         <kind>archive</kind>
         <file>rtsv7M4_T_le_v4SPD16_eabi.lib</file>
         <name>ctype.c.obj</name>
      </input_file>
      <input_file id="fl-e9">
         <path>C:\ti\ccsv8\tools\compiler\ti-cgt-arm_18.1.2.LTS\lib\</path>
         <kind>archive</kind>
         <file>rtsv7M4_T_le_v4SPD16_eabi.lib</file>
         <name>ltoa.c.obj</name>
      </input_file>
      <input_file id="fl-ea">
         <path>C:\ti\ccsv8\tools\compiler\ti-cgt-arm_18.1.2.LTS\lib\</path>
         <kind>archive</kind>
         <file>rtsv7M4_T_le_v4SPD16_eabi.lib</file>
         <name>memccpy.c.obj</name>
      </input_file>
      <input_file id="fl-eb">
         <path>C:\ti\ccsv8\tools\compiler\ti-cgt-arm_18.1.2.LTS\lib\</path>
         <kind>archive</kind>
         <file>rtsv7M4_T_le_v4SPD16_eabi.lib</file>
         <name>strchr.c.obj</name>
      </input_file>
      <input_file id="fl-ec">
         <path>C:\ti\ccsv8\tools\compiler\ti-cgt-arm_18.1.2.LTS\lib\</path>
         <kind>archive</kind>
         <file>rtsv7M4_T_le_v4SPD16_eabi.lib</file>
         <name>strlen.c.obj</name>
      </input_file>
      <input_file id="fl-ed">
         <path>C:\ti\ccsv8\tools\compiler\ti-cgt-arm_18.1.2.LTS\lib\</path>
         <kind>archive</kind>
         <file>rtsv7M4_T_le_v4SPD16_eabi.lib</file>
         <name>s_frexp.c.obj</name>
      </input_file>
      <input_file id="fl-ee">
         <path>C:\ti\ccsv8\tools\compiler\ti-cgt-arm_18.1.2.LTS\lib\</path>
         <kind>archive</kind>
         <file>rtsv7M4_T_le_v4SPD16_eabi.lib</file>
         <name>wcslen.c.obj</name>
      </input_file>
      <input_file id="fl-ef">
         <path>C:\ti\ccsv8\tools\compiler\ti-cgt-arm_18.1.2.LTS\lib\</path>
         <kind>archive</kind>
         <file>rtsv7M4_T_le_v4SPD16_eabi.lib</file>
         <name>ull_div_t2.asm.obj</name>
      </input_file>
      <input_file id="fl-f0">
         <path>C:\ti\ccsv8\tools\compiler\ti-cgt-arm_18.1.2.LTS\lib\</path>
         <kind>archive</kind>
         <file>rtsv7M4_T_le_v4SPD16_eabi.lib</file>
         <name>div0.asm.obj</name>
      </input_file>
      <input_file id="fl-f1">
         <path>C:\ti\TivaWare_C_Series-2.1.4.178\driverlib\ccs\Debug\</path>
         <kind>archive</kind>
         <file>driverlib.lib</file>
         <name>interrupt.obj</name>
      </input_file>
      <input_file id="fl-f2">
         <path>C:\ti\TivaWare_C_Series-2.1.4.178\driverlib\ccs\Debug\</path>
         <kind>archive</kind>
         <file>driverlib.lib</file>
         <name>cpu.obj</name>
      </input_file>
   </input_file_list>
   <object_component_list>
      <object_component id="oc-f">
         <name>.intvecs</name>
         <load_address>0x0</load_address>
         <run_address>0x0</run_address>
         <size>0x26c</size>
         <input_file_ref idref="fl-8"/>
      </object_component>
      <object_component id="oc-121">
         <name>.text</name>
         <load_address>0x26c</load_address>
         <run_address>0x26c</run_address>
         <size>0xa88</size>
         <input_file_ref idref="fl-6"/>
      </object_component>
      <object_component id="oc-1f6">
         <name>.text:__TI_printfi</name>
         <load_address>0xcf4</load_address>
         <run_address>0xcf4</run_address>
         <size>0xa5e</size>
         <input_file_ref idref="fl-e6"/>
      </object_component>
      <object_component id="oc-2fd">
         <name>.text:_nop</name>
         <load_address>0x1752</load_address>
         <run_address>0x1752</run_address>
         <size>0x2</size>
         <input_file_ref idref="fl-d6"/>
      </object_component>
      <object_component id="oc-9f">
         <name>.text</name>
         <load_address>0x1754</load_address>
         <run_address>0x1754</run_address>
         <size>0x754</size>
         <input_file_ref idref="fl-4"/>
      </object_component>
      <object_component id="oc-210">
         <name>.text:__kernel_rem_pio2</name>
         <load_address>0x1ea8</load_address>
         <run_address>0x1ea8</run_address>
         <size>0x738</size>
         <input_file_ref idref="fl-dc"/>
      </object_component>
      <object_component id="oc-132">
         <name>.text:sin</name>
         <load_address>0x25e0</load_address>
         <run_address>0x25e0</run_address>
         <size>0x5c4</size>
         <input_file_ref idref="fl-c5"/>
      </object_component>
      <object_component id="oc-104">
         <name>.text:log</name>
         <load_address>0x2ba4</load_address>
         <run_address>0x2ba4</run_address>
         <size>0x3c4</size>
         <input_file_ref idref="fl-c4"/>
      </object_component>
      <object_component id="oc-11b">
         <name>.text</name>
         <load_address>0x2f68</load_address>
         <run_address>0x2f68</run_address>
         <size>0x2ec</size>
         <input_file_ref idref="fl-3"/>
      </object_component>
      <object_component id="oc-2b7">
         <name>.text:_pconv_a</name>
         <load_address>0x3254</load_address>
         <run_address>0x3254</run_address>
         <size>0x270</size>
         <input_file_ref idref="fl-e6"/>
      </object_component>
      <object_component id="oc-2a5">
         <name>.text:_pconv_g</name>
         <load_address>0x34c4</load_address>
         <run_address>0x34c4</run_address>
         <size>0x1d0</size>
         <input_file_ref idref="fl-e6"/>
      </object_component>
      <object_component id="oc-f5">
         <name>.text</name>
         <load_address>0x3694</load_address>
         <run_address>0x3694</run_address>
         <size>0x1b6</size>
         <input_file_ref idref="fl-c6"/>
      </object_component>
      <object_component id="oc-3ac">
         <name>.text</name>
         <load_address>0x384a</load_address>
         <run_address>0x384a</run_address>
         <size>0x2</size>
         <input_file_ref idref="fl-f0"/>
      </object_component>
      <object_component id="oc-20a">
         <name>.text:__kernel_sin</name>
         <load_address>0x384c</load_address>
         <run_address>0x384c</run_address>
         <size>0x174</size>
         <input_file_ref idref="fl-de"/>
      </object_component>
      <object_component id="oc-216">
         <name>.text:__kernel_cos</name>
         <load_address>0x39c0</load_address>
         <run_address>0x39c0</run_address>
         <size>0x16c</size>
         <input_file_ref idref="fl-dd"/>
      </object_component>
      <object_component id="oc-d4">
         <name>.text</name>
         <load_address>0x3b2c</load_address>
         <run_address>0x3b2c</run_address>
         <size>0x158</size>
         <input_file_ref idref="fl-7"/>
      </object_component>
      <object_component id="oc-115">
         <name>.text</name>
         <load_address>0x3c84</load_address>
         <run_address>0x3c84</run_address>
         <size>0x140</size>
         <input_file_ref idref="fl-9"/>
      </object_component>
      <object_component id="oc-2b1">
         <name>.text:_pconv_e</name>
         <load_address>0x3dc4</load_address>
         <run_address>0x3dc4</run_address>
         <size>0x13c</size>
         <input_file_ref idref="fl-e6"/>
      </object_component>
      <object_component id="oc-eb">
         <name>.text</name>
         <load_address>0x3f00</load_address>
         <run_address>0x3f00</run_address>
         <size>0x136</size>
         <input_file_ref idref="fl-c8"/>
      </object_component>
      <object_component id="oc-34e">
         <name>.text:fcvt</name>
         <load_address>0x4038</load_address>
         <run_address>0x4038</run_address>
         <size>0x120</size>
         <input_file_ref idref="fl-e6"/>
      </object_component>
      <object_component id="oc-2db">
         <name>.text:scalbn</name>
         <load_address>0x4158</load_address>
         <run_address>0x4158</run_address>
         <size>0x110</size>
         <input_file_ref idref="fl-e0"/>
      </object_component>
      <object_component id="oc-f0">
         <name>.text</name>
         <load_address>0x4268</load_address>
         <run_address>0x4268</run_address>
         <size>0xfc</size>
         <input_file_ref idref="fl-c9"/>
      </object_component>
      <object_component id="oc-2e1">
         <name>.text:floor</name>
         <load_address>0x4364</load_address>
         <run_address>0x4364</run_address>
         <size>0xf8</size>
         <input_file_ref idref="fl-df"/>
      </object_component>
      <object_component id="oc-1e1">
         <name>.text:free</name>
         <load_address>0x445c</load_address>
         <run_address>0x445c</run_address>
         <size>0xd8</size>
         <input_file_ref idref="fl-d5"/>
      </object_component>
      <object_component id="oc-29f">
         <name>.text:_ltostr</name>
         <load_address>0x4534</load_address>
         <run_address>0x4534</run_address>
         <size>0xb1</size>
         <input_file_ref idref="fl-e6"/>
      </object_component>
      <object_component id="oc-3b">
         <name>.text</name>
         <load_address>0x45e6</load_address>
         <run_address>0x45e6</run_address>
         <size>0x9c</size>
         <input_file_ref idref="fl-cd"/>
      </object_component>
      <object_component id="oc-335">
         <name>.text</name>
         <load_address>0x4682</load_address>
         <run_address>0x4682</run_address>
         <size>0x96</size>
         <input_file_ref idref="fl-ef"/>
      </object_component>
      <object_component id="oc-127">
         <name>.text:__aeabi_cdcmple</name>
         <load_address>0x4718</load_address>
         <run_address>0x4718</run_address>
         <size>0x86</size>
         <input_file_ref idref="fl-c7"/>
      </object_component>
      <object_component id="oc-2e7">
         <name>.text:__aeabi_cdrcmple</name>
         <load_address>0x479e</load_address>
         <run_address>0x479e</run_address>
         <size>0x86</size>
         <input_file_ref idref="fl-c7"/>
      </object_component>
      <object_component id="oc-93">
         <name>.text</name>
         <load_address>0x4824</load_address>
         <run_address>0x4824</run_address>
         <size>0x7a</size>
         <input_file_ref idref="fl-e2"/>
      </object_component>
      <object_component id="oc-272">
         <name>.text:malloc</name>
         <load_address>0x48a0</load_address>
         <run_address>0x48a0</run_address>
         <size>0x78</size>
         <input_file_ref idref="fl-d5"/>
      </object_component>
      <object_component id="oc-347">
         <name>.text:_mcpy</name>
         <load_address>0x4918</load_address>
         <run_address>0x4918</run_address>
         <size>0x6e</size>
         <input_file_ref idref="fl-e6"/>
      </object_component>
      <object_component id="oc-12">
         <name>.text:decompress:lzss:__TI_decompress_lzss</name>
         <load_address>0x4986</load_address>
         <run_address>0x4986</run_address>
         <size>0x68</size>
         <input_file_ref idref="fl-d1"/>
      </object_component>
      <object_component id="oc-35c">
         <name>.text:frexp</name>
         <load_address>0x49f0</load_address>
         <run_address>0x49f0</run_address>
         <size>0x64</size>
         <input_file_ref idref="fl-ed"/>
      </object_component>
      <object_component id="oc-2ab">
         <name>.text:_pconv_f</name>
         <load_address>0x4a54</load_address>
         <run_address>0x4a54</run_address>
         <size>0x56</size>
         <input_file_ref idref="fl-e6"/>
      </object_component>
      <object_component id="oc-33b">
         <name>.text:ltoa</name>
         <load_address>0x4aaa</load_address>
         <run_address>0x4aaa</run_address>
         <size>0x54</size>
         <input_file_ref idref="fl-e9"/>
      </object_component>
      <object_component id="oc-341">
         <name>.text:_ecpy</name>
         <load_address>0x4afe</load_address>
         <run_address>0x4afe</run_address>
         <size>0x52</size>
         <input_file_ref idref="fl-e6"/>
      </object_component>
      <object_component id="oc-299">
         <name>.text:atoi</name>
         <load_address>0x4b50</load_address>
         <run_address>0x4b50</run_address>
         <size>0x4c</size>
         <input_file_ref idref="fl-e7"/>
      </object_component>
      <object_component id="oc-10a">
         <name>.text</name>
         <load_address>0x4b9c</load_address>
         <run_address>0x4b9c</run_address>
         <size>0x48</size>
         <input_file_ref idref="fl-ca"/>
      </object_component>
      <object_component id="oc-14a">
         <name>.text:__TI_auto_init_nobinit_nopinit:__TI_auto_init_nobinit_nopinit</name>
         <load_address>0x4be4</load_address>
         <run_address>0x4be4</run_address>
         <size>0x44</size>
         <input_file_ref idref="fl-e3"/>
      </object_component>
      <object_component id="oc-fa">
         <name>.text</name>
         <load_address>0x4c28</load_address>
         <run_address>0x4c28</run_address>
         <size>0x44</size>
         <input_file_ref idref="fl-cb"/>
      </object_component>
      <object_component id="oc-12c">
         <name>.text:sprintf</name>
         <load_address>0x4c6c</load_address>
         <run_address>0x4c6c</run_address>
         <size>0x40</size>
         <input_file_ref idref="fl-d8"/>
      </object_component>
      <object_component id="oc-1bf">
         <name>.text:vsnprintf</name>
         <load_address>0x4cac</load_address>
         <run_address>0x4cac</run_address>
         <size>0x40</size>
         <input_file_ref idref="fl-db"/>
      </object_component>
      <object_component id="oc-354">
         <name>.text:_fcpy</name>
         <load_address>0x4cec</load_address>
         <run_address>0x4cec</run_address>
         <size>0x3e</size>
         <input_file_ref idref="fl-e6"/>
      </object_component>
      <object_component id="oc-285">
         <name>.text:minsert</name>
         <load_address>0x4d2c</load_address>
         <run_address>0x4d2c</run_address>
         <size>0x3c</size>
         <input_file_ref idref="fl-d5"/>
      </object_component>
      <object_component id="oc-59">
         <name>.text:_c_int00_noargs:_c_int00_noargs</name>
         <load_address>0x4d68</load_address>
         <run_address>0x4d68</run_address>
         <size>0x38</size>
         <input_file_ref idref="fl-d2"/>
      </object_component>
      <object_component id="oc-279">
         <name>.text:minit</name>
         <load_address>0x4da0</load_address>
         <run_address>0x4da0</run_address>
         <size>0x38</size>
         <input_file_ref idref="fl-d5"/>
      </object_component>
      <object_component id="oc-da">
         <name>.text:IntRegister</name>
         <load_address>0x4dd8</load_address>
         <run_address>0x4dd8</run_address>
         <size>0x34</size>
         <input_file_ref idref="fl-f1"/>
      </object_component>
      <object_component id="oc-24f">
         <name>.text:_outs</name>
         <load_address>0x4e0c</load_address>
         <run_address>0x4e0c</run_address>
         <size>0x30</size>
         <input_file_ref idref="fl-db"/>
      </object_component>
      <object_component id="oc-ff">
         <name>.text</name>
         <load_address>0x4e3c</load_address>
         <run_address>0x4e3c</run_address>
         <size>0x2e</size>
         <input_file_ref idref="fl-cc"/>
      </object_component>
      <object_component id="oc-1db">
         <name>.text:calloc</name>
         <load_address>0x4e6a</load_address>
         <run_address>0x4e6a</run_address>
         <size>0x2a</size>
         <input_file_ref idref="fl-d5"/>
      </object_component>
      <object_component id="oc-27f">
         <name>.text:mremove</name>
         <load_address>0x4e94</load_address>
         <run_address>0x4e94</run_address>
         <size>0x28</size>
         <input_file_ref idref="fl-d5"/>
      </object_component>
      <object_component id="oc-e6">
         <name>.text</name>
         <load_address>0x4ebc</load_address>
         <run_address>0x4ebc</run_address>
         <size>0x20</size>
         <input_file_ref idref="fl-ce"/>
      </object_component>
      <object_component id="oc-2bd">
         <name>.text:memccpy</name>
         <load_address>0x4edc</load_address>
         <run_address>0x4edc</run_address>
         <size>0x1c</size>
         <input_file_ref idref="fl-ea"/>
      </object_component>
      <object_component id="oc-255">
         <name>.text:_outc</name>
         <load_address>0x4ef8</load_address>
         <run_address>0x4ef8</run_address>
         <size>0x18</size>
         <input_file_ref idref="fl-db"/>
      </object_component>
      <object_component id="oc-1fc">
         <name>.text:_outs</name>
         <load_address>0x4f10</load_address>
         <run_address>0x4f10</run_address>
         <size>0x18</size>
         <input_file_ref idref="fl-d8"/>
      </object_component>
      <object_component id="oc-1e7">
         <name>.text:oi_parseInt</name>
         <load_address>0x4f28</load_address>
         <run_address>0x4f28</run_address>
         <size>0x18</size>
         <input_file_ref idref="fl-6"/>
      </object_component>
      <object_component id="oc-1c5">
         <name>.text:strcmp</name>
         <load_address>0x4f40</load_address>
         <run_address>0x4f40</run_address>
         <size>0x18</size>
         <input_file_ref idref="fl-d9"/>
      </object_component>
      <object_component id="oc-362">
         <name>.text:strchr</name>
         <load_address>0x4f58</load_address>
         <run_address>0x4f58</run_address>
         <size>0x16</size>
         <input_file_ref idref="fl-eb"/>
      </object_component>
      <object_component id="oc-380">
         <name>.text:copysign</name>
         <load_address>0x4f6e</load_address>
         <run_address>0x4f6e</run_address>
         <size>0x14</size>
         <input_file_ref idref="fl-e1"/>
      </object_component>
      <object_component id="oc-1cb">
         <name>.text:strcpy</name>
         <load_address>0x4f82</load_address>
         <run_address>0x4f82</run_address>
         <size>0x14</size>
         <input_file_ref idref="fl-da"/>
      </object_component>
      <object_component id="oc-293">
         <name>.text:strlen</name>
         <load_address>0x4f96</load_address>
         <run_address>0x4f96</run_address>
         <size>0x14</size>
         <input_file_ref idref="fl-ec"/>
      </object_component>
      <object_component id="oc-47">
         <name>.text:decompress:ZI:__TI_zero_init_nomemset:__TI_zero_init_nomemset</name>
         <load_address>0x4faa</load_address>
         <run_address>0x4faa</run_address>
         <size>0x12</size>
         <input_file_ref idref="fl-cf"/>
      </object_component>
      <object_component id="oc-2c3">
         <name>.text:wcslen</name>
         <load_address>0x4fbc</load_address>
         <run_address>0x4fbc</run_address>
         <size>0x12</size>
         <input_file_ref idref="fl-ee"/>
      </object_component>
      <object_component id="oc-e0">
         <name>.text:IntMasterEnable</name>
         <load_address>0x4fce</load_address>
         <run_address>0x4fce</run_address>
         <size>0x10</size>
         <input_file_ref idref="fl-f1"/>
      </object_component>
      <object_component id="oc-1b8">
         <name>.text:lcd_clear</name>
         <load_address>0x4fde</load_address>
         <run_address>0x4fde</run_address>
         <size>0x10</size>
         <input_file_ref idref="fl-3"/>
      </object_component>
      <object_component id="oc-18">
         <name>.text:decompress:none:__TI_decompress_none</name>
         <load_address>0x4fee</load_address>
         <run_address>0x4fee</run_address>
         <size>0xe</size>
         <input_file_ref idref="fl-d0"/>
      </object_component>
      <object_component id="oc-18e">
         <name>.text:CPUcpsie</name>
         <load_address>0x4ffc</load_address>
         <run_address>0x4ffc</run_address>
         <size>0xc</size>
         <input_file_ref idref="fl-f2"/>
      </object_component>
      <object_component id="oc-27">
         <name>.text</name>
         <load_address>0x5008</load_address>
         <run_address>0x5008</run_address>
         <size>0xc</size>
         <input_file_ref idref="fl-8"/>
      </object_component>
      <object_component id="oc-202">
         <name>.text:_outc</name>
         <load_address>0x5014</load_address>
         <run_address>0x5014</run_address>
         <size>0xa</size>
         <input_file_ref idref="fl-d8"/>
      </object_component>
      <object_component id="oc-19b">
         <name>.text:__aeabi_errno_addr</name>
         <load_address>0x5020</load_address>
         <run_address>0x5020</run_address>
         <size>0x8</size>
         <input_file_ref idref="fl-d3"/>
      </object_component>
      <object_component id="oc-99">
         <name>.text:_system_pre_init</name>
         <load_address>0x5028</load_address>
         <run_address>0x5028</run_address>
         <size>0x4</size>
         <input_file_ref idref="fl-e4"/>
      </object_component>
      <object_component id="oc-13e">
         <name>.text:abort:abort</name>
         <load_address>0x502c</load_address>
         <run_address>0x502c</run_address>
         <size>0x4</size>
         <input_file_ref idref="fl-d4"/>
      </object_component>
      <object_component id="oc-2ec">
         <name>.const:$O1$$</name>
         <load_address>0x5030</load_address>
         <run_address>0x5030</run_address>
         <size>0x158</size>
         <input_file_ref idref="fl-dc"/>
      </object_component>
      <object_component id="oc-330">
         <name>.const:.string:_ctypes_</name>
         <load_address>0x5188</load_address>
         <run_address>0x5188</run_address>
         <size>0x101</size>
         <input_file_ref idref="fl-e8"/>
      </object_component>
      <object_component id="oc-1ef">
         <name>.const:.string:$P$T0$3</name>
         <load_address>0x5289</load_address>
         <run_address>0x5289</run_address>
         <size>0xf</size>
         <input_file_ref idref="fl-6"/>
      </object_component>
      <object_component id="oc-1d1">
         <name>.const:.string:lineAddress$1</name>
         <load_address>0x5298</load_address>
         <run_address>0x5298</run_address>
         <size>0x4</size>
         <input_file_ref idref="fl-3"/>
      </object_component>
      <object_component id="oc-1d2">
         <name>.const:.string:lineAddresses$2</name>
         <load_address>0x529c</load_address>
         <run_address>0x529c</run_address>
         <size>0x4</size>
         <input_file_ref idref="fl-3"/>
      </object_component>
      <object_component id="oc-402">
         <name>.cinit..data.load</name>
         <load_address>0x52a0</load_address>
         <run_address>0x52a0</run_address>
         <size>0x2e</size>
      </object_component>
      <object_component id="oc-3ff">
         <name>__TI_handler_table</name>
         <load_address>0x52d0</load_address>
         <run_address>0x52d0</run_address>
         <size>0xc</size>
      </object_component>
      <object_component id="oc-403">
         <name>.cinit..bss.load</name>
         <load_address>0x52e0</load_address>
         <run_address>0x52e0</run_address>
         <size>0x8</size>
      </object_component>
      <object_component id="oc-401">
         <name>.cinit..vtable.load</name>
         <load_address>0x52e8</load_address>
         <run_address>0x52e8</run_address>
         <size>0x8</size>
      </object_component>
      <object_component id="oc-400">
         <name>__TI_cinit_table</name>
         <load_address>0x52f0</load_address>
         <run_address>0x52f0</run_address>
         <size>0x18</size>
      </object_component>
      <object_component id="oc-184">
         <name>.vtable</name>
         <uninitialized>true</uninitialized>
         <run_address>0x20000000</run_address>
         <size>0x26c</size>
         <input_file_ref idref="fl-f1"/>
      </object_component>
      <object_component id="oc-10f">
         <name>.data</name>
         <load_address>0x20000ee0</load_address>
         <run_address>0x20000ee0</run_address>
         <size>0x25</size>
         <input_file_ref idref="fl-4"/>
      </object_component>
      <object_component id="oc-1ee">
         <name>.data</name>
         <load_address>0x20000f08</load_address>
         <run_address>0x20000f08</run_address>
         <size>0x10</size>
         <input_file_ref idref="fl-6"/>
      </object_component>
      <object_component id="oc-243">
         <name>.data</name>
         <load_address>0x20000f2c</load_address>
         <run_address>0x20000f2c</run_address>
         <size>0x4</size>
         <input_file_ref idref="fl-d3"/>
      </object_component>
      <object_component id="oc-28b">
         <name>.data:$O1$$</name>
         <load_address>0x20000f18</load_address>
         <run_address>0x20000f18</run_address>
         <size>0xc</size>
         <input_file_ref idref="fl-d5"/>
      </object_component>
      <object_component id="oc-222">
         <name>.data:$O1$$</name>
         <load_address>0x20000f24</load_address>
         <run_address>0x20000f24</run_address>
         <size>0x8</size>
         <input_file_ref idref="fl-d6"/>
      </object_component>
      <object_component id="oc-1d3">
         <name>.bss:lastbuffer$3</name>
         <uninitialized>true</uninitialized>
         <run_address>0x20000e70</run_address>
         <size>0x54</size>
         <input_file_ref idref="fl-3"/>
      </object_component>
      <object_component id="oc-1f2">
         <name>.bss:firmware$2</name>
         <uninitialized>true</uninitialized>
         <run_address>0x20000ec4</run_address>
         <size>0x18</size>
         <input_file_ref idref="fl-6"/>
      </object_component>
      <object_component id="oc-112">
         <name>.common:time_diff</name>
         <uninitialized>true</uninitialized>
         <run_address>0x20000edc</run_address>
         <size>0x4</size>
      </object_component>
      <object_component id="oc-24">
         <name>.sysmem</name>
         <uninitialized>true</uninitialized>
         <run_address>0x20000a70</run_address>
         <size>0x8</size>
         <input_file_ref idref="fl-d5"/>
      </object_component>
      <object_component id="oc-405">
         <name>.sysmem</name>
         <uninitialized>true</uninitialized>
         <run_address>0x20000a70</run_address>
         <size>0x0</size>
      </object_component>
      <object_component id="oc-21">
         <name>.stack</name>
         <uninitialized>true</uninitialized>
         <run_address>0x20000270</run_address>
         <size>0x4</size>
         <input_file_ref idref="fl-d2"/>
      </object_component>
      <object_component id="oc-404">
         <name>.stack</name>
         <uninitialized>true</uninitialized>
         <run_address>0x20000270</run_address>
         <size>0x0</size>
      </object_component>
      <object_component id="oc-c2">
         <name>.debug_info</name>
         <load_address>0x0</load_address>
         <run_address>0x0</run_address>
         <size>0x2a4</size>
         <input_file_ref idref="fl-2"/>
      </object_component>
      <object_component id="oc-74">
         <name>.debug_info</name>
         <load_address>0x2a4</load_address>
         <run_address>0x2a4</run_address>
         <size>0x26b</size>
         <input_file_ref idref="fl-2"/>
      </object_component>
      <object_component id="oc-36">
         <name>.debug_info</name>
         <load_address>0x50f</load_address>
         <run_address>0x50f</run_address>
         <size>0x84</size>
         <input_file_ref idref="fl-2"/>
      </object_component>
      <object_component id="oc-bd">
         <name>.debug_info</name>
         <load_address>0x593</load_address>
         <run_address>0x593</run_address>
         <size>0x297</size>
         <input_file_ref idref="fl-2"/>
      </object_component>
      <object_component id="oc-79">
         <name>.debug_info</name>
         <load_address>0x82a</load_address>
         <run_address>0x82a</run_address>
         <size>0xbb</size>
         <input_file_ref idref="fl-2"/>
      </object_component>
      <object_component id="oc-1d5">
         <name>.debug_info</name>
         <load_address>0x8e5</load_address>
         <run_address>0x8e5</run_address>
         <size>0x3ab</size>
         <input_file_ref idref="fl-3"/>
      </object_component>
      <object_component id="oc-1ba">
         <name>.debug_info</name>
         <load_address>0xc90</load_address>
         <run_address>0xc90</run_address>
         <size>0x146</size>
         <input_file_ref idref="fl-3"/>
      </object_component>
      <object_component id="oc-11e">
         <name>.debug_info</name>
         <load_address>0xdd6</load_address>
         <run_address>0xdd6</run_address>
         <size>0x864</size>
         <input_file_ref idref="fl-3"/>
      </object_component>
      <object_component id="oc-26d">
         <name>.debug_info</name>
         <load_address>0x163a</load_address>
         <run_address>0x163a</run_address>
         <size>0xcc</size>
         <input_file_ref idref="fl-3"/>
      </object_component>
      <object_component id="oc-1d6">
         <name>.debug_info</name>
         <load_address>0x1706</load_address>
         <run_address>0x1706</run_address>
         <size>0x2c</size>
         <input_file_ref idref="fl-3"/>
      </object_component>
      <object_component id="oc-113">
         <name>.debug_info</name>
         <load_address>0x1732</load_address>
         <run_address>0x1732</run_address>
         <size>0x59c</size>
         <input_file_ref idref="fl-4"/>
      </object_component>
      <object_component id="oc-110">
         <name>.debug_info</name>
         <load_address>0x1cce</load_address>
         <run_address>0x1cce</run_address>
         <size>0x24f</size>
         <input_file_ref idref="fl-4"/>
      </object_component>
      <object_component id="oc-a0">
         <name>.debug_info</name>
         <load_address>0x1f1d</load_address>
         <run_address>0x1f1d</run_address>
         <size>0xad6</size>
         <input_file_ref idref="fl-4"/>
      </object_component>
      <object_component id="oc-1ac">
         <name>.debug_info</name>
         <load_address>0x29f3</load_address>
         <run_address>0x29f3</run_address>
         <size>0x5aa</size>
         <input_file_ref idref="fl-4"/>
      </object_component>
      <object_component id="oc-139">
         <name>.debug_info</name>
         <load_address>0x2f9d</load_address>
         <run_address>0x2f9d</run_address>
         <size>0x8b</size>
         <input_file_ref idref="fl-4"/>
      </object_component>
      <object_component id="oc-1b1">
         <name>.debug_info</name>
         <load_address>0x3028</load_address>
         <run_address>0x3028</run_address>
         <size>0x7d</size>
         <input_file_ref idref="fl-4"/>
      </object_component>
      <object_component id="oc-17f">
         <name>.debug_info</name>
         <load_address>0x30a5</load_address>
         <run_address>0x30a5</run_address>
         <size>0x2c</size>
         <input_file_ref idref="fl-5"/>
      </object_component>
      <object_component id="oc-1f4">
         <name>.debug_info</name>
         <load_address>0x30d1</load_address>
         <run_address>0x30d1</run_address>
         <size>0x403</size>
         <input_file_ref idref="fl-6"/>
      </object_component>
      <object_component id="oc-1f0">
         <name>.debug_info</name>
         <load_address>0x34d4</load_address>
         <run_address>0x34d4</run_address>
         <size>0xf8</size>
         <input_file_ref idref="fl-6"/>
      </object_component>
      <object_component id="oc-1e8">
         <name>.debug_info</name>
         <load_address>0x35cc</load_address>
         <run_address>0x35cc</run_address>
         <size>0x170</size>
         <input_file_ref idref="fl-6"/>
      </object_component>
      <object_component id="oc-122">
         <name>.debug_info</name>
         <load_address>0x373c</load_address>
         <run_address>0x373c</run_address>
         <size>0x150a</size>
         <input_file_ref idref="fl-6"/>
      </object_component>
      <object_component id="oc-d5">
         <name>.debug_info</name>
         <load_address>0x4c46</load_address>
         <run_address>0x4c46</run_address>
         <size>0x416</size>
         <input_file_ref idref="fl-7"/>
      </object_component>
      <object_component id="oc-2f">
         <name>.debug_info</name>
         <load_address>0x505c</load_address>
         <run_address>0x505c</run_address>
         <size>0x2cd</size>
         <input_file_ref idref="fl-8"/>
      </object_component>
      <object_component id="oc-10">
         <name>.debug_info</name>
         <load_address>0x5329</load_address>
         <run_address>0x5329</run_address>
         <size>0x10c</size>
         <input_file_ref idref="fl-8"/>
      </object_component>
      <object_component id="oc-28">
         <name>.debug_info</name>
         <load_address>0x5435</load_address>
         <run_address>0x5435</run_address>
         <size>0x288</size>
         <input_file_ref idref="fl-8"/>
      </object_component>
      <object_component id="oc-1b7">
         <name>.debug_info</name>
         <load_address>0x56bd</load_address>
         <run_address>0x56bd</run_address>
         <size>0x2b8</size>
         <input_file_ref idref="fl-9"/>
      </object_component>
      <object_component id="oc-117">
         <name>.debug_info</name>
         <load_address>0x5975</load_address>
         <run_address>0x5975</run_address>
         <size>0x31a</size>
         <input_file_ref idref="fl-9"/>
      </object_component>
      <object_component id="oc-106">
         <name>.debug_info</name>
         <load_address>0x5c8f</load_address>
         <run_address>0x5c8f</run_address>
         <size>0x5cb</size>
         <input_file_ref idref="fl-c4"/>
      </object_component>
      <object_component id="oc-248">
         <name>.debug_info</name>
         <load_address>0x625a</load_address>
         <run_address>0x625a</run_address>
         <size>0x46</size>
         <input_file_ref idref="fl-c4"/>
      </object_component>
      <object_component id="oc-1a2">
         <name>.debug_info</name>
         <load_address>0x62a0</load_address>
         <run_address>0x62a0</run_address>
         <size>0x39</size>
         <input_file_ref idref="fl-c4"/>
      </object_component>
      <object_component id="oc-21d">
         <name>.debug_info</name>
         <load_address>0x62d9</load_address>
         <run_address>0x62d9</run_address>
         <size>0x390</size>
         <input_file_ref idref="fl-c5"/>
      </object_component>
      <object_component id="oc-133">
         <name>.debug_info</name>
         <load_address>0x6669</load_address>
         <run_address>0x6669</run_address>
         <size>0x78b</size>
         <input_file_ref idref="fl-c5"/>
      </object_component>
      <object_component id="oc-f6">
         <name>.debug_info</name>
         <load_address>0x6df4</load_address>
         <run_address>0x6df4</run_address>
         <size>0x144</size>
         <input_file_ref idref="fl-c6"/>
      </object_component>
      <object_component id="oc-12a">
         <name>.debug_info</name>
         <load_address>0x6f38</load_address>
         <run_address>0x6f38</run_address>
         <size>0x120</size>
         <input_file_ref idref="fl-c7"/>
      </object_component>
      <object_component id="oc-2ea">
         <name>.debug_info</name>
         <load_address>0x7058</load_address>
         <run_address>0x7058</run_address>
         <size>0x122</size>
         <input_file_ref idref="fl-c7"/>
      </object_component>
      <object_component id="oc-ec">
         <name>.debug_info</name>
         <load_address>0x717a</load_address>
         <run_address>0x717a</run_address>
         <size>0x132</size>
         <input_file_ref idref="fl-c8"/>
      </object_component>
      <object_component id="oc-f1">
         <name>.debug_info</name>
         <load_address>0x72ac</load_address>
         <run_address>0x72ac</run_address>
         <size>0x132</size>
         <input_file_ref idref="fl-c9"/>
      </object_component>
      <object_component id="oc-10d">
         <name>.debug_info</name>
         <load_address>0x73de</load_address>
         <run_address>0x73de</run_address>
         <size>0x126</size>
         <input_file_ref idref="fl-ca"/>
      </object_component>
      <object_component id="oc-fb">
         <name>.debug_info</name>
         <load_address>0x7504</load_address>
         <run_address>0x7504</run_address>
         <size>0x131</size>
         <input_file_ref idref="fl-cb"/>
      </object_component>
      <object_component id="oc-101">
         <name>.debug_info</name>
         <load_address>0x7635</load_address>
         <run_address>0x7635</run_address>
         <size>0x124</size>
         <input_file_ref idref="fl-cc"/>
      </object_component>
      <object_component id="oc-3c">
         <name>.debug_info</name>
         <load_address>0x7759</load_address>
         <run_address>0x7759</run_address>
         <size>0x111</size>
         <input_file_ref idref="fl-cd"/>
      </object_component>
      <object_component id="oc-e7">
         <name>.debug_info</name>
         <load_address>0x786a</load_address>
         <run_address>0x786a</run_address>
         <size>0x126</size>
         <input_file_ref idref="fl-ce"/>
      </object_component>
      <object_component id="oc-92">
         <name>.debug_info</name>
         <load_address>0x7990</load_address>
         <run_address>0x7990</run_address>
         <size>0x313</size>
         <input_file_ref idref="fl-cf"/>
      </object_component>
      <object_component id="oc-49">
         <name>.debug_info</name>
         <load_address>0x7ca3</load_address>
         <run_address>0x7ca3</run_address>
         <size>0x1b4</size>
         <input_file_ref idref="fl-cf"/>
      </object_component>
      <object_component id="oc-8d">
         <name>.debug_info</name>
         <load_address>0x7e57</load_address>
         <run_address>0x7e57</run_address>
         <size>0x46</size>
         <input_file_ref idref="fl-cf"/>
      </object_component>
      <object_component id="oc-cb">
         <name>.debug_info</name>
         <load_address>0x7e9d</load_address>
         <run_address>0x7e9d</run_address>
         <size>0x2c</size>
         <input_file_ref idref="fl-cf"/>
      </object_component>
      <object_component id="oc-46">
         <name>.debug_info</name>
         <load_address>0x7ec9</load_address>
         <run_address>0x7ec9</run_address>
         <size>0x29d</size>
         <input_file_ref idref="fl-d0"/>
      </object_component>
      <object_component id="oc-1a">
         <name>.debug_info</name>
         <load_address>0x8166</load_address>
         <run_address>0x8166</run_address>
         <size>0x1df</size>
         <input_file_ref idref="fl-d0"/>
      </object_component>
      <object_component id="oc-41">
         <name>.debug_info</name>
         <load_address>0x8345</load_address>
         <run_address>0x8345</run_address>
         <size>0x46</size>
         <input_file_ref idref="fl-d0"/>
      </object_component>
      <object_component id="oc-85">
         <name>.debug_info</name>
         <load_address>0x838b</load_address>
         <run_address>0x838b</run_address>
         <size>0x2c</size>
         <input_file_ref idref="fl-d0"/>
      </object_component>
      <object_component id="oc-83">
         <name>.debug_info</name>
         <load_address>0x83b7</load_address>
         <run_address>0x83b7</run_address>
         <size>0x293</size>
         <input_file_ref idref="fl-d1"/>
      </object_component>
      <object_component id="oc-13">
         <name>.debug_info</name>
         <load_address>0x864a</load_address>
         <run_address>0x864a</run_address>
         <size>0x245</size>
         <input_file_ref idref="fl-d1"/>
      </object_component>
      <object_component id="oc-31">
         <name>.debug_info</name>
         <load_address>0x888f</load_address>
         <run_address>0x888f</run_address>
         <size>0x60</size>
         <input_file_ref idref="fl-d1"/>
      </object_component>
      <object_component id="oc-c4">
         <name>.debug_info</name>
         <load_address>0x88ef</load_address>
         <run_address>0x88ef</run_address>
         <size>0x46</size>
         <input_file_ref idref="fl-d1"/>
      </object_component>
      <object_component id="oc-7e">
         <name>.debug_info</name>
         <load_address>0x8935</load_address>
         <run_address>0x8935</run_address>
         <size>0x39</size>
         <input_file_ref idref="fl-d1"/>
      </object_component>
      <object_component id="oc-22">
         <name>.debug_info</name>
         <load_address>0x896e</load_address>
         <run_address>0x896e</run_address>
         <size>0x100</size>
         <input_file_ref idref="fl-d2"/>
      </object_component>
      <object_component id="oc-5b">
         <name>.debug_info</name>
         <load_address>0x8a6e</load_address>
         <run_address>0x8a6e</run_address>
         <size>0x1a4</size>
         <input_file_ref idref="fl-d2"/>
      </object_component>
      <object_component id="oc-247">
         <name>.debug_info</name>
         <load_address>0x8c12</load_address>
         <run_address>0x8c12</run_address>
         <size>0x27e</size>
         <input_file_ref idref="fl-d3"/>
      </object_component>
      <object_component id="oc-244">
         <name>.debug_info</name>
         <load_address>0x8e90</load_address>
         <run_address>0x8e90</run_address>
         <size>0x103</size>
         <input_file_ref idref="fl-d3"/>
      </object_component>
      <object_component id="oc-19f">
         <name>.debug_info</name>
         <load_address>0x8f93</load_address>
         <run_address>0x8f93</run_address>
         <size>0x143</size>
         <input_file_ref idref="fl-d3"/>
      </object_component>
      <object_component id="oc-141">
         <name>.debug_info</name>
         <load_address>0x90d6</load_address>
         <run_address>0x90d6</run_address>
         <size>0x117</size>
         <input_file_ref idref="fl-d4"/>
      </object_component>
      <object_component id="oc-6f">
         <name>.debug_info</name>
         <load_address>0x91ed</load_address>
         <run_address>0x91ed</run_address>
         <size>0x3bb</size>
         <input_file_ref idref="fl-d5"/>
      </object_component>
      <object_component id="oc-25">
         <name>.debug_info</name>
         <load_address>0x95a8</load_address>
         <run_address>0x95a8</run_address>
         <size>0x101</size>
         <input_file_ref idref="fl-d5"/>
      </object_component>
      <object_component id="oc-28c">
         <name>.debug_info</name>
         <load_address>0x96a9</load_address>
         <run_address>0x96a9</run_address>
         <size>0x14c</size>
         <input_file_ref idref="fl-d5"/>
      </object_component>
      <object_component id="oc-27c">
         <name>.debug_info</name>
         <load_address>0x97f5</load_address>
         <run_address>0x97f5</run_address>
         <size>0x139</size>
         <input_file_ref idref="fl-d5"/>
      </object_component>
      <object_component id="oc-282">
         <name>.debug_info</name>
         <load_address>0x992e</load_address>
         <run_address>0x992e</run_address>
         <size>0x174</size>
         <input_file_ref idref="fl-d5"/>
      </object_component>
      <object_component id="oc-289">
         <name>.debug_info</name>
         <load_address>0x9aa2</load_address>
         <run_address>0x9aa2</run_address>
         <size>0x172</size>
         <input_file_ref idref="fl-d5"/>
      </object_component>
      <object_component id="oc-276">
         <name>.debug_info</name>
         <load_address>0x9c14</load_address>
         <run_address>0x9c14</run_address>
         <size>0x1db</size>
         <input_file_ref idref="fl-d5"/>
      </object_component>
      <object_component id="oc-1e5">
         <name>.debug_info</name>
         <load_address>0x9def</load_address>
         <run_address>0x9def</run_address>
         <size>0x1e6</size>
         <input_file_ref idref="fl-d5"/>
      </object_component>
      <object_component id="oc-1df">
         <name>.debug_info</name>
         <load_address>0x9fd5</load_address>
         <run_address>0x9fd5</run_address>
         <size>0x1b1</size>
         <input_file_ref idref="fl-d5"/>
      </object_component>
      <object_component id="oc-b3">
         <name>.debug_info</name>
         <load_address>0xa186</load_address>
         <run_address>0xa186</run_address>
         <size>0x2c</size>
         <input_file_ref idref="fl-d5"/>
      </object_component>
      <object_component id="oc-b8">
         <name>.debug_info</name>
         <load_address>0xa1b2</load_address>
         <run_address>0xa1b2</run_address>
         <size>0x62</size>
         <input_file_ref idref="fl-d5"/>
      </object_component>
      <object_component id="oc-305">
         <name>.debug_info</name>
         <load_address>0xa214</load_address>
         <run_address>0xa214</run_address>
         <size>0x2be</size>
         <input_file_ref idref="fl-d6"/>
      </object_component>
      <object_component id="oc-223">
         <name>.debug_info</name>
         <load_address>0xa4d2</load_address>
         <run_address>0xa4d2</run_address>
         <size>0x113</size>
         <input_file_ref idref="fl-d6"/>
      </object_component>
      <object_component id="oc-2ff">
         <name>.debug_info</name>
         <load_address>0xa5e5</load_address>
         <run_address>0xa5e5</run_address>
         <size>0x123</size>
         <input_file_ref idref="fl-d6"/>
      </object_component>
      <object_component id="oc-209">
         <name>.debug_info</name>
         <load_address>0xa708</load_address>
         <run_address>0xa708</run_address>
         <size>0x328</size>
         <input_file_ref idref="fl-d8"/>
      </object_component>
      <object_component id="oc-12e">
         <name>.debug_info</name>
         <load_address>0xaa30</load_address>
         <run_address>0xaa30</run_address>
         <size>0x1c6</size>
         <input_file_ref idref="fl-d8"/>
      </object_component>
      <object_component id="oc-1fd">
         <name>.debug_info</name>
         <load_address>0xabf6</load_address>
         <run_address>0xabf6</run_address>
         <size>0x182</size>
         <input_file_ref idref="fl-d8"/>
      </object_component>
      <object_component id="oc-204">
         <name>.debug_info</name>
         <load_address>0xad78</load_address>
         <run_address>0xad78</run_address>
         <size>0x162</size>
         <input_file_ref idref="fl-d8"/>
      </object_component>
      <object_component id="oc-25d">
         <name>.debug_info</name>
         <load_address>0xaeda</load_address>
         <run_address>0xaeda</run_address>
         <size>0x2c</size>
         <input_file_ref idref="fl-d8"/>
      </object_component>
      <object_component id="oc-268">
         <name>.debug_info</name>
         <load_address>0xaf06</load_address>
         <run_address>0xaf06</run_address>
         <size>0x27f</size>
         <input_file_ref idref="fl-d9"/>
      </object_component>
      <object_component id="oc-1c8">
         <name>.debug_info</name>
         <load_address>0xb185</load_address>
         <run_address>0xb185</run_address>
         <size>0x258</size>
         <input_file_ref idref="fl-d9"/>
      </object_component>
      <object_component id="oc-26a">
         <name>.debug_info</name>
         <load_address>0xb3dd</load_address>
         <run_address>0xb3dd</run_address>
         <size>0x299</size>
         <input_file_ref idref="fl-da"/>
      </object_component>
      <object_component id="oc-1cc">
         <name>.debug_info</name>
         <load_address>0xb676</load_address>
         <run_address>0xb676</run_address>
         <size>0x231</size>
         <input_file_ref idref="fl-da"/>
      </object_component>
      <object_component id="oc-25c">
         <name>.debug_info</name>
         <load_address>0xb8a7</load_address>
         <run_address>0xb8a7</run_address>
         <size>0x335</size>
         <input_file_ref idref="fl-db"/>
      </object_component>
      <object_component id="oc-1c0">
         <name>.debug_info</name>
         <load_address>0xbbdc</load_address>
         <run_address>0xbbdc</run_address>
         <size>0x1fd</size>
         <input_file_ref idref="fl-db"/>
      </object_component>
      <object_component id="oc-250">
         <name>.debug_info</name>
         <load_address>0xbdd9</load_address>
         <run_address>0xbdd9</run_address>
         <size>0x1bb</size>
         <input_file_ref idref="fl-db"/>
      </object_component>
      <object_component id="oc-256">
         <name>.debug_info</name>
         <load_address>0xbf94</load_address>
         <run_address>0xbf94</run_address>
         <size>0x16e</size>
         <input_file_ref idref="fl-db"/>
      </object_component>
      <object_component id="oc-262">
         <name>.debug_info</name>
         <load_address>0xc102</load_address>
         <run_address>0xc102</run_address>
         <size>0x69</size>
         <input_file_ref idref="fl-db"/>
      </object_component>
      <object_component id="oc-2f0">
         <name>.debug_info</name>
         <load_address>0xc16b</load_address>
         <run_address>0xc16b</run_address>
         <size>0x39f</size>
         <input_file_ref idref="fl-dc"/>
      </object_component>
      <object_component id="oc-2ed">
         <name>.debug_info</name>
         <load_address>0xc50a</load_address>
         <run_address>0xc50a</run_address>
         <size>0x12f</size>
         <input_file_ref idref="fl-dc"/>
      </object_component>
      <object_component id="oc-211">
         <name>.debug_info</name>
         <load_address>0xc639</load_address>
         <run_address>0xc639</run_address>
         <size>0x724</size>
         <input_file_ref idref="fl-dc"/>
      </object_component>
      <object_component id="oc-38f">
         <name>.debug_info</name>
         <load_address>0xcd5d</load_address>
         <run_address>0xcd5d</run_address>
         <size>0x39</size>
         <input_file_ref idref="fl-dc"/>
      </object_component>
      <object_component id="oc-2f2">
         <name>.debug_info</name>
         <load_address>0xcd96</load_address>
         <run_address>0xcd96</run_address>
         <size>0x2c</size>
         <input_file_ref idref="fl-dc"/>
      </object_component>
      <object_component id="oc-2f8">
         <name>.debug_info</name>
         <load_address>0xcdc2</load_address>
         <run_address>0xcdc2</run_address>
         <size>0x282</size>
         <input_file_ref idref="fl-dd"/>
      </object_component>
      <object_component id="oc-217">
         <name>.debug_info</name>
         <load_address>0xd044</load_address>
         <run_address>0xd044</run_address>
         <size>0x31c</size>
         <input_file_ref idref="fl-dd"/>
      </object_component>
      <object_component id="oc-2da">
         <name>.debug_info</name>
         <load_address>0xd360</load_address>
         <run_address>0xd360</run_address>
         <size>0x287</size>
         <input_file_ref idref="fl-de"/>
      </object_component>
      <object_component id="oc-20b">
         <name>.debug_info</name>
         <load_address>0xd5e7</load_address>
         <run_address>0xd5e7</run_address>
         <size>0x375</size>
         <input_file_ref idref="fl-de"/>
      </object_component>
      <object_component id="oc-389">
         <name>.debug_info</name>
         <load_address>0xd95c</load_address>
         <run_address>0xd95c</run_address>
         <size>0x284</size>
         <input_file_ref idref="fl-df"/>
      </object_component>
      <object_component id="oc-2e3">
         <name>.debug_info</name>
         <load_address>0xdbe0</load_address>
         <run_address>0xdbe0</run_address>
         <size>0x21f</size>
         <input_file_ref idref="fl-df"/>
      </object_component>
      <object_component id="oc-387">
         <name>.debug_info</name>
         <load_address>0xddff</load_address>
         <run_address>0xddff</run_address>
         <size>0x2f2</size>
         <input_file_ref idref="fl-e0"/>
      </object_component>
      <object_component id="oc-2dc">
         <name>.debug_info</name>
         <load_address>0xe0f1</load_address>
         <run_address>0xe0f1</run_address>
         <size>0x21a</size>
         <input_file_ref idref="fl-e0"/>
      </object_component>
      <object_component id="oc-381">
         <name>.debug_info</name>
         <load_address>0xe30b</load_address>
         <run_address>0xe30b</run_address>
         <size>0x156</size>
         <input_file_ref idref="fl-e1"/>
      </object_component>
      <object_component id="oc-94">
         <name>.debug_info</name>
         <load_address>0xe461</load_address>
         <run_address>0xe461</run_address>
         <size>0x13f</size>
         <input_file_ref idref="fl-e2"/>
      </object_component>
      <object_component id="oc-229">
         <name>.debug_info</name>
         <load_address>0xe5a0</load_address>
         <run_address>0xe5a0</run_address>
         <size>0x547</size>
         <input_file_ref idref="fl-e3"/>
      </object_component>
      <object_component id="oc-14b">
         <name>.debug_info</name>
         <load_address>0xeae7</load_address>
         <run_address>0xeae7</run_address>
         <size>0x19b</size>
         <input_file_ref idref="fl-e3"/>
      </object_component>
      <object_component id="oc-30b">
         <name>.debug_info</name>
         <load_address>0xec82</load_address>
         <run_address>0xec82</run_address>
         <size>0x39</size>
         <input_file_ref idref="fl-e3"/>
      </object_component>
      <object_component id="oc-399">
         <name>.debug_info</name>
         <load_address>0xecbb</load_address>
         <run_address>0xecbb</run_address>
         <size>0x39</size>
         <input_file_ref idref="fl-e3"/>
      </object_component>
      <object_component id="oc-310">
         <name>.debug_info</name>
         <load_address>0xecf4</load_address>
         <run_address>0xecf4</run_address>
         <size>0x39</size>
         <input_file_ref idref="fl-e3"/>
      </object_component>
      <object_component id="oc-315">
         <name>.debug_info</name>
         <load_address>0xed2d</load_address>
         <run_address>0xed2d</run_address>
         <size>0xcd</size>
         <input_file_ref idref="fl-e3"/>
      </object_component>
      <object_component id="oc-9a">
         <name>.debug_info</name>
         <load_address>0xedfa</load_address>
         <run_address>0xedfa</run_address>
         <size>0x148</size>
         <input_file_ref idref="fl-e4"/>
      </object_component>
      <object_component id="oc-2ca">
         <name>.debug_info</name>
         <load_address>0xef42</load_address>
         <run_address>0xef42</run_address>
         <size>0x8a6</size>
         <input_file_ref idref="fl-e6"/>
      </object_component>
      <object_component id="oc-2a3">
         <name>.debug_info</name>
         <load_address>0xf7e8</load_address>
         <run_address>0xf7e8</run_address>
         <size>0x213</size>
         <input_file_ref idref="fl-e6"/>
      </object_component>
      <object_component id="oc-345">
         <name>.debug_info</name>
         <load_address>0xf9fb</load_address>
         <run_address>0xf9fb</run_address>
         <size>0x1a8</size>
         <input_file_ref idref="fl-e6"/>
      </object_component>
      <object_component id="oc-34b">
         <name>.debug_info</name>
         <load_address>0xfba3</load_address>
         <run_address>0xfba3</run_address>
         <size>0x210</size>
         <input_file_ref idref="fl-e6"/>
      </object_component>
      <object_component id="oc-2a9">
         <name>.debug_info</name>
         <load_address>0xfdb3</load_address>
         <run_address>0xfdb3</run_address>
         <size>0x3b0</size>
         <input_file_ref idref="fl-e6"/>
      </object_component>
      <object_component id="oc-352">
         <name>.debug_info</name>
         <load_address>0x10163</load_address>
         <run_address>0x10163</run_address>
         <size>0x2fa</size>
         <input_file_ref idref="fl-e6"/>
      </object_component>
      <object_component id="oc-358">
         <name>.debug_info</name>
         <load_address>0x1045d</load_address>
         <run_address>0x1045d</run_address>
         <size>0x20a</size>
         <input_file_ref idref="fl-e6"/>
      </object_component>
      <object_component id="oc-2af">
         <name>.debug_info</name>
         <load_address>0x10667</load_address>
         <run_address>0x10667</run_address>
         <size>0x20a</size>
         <input_file_ref idref="fl-e6"/>
      </object_component>
      <object_component id="oc-2b5">
         <name>.debug_info</name>
         <load_address>0x10871</load_address>
         <run_address>0x10871</run_address>
         <size>0x2f9</size>
         <input_file_ref idref="fl-e6"/>
      </object_component>
      <object_component id="oc-2bb">
         <name>.debug_info</name>
         <load_address>0x10b6a</load_address>
         <run_address>0x10b6a</run_address>
         <size>0x4a5</size>
         <input_file_ref idref="fl-e6"/>
      </object_component>
      <object_component id="oc-1fa">
         <name>.debug_info</name>
         <load_address>0x1100f</load_address>
         <run_address>0x1100f</run_address>
         <size>0x5cd</size>
         <input_file_ref idref="fl-e6"/>
      </object_component>
      <object_component id="oc-2cb">
         <name>.debug_info</name>
         <load_address>0x115dc</load_address>
         <run_address>0x115dc</run_address>
         <size>0x86</size>
         <input_file_ref idref="fl-e6"/>
      </object_component>
      <object_component id="oc-374">
         <name>.debug_info</name>
         <load_address>0x11662</load_address>
         <run_address>0x11662</run_address>
         <size>0x39</size>
         <input_file_ref idref="fl-e6"/>
      </object_component>
      <object_component id="oc-3c5">
         <name>.debug_info</name>
         <load_address>0x1169b</load_address>
         <run_address>0x1169b</run_address>
         <size>0xb6</size>
         <input_file_ref idref="fl-e6"/>
      </object_component>
      <object_component id="oc-379">
         <name>.debug_info</name>
         <load_address>0x11751</load_address>
         <run_address>0x11751</run_address>
         <size>0x46</size>
         <input_file_ref idref="fl-e6"/>
      </object_component>
      <object_component id="oc-2d0">
         <name>.debug_info</name>
         <load_address>0x11797</load_address>
         <run_address>0x11797</run_address>
         <size>0x46</size>
         <input_file_ref idref="fl-e6"/>
      </object_component>
      <object_component id="oc-334">
         <name>.debug_info</name>
         <load_address>0x117dd</load_address>
         <run_address>0x117dd</run_address>
         <size>0x2ae</size>
         <input_file_ref idref="fl-e7"/>
      </object_component>
      <object_component id="oc-29d">
         <name>.debug_info</name>
         <load_address>0x11a8b</load_address>
         <run_address>0x11a8b</run_address>
         <size>0x171</size>
         <input_file_ref idref="fl-e7"/>
      </object_component>
      <object_component id="oc-3a9">
         <name>.debug_info</name>
         <load_address>0x11bfc</load_address>
         <run_address>0x11bfc</run_address>
         <size>0xee</size>
         <input_file_ref idref="fl-e8"/>
      </object_component>
      <object_component id="oc-331">
         <name>.debug_info</name>
         <load_address>0x11cea</load_address>
         <run_address>0x11cea</run_address>
         <size>0xfa</size>
         <input_file_ref idref="fl-e8"/>
      </object_component>
      <object_component id="oc-3b3">
         <name>.debug_info</name>
         <load_address>0x11de4</load_address>
         <run_address>0x11de4</run_address>
         <size>0x290</size>
         <input_file_ref idref="fl-e9"/>
      </object_component>
      <object_component id="oc-33c">
         <name>.debug_info</name>
         <load_address>0x12074</load_address>
         <run_address>0x12074</run_address>
         <size>0x1c2</size>
         <input_file_ref idref="fl-e9"/>
      </object_component>
      <object_component id="oc-36a">
         <name>.debug_info</name>
         <load_address>0x12236</load_address>
         <run_address>0x12236</run_address>
         <size>0x28b</size>
         <input_file_ref idref="fl-ea"/>
      </object_component>
      <object_component id="oc-2c1">
         <name>.debug_info</name>
         <load_address>0x124c1</load_address>
         <run_address>0x124c1</run_address>
         <size>0x1ab</size>
         <input_file_ref idref="fl-ea"/>
      </object_component>
      <object_component id="oc-3bb">
         <name>.debug_info</name>
         <load_address>0x1266c</load_address>
         <run_address>0x1266c</run_address>
         <size>0x28f</size>
         <input_file_ref idref="fl-eb"/>
      </object_component>
      <object_component id="oc-364">
         <name>.debug_info</name>
         <load_address>0x128fb</load_address>
         <run_address>0x128fb</run_address>
         <size>0x247</size>
         <input_file_ref idref="fl-eb"/>
      </object_component>
      <object_component id="oc-32f">
         <name>.debug_info</name>
         <load_address>0x12b42</load_address>
         <run_address>0x12b42</run_address>
         <size>0x284</size>
         <input_file_ref idref="fl-ec"/>
      </object_component>
      <object_component id="oc-296">
         <name>.debug_info</name>
         <load_address>0x12dc6</load_address>
         <run_address>0x12dc6</run_address>
         <size>0x22a</size>
         <input_file_ref idref="fl-ec"/>
      </object_component>
      <object_component id="oc-3b9">
         <name>.debug_info</name>
         <load_address>0x12ff0</load_address>
         <run_address>0x12ff0</run_address>
         <size>0x28f</size>
         <input_file_ref idref="fl-ed"/>
      </object_component>
      <object_component id="oc-35d">
         <name>.debug_info</name>
         <load_address>0x1327f</load_address>
         <run_address>0x1327f</run_address>
         <size>0x18a</size>
         <input_file_ref idref="fl-ed"/>
      </object_component>
      <object_component id="oc-371">
         <name>.debug_info</name>
         <load_address>0x13409</load_address>
         <run_address>0x13409</run_address>
         <size>0x284</size>
         <input_file_ref idref="fl-ee"/>
      </object_component>
      <object_component id="oc-2c6">
         <name>.debug_info</name>
         <load_address>0x1368d</load_address>
         <run_address>0x1368d</run_address>
         <size>0x14f</size>
         <input_file_ref idref="fl-ee"/>
      </object_component>
      <object_component id="oc-3be">
         <name>.debug_info</name>
         <load_address>0x137dc</load_address>
         <run_address>0x137dc</run_address>
         <size>0x46</size>
         <input_file_ref idref="fl-ee"/>
      </object_component>
      <object_component id="oc-36c">
         <name>.debug_info</name>
         <load_address>0x13822</load_address>
         <run_address>0x13822</run_address>
         <size>0x39</size>
         <input_file_ref idref="fl-ee"/>
      </object_component>
      <object_component id="oc-336">
         <name>.debug_info</name>
         <load_address>0x1385b</load_address>
         <run_address>0x1385b</run_address>
         <size>0x12c</size>
         <input_file_ref idref="fl-ef"/>
      </object_component>
      <object_component id="oc-3ad">
         <name>.debug_info</name>
         <load_address>0x13987</load_address>
         <run_address>0x13987</run_address>
         <size>0x10d</size>
         <input_file_ref idref="fl-f0"/>
      </object_component>
      <object_component id="oc-18d">
         <name>.debug_info</name>
         <load_address>0x13a94</load_address>
         <run_address>0x13a94</run_address>
         <size>0x20e</size>
         <input_file_ref idref="fl-f1"/>
      </object_component>
      <object_component id="oc-185">
         <name>.debug_info</name>
         <load_address>0x13ca2</load_address>
         <run_address>0x13ca2</run_address>
         <size>0x157</size>
         <input_file_ref idref="fl-f1"/>
      </object_component>
      <object_component id="oc-db">
         <name>.debug_info</name>
         <load_address>0x13df9</load_address>
         <run_address>0x13df9</run_address>
         <size>0x2c1</size>
         <input_file_ref idref="fl-f1"/>
      </object_component>
      <object_component id="oc-e1">
         <name>.debug_info</name>
         <load_address>0x140ba</load_address>
         <run_address>0x140ba</run_address>
         <size>0x23e</size>
         <input_file_ref idref="fl-f1"/>
      </object_component>
      <object_component id="oc-188">
         <name>.debug_info</name>
         <load_address>0x142f8</load_address>
         <run_address>0x142f8</run_address>
         <size>0x18b</size>
         <input_file_ref idref="fl-f1"/>
      </object_component>
      <object_component id="oc-18f">
         <name>.debug_info</name>
         <load_address>0x14483</load_address>
         <run_address>0x14483</run_address>
         <size>0x212</size>
         <input_file_ref idref="fl-f2"/>
      </object_component>
      <object_component id="oc-406">
         <name>.debug_info</name>
         <load_address>0x14695</load_address>
         <run_address>0x14695</run_address>
         <size>0xc2</size>
      </object_component>
      <object_component id="oc-17d">
         <name>.debug_line</name>
         <load_address>0x0</load_address>
         <run_address>0x0</run_address>
         <size>0x2f</size>
         <input_file_ref idref="fl-2"/>
      </object_component>
      <object_component id="oc-77">
         <name>.debug_line</name>
         <load_address>0x2f</load_address>
         <run_address>0x2f</run_address>
         <size>0x69</size>
         <input_file_ref idref="fl-2"/>
      </object_component>
      <object_component id="oc-39">
         <name>.debug_line</name>
         <load_address>0x98</load_address>
         <run_address>0x98</run_address>
         <size>0x20</size>
         <input_file_ref idref="fl-2"/>
      </object_component>
      <object_component id="oc-c0">
         <name>.debug_line</name>
         <load_address>0xb8</load_address>
         <run_address>0xb8</run_address>
         <size>0x6d</size>
         <input_file_ref idref="fl-2"/>
      </object_component>
      <object_component id="oc-7c">
         <name>.debug_line</name>
         <load_address>0x125</load_address>
         <run_address>0x125</run_address>
         <size>0x6a</size>
         <input_file_ref idref="fl-2"/>
      </object_component>
      <object_component id="oc-26c">
         <name>.debug_line</name>
         <load_address>0x18f</load_address>
         <run_address>0x18f</run_address>
         <size>0xb7</size>
         <input_file_ref idref="fl-3"/>
      </object_component>
      <object_component id="oc-1b9">
         <name>.debug_line</name>
         <load_address>0x246</load_address>
         <run_address>0x246</run_address>
         <size>0x45</size>
         <input_file_ref idref="fl-3"/>
      </object_component>
      <object_component id="oc-11d">
         <name>.debug_line</name>
         <load_address>0x28b</load_address>
         <run_address>0x28b</run_address>
         <size>0x192</size>
         <input_file_ref idref="fl-3"/>
      </object_component>
      <object_component id="oc-270">
         <name>.debug_line</name>
         <load_address>0x41d</load_address>
         <run_address>0x41d</run_address>
         <size>0x64</size>
         <input_file_ref idref="fl-3"/>
      </object_component>
      <object_component id="oc-1d9">
         <name>.debug_line</name>
         <load_address>0x481</load_address>
         <run_address>0x481</run_address>
         <size>0x65</size>
         <input_file_ref idref="fl-3"/>
      </object_component>
      <object_component id="oc-1ab">
         <name>.debug_line</name>
         <load_address>0x4e6</load_address>
         <run_address>0x4e6</run_address>
         <size>0x12d</size>
         <input_file_ref idref="fl-4"/>
      </object_component>
      <object_component id="oc-1a9">
         <name>.debug_line</name>
         <load_address>0x613</load_address>
         <run_address>0x613</run_address>
         <size>0x2d</size>
         <input_file_ref idref="fl-4"/>
      </object_component>
      <object_component id="oc-a3">
         <name>.debug_line</name>
         <load_address>0x640</load_address>
[...]
         <name>setup_servo</name>
         <value>0x189f</value>
         <object_component_ref idref="oc-9f"/>
      </symbol>
      <symbol id="sm-122">
         <name>cycles2ms</name>
         <value>0x176d</value>
         <object_component_ref idref="oc-9f"/>
      </symbol>
      <symbol id="sm-123">
         <name>waiting_fall_flag</name>
         <value>0x20000efc</value>
         <object_component_ref idref="oc-10f"/>
      </symbol>
      <symbol id="sm-124">
         <name>timeBuffer</name>
         <value>0x20000ef0</value>
         <object_component_ref idref="oc-10f"/>
      </symbol>
      <symbol id="sm-125">
         <name>main</name>
         <value>0x1bbd</value>
         <object_component_ref idref="oc-9f"/>
      </symbol>
      <symbol id="sm-126">
         <name>period_width</name>
         <value>0x20000ee4</value>
         <object_component_ref idref="oc-10f"/>
      </symbol>
      <symbol id="sm-127">
         <name>mid_width</name>
         <value>0x20000ee0</value>
         <object_component_ref idref="oc-10f"/>
      </symbol>
      <symbol id="sm-128">
         <name>get_IR_dist</name>
         <value>0x182b</value>
         <object_component_ref idref="oc-9f"/>
      </symbol>
      <symbol id="sm-129">
         <name>TIMER3B_Handler</name>
         <value>0x1863</value>
         <object_component_ref idref="oc-9f"/>
      </symbol>
      <symbol id="sm-12a">
         <name>highCalibrate</name>
         <value>0x20000eec</value>
         <object_component_ref idref="oc-10f"/>
      </symbol>
      <symbol id="sm-12b">
         <name>current_time</name>
         <value>0x20000ef8</value>
         <object_component_ref idref="oc-10f"/>
      </symbol>
      <symbol id="sm-12c">
         <name>cycles2dist</name>
         <value>0x1755</value>
         <object_component_ref idref="oc-9f"/>
      </symbol>
      <symbol id="sm-12d">
         <name>overflow</name>
         <value>0x20000f00</value>
         <object_component_ref idref="oc-10f"/>
      </symbol>
      <symbol id="sm-1dd">
         <name>go_charge</name>
         <value>0x921</value>
         <object_component_ref idref="oc-121"/>
      </symbol>
      <symbol id="sm-1de">
         <name>GPIOF_Handler</name>
         <value>0xb65</value>
         <object_component_ref idref="oc-121"/>
      </symbol>
      <symbol id="sm-1df">
         <name>getDegrees</name>
         <value>0xb7f</value>
         <object_component_ref idref="oc-121"/>
      </symbol>
      <symbol id="sm-1e0">
         <name>oi_free</name>
         <value>0x279</value>
         <object_component_ref idref="oc-121"/>
      </symbol>
      <symbol id="sm-1e1">
         <name>oi_uartReceive</name>
         <value>0x9d3</value>
         <object_component_ref idref="oc-121"/>
      </symbol>
      <symbol id="sm-1e2">
         <name>oi_setWheels</name>
         <value>0x875</value>
         <object_component_ref idref="oc-121"/>
      </symbol>
      <symbol id="sm-1e3">
         <name>oi_shutoff_init</name>
         <value>0xaf3</value>
         <object_component_ref idref="oc-121"/>
      </symbol>
      <symbol id="sm-1e4">
         <name>oi_parseInt</name>
         <value>0x4f29</value>
         <object_component_ref idref="oc-1e7"/>
      </symbol>
      <symbol id="sm-1e5">
         <name>oi_uartSendStr</name>
         <value>0x9fb</value>
         <object_component_ref idref="oc-121"/>
      </symbol>
      <symbol id="sm-1e6">
         <name>oi_close</name>
         <value>0x2c3</value>
         <object_component_ref idref="oc-121"/>
      </symbol>
      <symbol id="sm-1e7">
         <name>oi_uartSendBuff</name>
         <value>0xa19</value>
         <object_component_ref idref="oc-121"/>
      </symbol>
      <symbol id="sm-1e8">
         <name>oi_checkFirmware</name>
         <value>0xa4b</value>
         <object_component_ref idref="oc-121"/>
      </symbol>
      <symbol id="sm-1e9">
         <name>oi_init_noupdate</name>
         <value>0x289</value>
         <object_component_ref idref="oc-121"/>
      </symbol>
      <symbol id="sm-1ea">
         <name>oi_uartSendChar</name>
         <value>0x9b7</value>
         <object_component_ref idref="oc-121"/>
      </symbol>
      <symbol id="sm-1eb">
         <name>oi_alloc</name>
         <value>0x26d</value>
         <object_component_ref idref="oc-121"/>
      </symbol>
      <symbol id="sm-1ec">
         <name>oi_loadSong</name>
         <value>0x8b7</value>
         <object_component_ref idref="oc-121"/>
      </symbol>
      <symbol id="sm-1ed">
         <name>oi_play_song</name>
         <value>0x90d</value>
         <object_component_ref idref="oc-121"/>
      </symbol>
      <symbol id="sm-1ee">
         <name>oi_parsePacket</name>
         <value>0x327</value>
         <object_component_ref idref="oc-121"/>
      </symbol>
      <symbol id="sm-1ef">
         <name>oi_setLeds</name>
         <value>0x831</value>
         <object_component_ref idref="oc-121"/>
      </symbol>
      <symbol id="sm-1f0">
         <name>oi_init</name>
         <value>0x2ad</value>
         <object_component_ref idref="oc-121"/>
      </symbol>
      <symbol id="sm-1f1">
         <name>oi_update</name>
         <value>0x2d5</value>
         <object_component_ref idref="oc-121"/>
      </symbol>
      <symbol id="sm-1f2">
         <name>oi_uartInit</name>
         <value>0x92f</value>
         <object_component_ref idref="oc-121"/>
      </symbol>
      <symbol id="sm-213">
         <name>timer_startClock</name>
         <value>0x3bf1</value>
         <object_component_ref idref="oc-d4"/>
      </symbol>
      <symbol id="sm-214">
         <name>timer_stopClock</name>
         <value>0x3c43</value>
         <object_component_ref idref="oc-d4"/>
      </symbol>
      <symbol id="sm-215">
         <name>timer_getClock</name>
         <value>0x3c3d</value>
         <object_component_ref idref="oc-d4"/>
      </symbol>
      <symbol id="sm-216">
         <name>timer_stopTimer</name>
         <value>0x3bdb</value>
         <object_component_ref idref="oc-d4"/>
      </symbol>
      <symbol id="sm-217">
         <name>timer_startTimer</name>
         <value>0x3b8b</value>
         <object_component_ref idref="oc-d4"/>
      </symbol>
      <symbol id="sm-218">
         <name>timer_waitMillis</name>
         <value>0x3b2d</value>
         <object_component_ref idref="oc-d4"/>
      </symbol>
      <symbol id="sm-219">
         <name>timer_waitMicros</name>
         <value>0x3b61</value>
         <object_component_ref idref="oc-d4"/>
      </symbol>
      <symbol id="sm-235">
         <name>ResetISR</name>
         <value>0x5009</value>
         <object_component_ref idref="oc-27"/>
      </symbol>
      <symbol id="sm-236">
         <name>g_pfnVectors</name>
         <value>0x0</value>
         <object_component_ref idref="oc-f"/>
      </symbol>
      <symbol id="sm-25a">
         <name>uart_sendChar</name>
         <value>0x3d15</value>
         <object_component_ref idref="oc-115"/>
      </symbol>
      <symbol id="sm-25b">
         <name>uart_sendBits</name>
         <value>0x3d31</value>
         <object_component_ref idref="oc-115"/>
      </symbol>
      <symbol id="sm-25c">
         <name>uart_init</name>
         <value>0x3c85</value>
         <object_component_ref idref="oc-115"/>
      </symbol>
      <symbol id="sm-25d">
         <name>uart_receive</name>
         <value>0x3d4d</value>
         <object_component_ref idref="oc-115"/>
      </symbol>
      <symbol id="sm-25e">
         <name>uart_sendStr</name>
         <value>0x3d73</value>
         <object_component_ref idref="oc-115"/>
      </symbol>
      <symbol id="sm-29a">
         <name>log</name>
         <value>0x2ba5</value>
         <object_component_ref idref="oc-104"/>
      </symbol>
      <symbol id="sm-29b">
         <name>logl</name>
         <value>0x2ba5</value>
         <object_component_ref idref="oc-104"/>
      </symbol>
      <symbol id="sm-2e7">
         <name>sin</name>
         <value>0x25e1</value>
         <object_component_ref idref="oc-132"/>
      </symbol>
      <symbol id="sm-2e8">
         <name>sinl</name>
         <value>0x25e1</value>
         <object_component_ref idref="oc-132"/>
      </symbol>
      <symbol id="sm-2ff">
         <name>__aeabi_dsub</name>
         <value>0x3695</value>
         <object_component_ref idref="oc-f5"/>
      </symbol>
      <symbol id="sm-300">
         <name>__aeabi_dadd</name>
         <value>0x369f</value>
         <object_component_ref idref="oc-f5"/>
      </symbol>
      <symbol id="sm-322">
         <name>__aeabi_cdcmpeq</name>
         <value>0x4719</value>
         <object_component_ref idref="oc-127"/>
      </symbol>
      <symbol id="sm-323">
         <name>__aeabi_cdcmple</name>
         <value>0x4719</value>
         <object_component_ref idref="oc-127"/>
      </symbol>
      <symbol id="sm-324">
         <name>__aeabi_cdrcmple</name>
         <value>0x479f</value>
         <object_component_ref idref="oc-2e7"/>
      </symbol>
      <symbol id="sm-338">
         <name>__aeabi_ddiv</name>
         <value>0x3f01</value>
         <object_component_ref idref="oc-eb"/>
      </symbol>
      <symbol id="sm-343">
         <name>__aeabi_dmul</name>
         <value>0x4269</value>
         <object_component_ref idref="oc-f0"/>
      </symbol>
      <symbol id="sm-34d">
         <name>__aeabi_d2iz</name>
         <value>0x4b9d</value>
         <object_component_ref idref="oc-10a"/>
      </symbol>
      <symbol id="sm-357">
         <name>__aeabi_d2uiz</name>
         <value>0x4c29</value>
         <object_component_ref idref="oc-fa"/>
      </symbol>
      <symbol id="sm-361">
         <name>__aeabi_i2d</name>
         <value>0x4e3d</value>
         <object_component_ref idref="oc-ff"/>
      </symbol>
      <symbol id="sm-37c">
         <name>memcpy</name>
         <value>0x45e7</value>
         <object_component_ref idref="oc-3b"/>
      </symbol>
      <symbol id="sm-37d">
         <name>__aeabi_memcpy</name>
         <value>0x45e7</value>
         <object_component_ref idref="oc-3b"/>
      </symbol>
      <symbol id="sm-37e">
         <name>__aeabi_memcpy8</name>
         <value>0x45e7</value>
         <object_component_ref idref="oc-3b"/>
      </symbol>
      <symbol id="sm-37f">
         <name>__aeabi_memcpy4</name>
         <value>0x45e7</value>
         <object_component_ref idref="oc-3b"/>
      </symbol>
      <symbol id="sm-389">
         <name>__aeabi_ui2d</name>
         <value>0x4ebd</value>
         <object_component_ref idref="oc-e6"/>
      </symbol>
      <symbol id="sm-3a2">
         <name>__TI_zero_init_nomemset</name>
         <value>0x4fab</value>
         <object_component_ref idref="oc-47"/>
      </symbol>
      <symbol id="sm-3b9">
         <name>__TI_decompress_none</name>
         <value>0x4fef</value>
         <object_component_ref idref="oc-18"/>
      </symbol>
      <symbol id="sm-3dc">
         <name>__TI_decompress_lzss</name>
         <value>0x4987</value>
         <object_component_ref idref="oc-12"/>
      </symbol>
      <symbol id="sm-3ef">
         <name>__stack</name>
         <value>0x20000270</value>
         <object_component_ref idref="oc-21"/>
      </symbol>
      <symbol id="sm-3f0">
         <name>_c_int00_noargs</name>
         <value>0x4d69</value>
         <object_component_ref idref="oc-59"/>
      </symbol>
      <symbol id="sm-406">
         <name>__aeabi_errno_addr</name>
         <value>0x5021</value>
         <object_component_ref idref="oc-19b"/>
      </symbol>
      <symbol id="sm-407">
         <name>errno</name>
         <value>0x20000f2c</value>
         <object_component_ref idref="oc-243"/>
      </symbol>
      <symbol id="sm-412">
         <name>C$$EXIT</name>
         <value>0x502d</value>
         <object_component_ref idref="oc-13e"/>
      </symbol>
      <symbol id="sm-413">
         <name>abort</name>
         <value>0x502d</value>
         <object_component_ref idref="oc-13e"/>
      </symbol>
      <symbol id="sm-499">
         <name>_sys_memory</name>
         <value>0x20000a70</value>
         <object_component_ref idref="oc-24"/>
      </symbol>
      <symbol id="sm-49a">
         <name>free</name>
         <value>0x445d</value>
         <object_component_ref idref="oc-1e1"/>
      </symbol>
      <symbol id="sm-49b">
         <name>calloc</name>
         <value>0x4e6b</value>
         <object_component_ref idref="oc-1db"/>
      </symbol>
      <symbol id="sm-49c">
         <name>malloc</name>
         <value>0x48a1</value>
         <object_component_ref idref="oc-272"/>
      </symbol>
      <symbol id="sm-49d">
         <name>minit</name>
         <value>0x4da1</value>
         <object_component_ref idref="oc-279"/>
      </symbol>
      <symbol id="sm-4b2">
         <name>_nop</name>
         <value>0x1753</value>
         <object_component_ref idref="oc-2fd"/>
      </symbol>
      <symbol id="sm-4b3">
         <name>_lock</name>
         <value>0x20000f24</value>
         <object_component_ref idref="oc-222"/>
      </symbol>
      <symbol id="sm-4b4">
         <name>_unlock</name>
         <value>0x20000f28</value>
         <object_component_ref idref="oc-222"/>
      </symbol>
      <symbol id="sm-4dc">
         <name>sprintf</name>
         <value>0x4c6d</value>
         <object_component_ref idref="oc-12c"/>
      </symbol>
      <symbol id="sm-4eb">
         <name>strcmp</name>
         <value>0x4f41</value>
         <object_component_ref idref="oc-1c5"/>
      </symbol>
      <symbol id="sm-4f9">
         <name>strcpy</name>
         <value>0x4f83</value>
         <object_component_ref idref="oc-1cb"/>
      </symbol>
      <symbol id="sm-523">
         <name>vsnprintf</name>
         <value>0x4cad</value>
         <object_component_ref idref="oc-1bf"/>
      </symbol>
      <symbol id="sm-594">
         <name>__kernel_rem_pio2</name>
         <value>0x1ea9</value>
         <object_component_ref idref="oc-210"/>
      </symbol>
      <symbol id="sm-5aa">
         <name>__kernel_cos</name>
         <value>0x39c1</value>
         <object_component_ref idref="oc-216"/>
      </symbol>
      <symbol id="sm-5c1">
         <name>__kernel_sin</name>
         <value>0x384d</value>
         <object_component_ref idref="oc-20a"/>
      </symbol>
      <symbol id="sm-5de">
         <name>floorl</name>
         <value>0x4365</value>
         <object_component_ref idref="oc-2e1"/>
      </symbol>
      <symbol id="sm-5df">
         <name>floor</name>
         <value>0x4365</value>
         <object_component_ref idref="oc-2e1"/>
      </symbol>
      <symbol id="sm-5fc">
         <name>scalbn</name>
         <value>0x4159</value>
         <object_component_ref idref="oc-2db"/>
      </symbol>
      <symbol id="sm-5fd">
         <name>scalbnl</name>
         <value>0x4159</value>
         <object_component_ref idref="oc-2db"/>
      </symbol>
      <symbol id="sm-5fe">
         <name>ldexpl</name>
         <value>0x4159</value>
         <object_component_ref idref="oc-2db"/>
      </symbol>
      <symbol id="sm-5ff">
         <name>ldexp</name>
         <value>0x4159</value>
         <object_component_ref idref="oc-2db"/>
      </symbol>
      <symbol id="sm-609">
         <name>copysign</name>
         <value>0x4f6f</value>
         <object_component_ref idref="oc-380"/>
      </symbol>
      <symbol id="sm-60a">
         <name>copysignl</name>
         <value>0x4f6f</value>
         <object_component_ref idref="oc-380"/>
      </symbol>
      <symbol id="sm-619">
         <name>__aeabi_memset</name>
         <value>0x4827</value>
         <object_component_ref idref="oc-93"/>
      </symbol>
      <symbol id="sm-61a">
         <name>memset</name>
         <value>0x482d</value>
         <object_component_ref idref="oc-93"/>
      </symbol>
      <symbol id="sm-61b">
         <name>__aeabi_memset8</name>
         <value>0x4827</value>
         <object_component_ref idref="oc-93"/>
      </symbol>
      <symbol id="sm-61c">
         <name>__aeabi_memset4</name>
         <value>0x4827</value>
         <object_component_ref idref="oc-93"/>
      </symbol>
      <symbol id="sm-61d">
         <name>__aeabi_memclr8</name>
         <value>0x4825</value>
         <object_component_ref idref="oc-93"/>
      </symbol>
      <symbol id="sm-61e">
         <name>__aeabi_memclr4</name>
         <value>0x4825</value>
         <object_component_ref idref="oc-93"/>
      </symbol>
      <symbol id="sm-61f">
         <name>__aeabi_memclr</name>
         <value>0x4825</value>
         <object_component_ref idref="oc-93"/>
      </symbol>
      <symbol id="sm-647">
         <name>__TI_auto_init_nobinit_nopinit</name>
         <value>0x4be5</value>
         <object_component_ref idref="oc-14a"/>
      </symbol>
      <symbol id="sm-651">
         <name>_system_pre_init</name>
         <value>0x5029</value>
         <object_component_ref idref="oc-99"/>
      </symbol>
      <symbol id="sm-7b7">
         <name>__TI_printfi</name>
         <value>0xcf5</value>
         <object_component_ref idref="oc-1f6"/>
      </symbol>
      <symbol id="sm-7cd">
         <name>atoi</name>
         <value>0x4b51</value>
         <object_component_ref idref="oc-299"/>
      </symbol>
      <symbol id="sm-7d8">
         <name>_ctypes_</name>
         <value>0x5188</value>
         <object_component_ref idref="oc-330"/>
      </symbol>
      <symbol id="sm-7e7">
         <name>ltoa</name>
         <value>0x4aab</value>
         <object_component_ref idref="oc-33b"/>
      </symbol>
      <symbol id="sm-7f7">
         <name>memccpy</name>
         <value>0x4edd</value>
         <object_component_ref idref="oc-2bd"/>
      </symbol>
      <symbol id="sm-807">
         <name>strchr</name>
         <value>0x4f59</value>
         <object_component_ref idref="oc-362"/>
      </symbol>
      <symbol id="sm-815">
         <name>strlen</name>
         <value>0x4f97</value>
         <object_component_ref idref="oc-293"/>
      </symbol>
      <symbol id="sm-82b">
         <name>frexpl</name>
         <value>0x49f1</value>
         <object_component_ref idref="oc-35c"/>
      </symbol>
      <symbol id="sm-82c">
         <name>frexp</name>
         <value>0x49f1</value>
         <object_component_ref idref="oc-35c"/>
      </symbol>
      <symbol id="sm-845">
         <name>wcslen</name>
         <value>0x4fbd</value>
         <object_component_ref idref="oc-2c3"/>
      </symbol>
      <symbol id="sm-852">
         <name>__aeabi_uldivmod</name>
         <value>0x4683</value>
         <object_component_ref idref="oc-335"/>
      </symbol>
      <symbol id="sm-85c">
         <name>__aeabi_idiv0</name>
         <value>0x384b</value>
         <object_component_ref idref="oc-3ac"/>
      </symbol>
      <symbol id="sm-85d">
         <name>__aeabi_ldiv0</name>
         <value>0x384b</value>
         <object_component_ref idref="oc-3ac"/>
      </symbol>
      <symbol id="sm-882">
         <name>IntRegister</name>
         <value>0x4dd9</value>
         <object_component_ref idref="oc-da"/>
      </symbol>
      <symbol id="sm-883">
         <name>g_pfnRAMVectors</name>
         <value>0x20000000</value>
         <object_component_ref idref="oc-184"/>
      </symbol>
      <symbol id="sm-884">
         <name>IntMasterEnable</name>
         <value>0x4fcf</value>
         <object_component_ref idref="oc-e0"/>
      </symbol>
      <symbol id="sm-88e">
         <name>CPUcpsie</name>
         <value>0x4ffd</value>
         <object_component_ref idref="oc-18e"/>
      </symbol>
      <symbol id="sm-88f">
         <name>__TI_static_base__</name>
         <value>0x0</value>
      </symbol>
      <symbol id="sm-892">
         <name>__mpu_init</name>
         <value>0x0</value>
      </symbol>
      <symbol id="sm-893">
         <name>_system_post_cinit</name>
         <value>0x0</value>
      </symbol>
   </symbol_table>
   <title>Link successful</title>
</link_info>
