******************************************************************************
                  TI ARM Linker PC v18.1.2                     
******************************************************************************
>> Linked Tue Sep 18 11:35:16 2018

OUTPUT FILE NAME:   <Lab3.out>
ENTRY POINT SYMBOL: "_c_int00_noargs"  address: 00003281


MEMORY CONFIGURATION

         name            origin    length      used     unused   attr    fill
----------------------  --------  ---------  --------  --------  ----  --------
  FLASH                 00000000   00040000  0000366c  0003c994  R  X
  SRAM                  20000000   00008000  00000f3a  000070c6  RW X


SEGMENT ALLOCATION MAP

run origin  load origin   length   init length attrs members
----------  ----------- ---------- ----------- ----- -------
00000000    00000000    00003670   00003670    r-x
  00000000    00000000    0000026c   0000026c    r-- .intvecs
  0000026c    0000026c    00003298   00003298    r-x .text
  00003504    00003504    00000118   00000118    r-- .const
  00003620    00003620    00000050   00000050    r-- .cinit
20000000    20000000    00000f41   00000000    rw-
  20000000    20000000    0000026c   00000000    rw- .vtable
  20000270    20000270    00000800   00000000    rw- .stack
  20000a70    20000a70    00000400   00000000    rw- .sysmem
  20000e70    20000e70    000000a1   00000000    rw- .bss
  20000f14    20000f14    0000002d   00000000    rw- .data


SECTION ALLOCATION MAP

 output                                  attributes/
section   page    origin      length       input sections
--------  ----  ----------  ----------   ----------------
.intvecs   0    00000000    0000026c     
                  00000000    0000026c     tm4c123gh6pm_startup_ccs.obj (.intvecs)

.text      0    0000026c    00003298     
                  0000026c    00000a88     open_interface.obj (.text)
                  00000cf4    00000a5e     rtsv7M4_T_le_v4SPD16_eabi.lib : _printfi.c.obj (.text:__TI_printfi)
                  00001752    00000002                                   : _lock.c.obj (.text:_nop)
                  00001754    000002ec     lcd.obj (.text)
                  00001a40    00000270     rtsv7M4_T_le_v4SPD16_eabi.lib : _printfi.c.obj (.text:_pconv_a)
                  00001cb0    000001d0                                   : _printfi.c.obj (.text:_pconv_g)
                  00001e80    000001b6                                   : fd_add_t2.asm.obj (.text)
                  00002036    00000002                                   : div0.asm.obj (.text)
                  00002038    0000015c     libcybotUART.lib : uart.obj (.text)
                  00002194    00000158     timer.obj (.text)
                  000022ec    0000013c     rtsv7M4_T_le_v4SPD16_eabi.lib : _printfi.c.obj (.text:_pconv_e)
                  00002428    00000136                                   : fd_div_t2.asm.obj (.text)
                  0000255e    00000002     --HOLE-- [fill = 0]
                  00002560    00000120                                   : _printfi.c.obj (.text:fcvt)
                  00002680    00000110                                   : s_scalbn.c.obj (.text:scalbn)
                  00002790    000000fc                                   : fd_mul_t2.asm.obj (.text)
                  0000288c    000000f0     button.obj (.text)
                  0000297c    000000d8     rtsv7M4_T_le_v4SPD16_eabi.lib : memory.c.obj (.text:free)
                  00002a54    000000b1                                   : _printfi.c.obj (.text:_ltostr)
                  00002b05    00000001     --HOLE-- [fill = 0]
                  00002b06    0000009c                                   : memcpy_t2.asm.obj (.text)
                  00002ba2    00000096                                   : ull_div_t2.asm.obj (.text)
                  00002c38    00000086                                   : fd_cmp_t2.asm.obj (.text:__aeabi_cdcmple)
                  00002cbe    00000086                                   : fd_cmp_t2.asm.obj (.text:__aeabi_cdrcmple)
                  00002d44    0000007c     lab3_template.obj (.text)
                  00002dc0    0000007a     rtsv7M4_T_le_v4SPD16_eabi.lib : memset_t2.asm.obj (.text)
                  00002e3a    00000002     --HOLE-- [fill = 0]
                  00002e3c    00000078                                   : memory.c.obj (.text:malloc)
                  00002eb4    0000006e                                   : _printfi.c.obj (.text:_mcpy)
                  00002f22    00000068                                   : copy_decompress_lzss.c.obj (.text:decompress:lzss:__TI_decompress_lzss)
                  00002f8a    00000002     --HOLE-- [fill = 0]
                  00002f8c    00000064                                   : s_frexp.c.obj (.text:frexp)
                  00002ff0    00000056                                   : _printfi.c.obj (.text:_pconv_f)
                  00003046    00000054                                   : ltoa.c.obj (.text:ltoa)
                  0000309a    00000052                                   : _printfi.c.obj (.text:_ecpy)
                  000030ec    0000004c                                   : atoi.c.obj (.text:atoi)
                  00003138    00000048                                   : fd_toi_t2.asm.obj (.text)
                  00003180    00000044                                   : autoinit.c.obj (.text:__TI_auto_init_nobinit_nopinit:__TI_auto_init_nobinit_nopinit)
                  000031c4    00000040                                   : vsnprintf.c.obj (.text:vsnprintf)
                  00003204    0000003e                                   : _printfi.c.obj (.text:_fcpy)
                  00003242    00000002     --HOLE-- [fill = 0]
                  00003244    0000003c                                   : memory.c.obj (.text:minsert)
                  00003280    00000038                                   : boot_cortex_m.c.obj (.text:_c_int00_noargs:_c_int00_noargs)
                  000032b8    00000038                                   : memory.c.obj (.text:minit)
                  000032f0    00000034     driverlib.lib : interrupt.obj (.text:IntRegister)
                  00003324    00000030     rtsv7M4_T_le_v4SPD16_eabi.lib : vsnprintf.c.obj (.text:_outs)
                  00003354    0000002e                                   : i_tofd_t2.asm.obj (.text)
                  00003382    0000002a                                   : memory.c.obj (.text:calloc)
                  000033ac    00000028                                   : memory.c.obj (.text:mremove)
                  000033d4    0000001c                                   : memccpy.c.obj (.text:memccpy)
                  000033f0    00000018                                   : vsnprintf.c.obj (.text:_outc)
                  00003408    00000018     open_interface.obj (.text:oi_parseInt)
                  00003420    00000018     rtsv7M4_T_le_v4SPD16_eabi.lib : strcmp.c.obj (.text:strcmp)
                  00003438    00000016                                   : strchr.c.obj (.text:strchr)
                  0000344e    00000014                                   : s_copysign.c.obj (.text:copysign)
                  00003462    00000014                                   : strcpy.c.obj (.text:strcpy)
                  00003476    00000014                                   : strlen.c.obj (.text:strlen)
                  0000348a    00000012                                   : copy_zero_init.c.obj (.text:decompress:ZI:__TI_zero_init_nomemset:__TI_zero_init_nomemset)
                  0000349c    00000012                                   : wcslen.c.obj (.text:wcslen)
                  000034ae    00000010     driverlib.lib : interrupt.obj (.text:IntMasterEnable)
                  000034be    00000010     lcd.obj (.text:lcd_clear)
                  000034ce    0000000e     rtsv7M4_T_le_v4SPD16_eabi.lib : copy_decompress_none.c.obj (.text:decompress:none:__TI_decompress_none)
                  000034dc    0000000c     driverlib.lib : cpu.obj (.text:CPUcpsie)
                  000034e8    0000000c     tm4c123gh6pm_startup_ccs.obj (.text)
                  000034f4    00000008     rtsv7M4_T_le_v4SPD16_eabi.lib : errno.c.obj (.text:__aeabi_errno_addr)
                  000034fc    00000004                                   : pre_init.c.obj (.text:_system_pre_init)
                  00003500    00000004                                   : exit.c.obj (.text:abort:abort)

.const     0    00003504    00000118     
                  00003504    00000101     rtsv7M4_T_le_v4SPD16_eabi.lib : ctype.c.obj (.const:.string:_ctypes_)
                  00003605    0000000f     open_interface.obj (.const:.string:$P$T0$3)
                  00003614    00000004     lcd.obj (.const:.string:lineAddress$1)
                  00003618    00000004     lcd.obj (.const:.string:lineAddresses$2)

.cinit     0    00003620    00000050     
                  00003620    00000018     (.cinit..data.load) [load image, compression = lzss]
                  00003638    0000000c     (__TI_handler_table)
                  00003644    00000004     --HOLE-- [fill = 0]
                  00003648    00000008     (.cinit..bss.load) [load image, compression = zero_init]
                  00003650    00000008     (.cinit..vtable.load) [load image, compression = zero_init]
                  00003658    00000018     (__TI_cinit_table)

.init_array 
*          0    00000000    00000000     UNINITIALIZED

.vtable    0    20000000    0000026c     UNINITIALIZED
                  20000000    0000026c     driverlib.lib : interrupt.obj (.vtable)

.stack     0    20000270    00000800     UNINITIALIZED
                  20000270    00000004     rtsv7M4_T_le_v4SPD16_eabi.lib : boot_cortex_m.c.obj (.stack)
                  20000274    000007fc     --HOLE--

.sysmem    0    20000a70    00000400     UNINITIALIZED
                  20000a70    00000008     rtsv7M4_T_le_v4SPD16_eabi.lib : memory.c.obj (.sysmem)
                  20000a78    000003f8     --HOLE--

.bss       0    20000e70    000000a1     UNINITIALIZED
                  20000e70    00000054     lcd.obj (.bss:lastbuffer$3)
                  20000ec4    00000034     (.common:isr_char_buffer)
                  20000ef8    00000018     open_interface.obj (.bss:firmware$2)
                  20000f10    00000001     (.common:_prevButton)

.data      0    20000f14    0000002d     UNINITIALIZED
                  20000f14    00000010     open_interface.obj (.data)
                  20000f24    0000000c     rtsv7M4_T_le_v4SPD16_eabi.lib : memory.c.obj (.data:$O1$$)
                  20000f30    00000008                                   : _lock.c.obj (.data:$O1$$)
                  20000f38    00000004     libcybotUART.lib : uart.obj (.data)
                  20000f3c    00000004     rtsv7M4_T_le_v4SPD16_eabi.lib : errno.c.obj (.data)
                  20000f40    00000001     button.obj (.data)

MODULE SUMMARY

       Module                         code    ro data   rw data
       ------                         ----    -------   -------
    .\
       open_interface.obj             2720    15        40     
       lcd.obj                        764     8         84     
       tm4c123gh6pm_startup_ccs.obj   12      620       0      
       timer.obj                      344     0         0      
       button.obj                     240     0         2      
       lab3_template.obj              124     0         0      
    +--+------------------------------+-------+---------+---------+
       Total:                         4204    643       126    
                                                               
    ../libcybotUART.lib
       uart.obj                       348     0         56     
    +--+------------------------------+-------+---------+---------+
       Total:                         348     0         56     
                                                               
    C:/ti/TivaWare_C_Series-2.1.4.178/driverlib/ccs/Debug/driverlib.lib
       interrupt.obj                  68      0         620    
       cpu.obj                        12      0         0      
    +--+------------------------------+-------+---------+---------+
       Total:                         80      0         620    
                                                               
    C:\ti\ccsv8\tools\compiler\ti-cgt-arm_18.1.2.LTS\lib\rtsv7M4_T_le_v4SPD16_eabi.lib
       _printfi.c.obj                 4863    0         0      
       memory.c.obj                   534     0         12     
       fd_add_t2.asm.obj              438     0         0      
       fd_div_t2.asm.obj              310     0         0      
       s_scalbn.c.obj                 272     0         0      
       fd_cmp_t2.asm.obj              268     0         0      
       ctype.c.obj                    0       257       0      
       fd_mul_t2.asm.obj              252     0         0      
       memcpy_t2.asm.obj              156     0         0      
       ull_div_t2.asm.obj             150     0         0      
       vsnprintf.c.obj                136     0         0      
       memset_t2.asm.obj              122     0         0      
       copy_decompress_lzss.c.obj     104     0         0      
       s_frexp.c.obj                  100     0         0      
       ltoa.c.obj                     84      0         0      
       atoi.c.obj                     76      0         0      
       fd_toi_t2.asm.obj              72      0         0      
       autoinit.c.obj                 68      0         0      
       boot_cortex_m.c.obj            56      0         0      
       i_tofd_t2.asm.obj              46      0         0      
       memccpy.c.obj                  28      0         0      
       strcmp.c.obj                   24      0         0      
       strchr.c.obj                   22      0         0      
       s_copysign.c.obj               20      0         0      
       strcpy.c.obj                   20      0         0      
       strlen.c.obj                   20      0         0      
       copy_zero_init.c.obj           18      0         0      
       wcslen.c.obj                   18      0         0      
       copy_decompress_none.c.obj     14      0         0      
       errno.c.obj                    8       0         4      
       _lock.c.obj                    2       0         8      
       exit.c.obj                     4       0         0      
       pre_init.c.obj                 4       0         0      
       div0.asm.obj                   2       0         0      
    +--+------------------------------+-------+---------+---------+
       Total:                         8311    257       24     
                                                               
       Heap:                          0       0         1024   
       Stack:                         0       0         2048   
       Linker Generated:              0       76        0      
    +--+------------------------------+-------+---------+---------+
       Grand Total:                   12943   976       3898   


LINKER GENERATED COPY TABLES

__TI_cinit_table @ 00003658 records: 3, size/record: 8, table size: 24
	.data: load addr=00003620, load size=00000018 bytes, run addr=20000f14, run size=0000002d bytes, compression=lzss
	.bss: load addr=00003648, load size=00000008 bytes, run addr=20000e70, run size=000000a1 bytes, compression=zero_init
	.vtable: load addr=00003650, load size=00000008 bytes, run addr=20000000, run size=0000026c bytes, compression=zero_init


LINKER GENERATED HANDLER TABLE

__TI_handler_table @ 00003638 records: 3, size/record: 4, table size: 12
	index: 0, handler: __TI_zero_init
	index: 1, handler: __TI_decompress_lzss
	index: 2, handler: __TI_decompress_none


GLOBAL SYMBOLS: SORTED ALPHABETICALLY BY Name 

address   name                          
-------   ----                          
00003501  C$$EXIT                       
000034dd  CPUcpsie                      
00000b65  GPIOF_Handler                 
000034af  IntMasterEnable               
000032f1  IntRegister                   
000034e9  ResetISR                      
20000a70  __STACK_END                   
00000800  __STACK_SIZE                  
20000470  __STACK_TOP                   
00000400  __SYSMEM_SIZE                 
00003658  __TI_CINIT_Base               
00003670  __TI_CINIT_Limit              
00003638  __TI_Handler_Table_Base       
00003644  __TI_Handler_Table_Limit      
00003181  __TI_auto_init_nobinit_nopinit
00002f23  __TI_decompress_lzss          
000034cf  __TI_decompress_none          
ffffffff  __TI_pprof_out_hndl           
00000cf5  __TI_printfi                  
ffffffff  __TI_prof_data_size           
ffffffff  __TI_prof_data_start          
00000000  __TI_static_base__            
0000348b  __TI_zero_init_nomemset       
00002c39  __aeabi_cdcmpeq               
00002c39  __aeabi_cdcmple               
00002cbf  __aeabi_cdrcmple              
00003139  __aeabi_d2iz                  
00001e8b  __aeabi_dadd                  
00002429  __aeabi_ddiv                  
00002791  __aeabi_dmul                  
00001e81  __aeabi_dsub                  
000034f5  __aeabi_errno_addr            
00003355  __aeabi_i2d                   
00002037  __aeabi_idiv0                 
00002037  __aeabi_ldiv0                 
00002dc1  __aeabi_memclr                
00002dc1  __aeabi_memclr4               
00002dc1  __aeabi_memclr8               
00002b07  __aeabi_memcpy                
00002b07  __aeabi_memcpy4               
00002b07  __aeabi_memcpy8               
00002dc3  __aeabi_memset                
00002dc3  __aeabi_memset4               
00002dc3  __aeabi_memset8               
00002ba3  __aeabi_uldivmod              
ffffffff  __binit__                     
ffffffff  __c_args__                    
UNDEFED   __mpu_init                    
20000270  __stack                       
00003281  _c_int00_noargs               
00003504  _ctypes_                      
20000f30  _lock                         
00001753  _nop                          
20000f10  _prevButton                   
20000a70  _sys_memory                   
UNDEFED   _system_post_cinit            
000034fd  _system_pre_init              
20000f34  _unlock                       
00003501  abort                         
000030ed  atoi                          
ffffffff  binit                         
000028b9  button_checkButtons           
000028c3  button_getButton              
0000290f  button_getButtonBlocking      
00002923  button_getButtonChange        
0000294d  button_getButtonChangeBlocking
0000288d  button_init                   
00003383  calloc                        
0000344f  copysign                      
0000344f  copysignl                     
00002141  cyBot_UART1_Handler           
00002127  cyBot_getByte                 
00002039  cyBot_sendByte                
00002109  cyBot_uart_flush              
00002077  cyBot_uart_init               
0000205f  cyBot_uart_sendBuffer         
00002045  cyBot_uart_sendStr            
20000f3c  errno                         
0000297d  free                          
00002f8d  frexp                         
00002f8d  frexpl                        
20000000  g_pfnRAMVectors               
00000000  g_pfnVectors                  
00000b7f  getDegrees                    
00000921  go_charge                     
20000ec4  isr_char_buffer               
20000f38  isr_counter                   
000034bf  lcd_clear                     
000018ed  lcd_gotoLine                  
00001755  lcd_init                      
00001953  lcd_printf                    
00001815  lcd_putc                      
0000184d  lcd_puts                      
0000186b  lcd_sendCommand               
000018a9  lcd_sendNibble                
00001915  lcd_setCursorPos              
00002681  ldexp                         
00002681  ldexpl                        
00003047  ltoa                          
00002d45  main                          
00002e3d  malloc                        
000033d5  memccpy                       
00002b07  memcpy                        
00002dc9  memset                        
000032b9  minit                         
0000026d  oi_alloc                      
00000a4b  oi_checkFirmware              
000002c3  oi_close                      
00000279  oi_free                       
000002ad  oi_init                       
00000289  oi_init_noupdate              
000008b7  oi_loadSong                   
00003409  oi_parseInt                   
00000327  oi_parsePacket                
0000090d  oi_play_song                  
00000831  oi_setLeds                    
00000875  oi_setWheels                  
00000af3  oi_shutoff_init               
0000092f  oi_uartInit                   
000009d3  oi_uartReceive                
00000a19  oi_uartSendBuff               
000009b7  oi_uartSendChar               
000009fb  oi_uartSendStr                
000002d5  oi_update                     
00002681  scalbn                        
00002681  scalbnl                       
00003439  strchr                        
00003421  strcmp                        
00003463  strcpy                        
00003477  strlen                        
000022a5  timer_getClock                
00002259  timer_startClock              
000021f3  timer_startTimer              
000022ab  timer_stopClock               
00002243  timer_stopTimer               
000021c9  timer_waitMicros              
00002195  timer_waitMillis              
000031c5  vsnprintf                     
0000349d  wcslen                        


GLOBAL SYMBOLS: SORTED BY Symbol Address 

address   name                          
-------   ----                          
00000000  __TI_static_base__            
00000000  g_pfnVectors                  
0000026d  oi_alloc                      
00000279  oi_free                       
00000289  oi_init_noupdate              
000002ad  oi_init                       
000002c3  oi_close                      
000002d5  oi_update                     
00000327  oi_parsePacket                
00000400  __SYSMEM_SIZE                 
00000800  __STACK_SIZE                  
00000831  oi_setLeds                    
00000875  oi_setWheels                  
000008b7  oi_loadSong                   
0000090d  oi_play_song                  
00000921  go_charge                     
0000092f  oi_uartInit                   
000009b7  oi_uartSendChar               
000009d3  oi_uartReceive                
000009fb  oi_uartSendStr                
00000a19  oi_uartSendBuff               
00000a4b  oi_checkFirmware              
00000af3  oi_shutoff_init               
00000b65  GPIOF_Handler                 
00000b7f  getDegrees                    
00000cf5  __TI_printfi                  
00001753  _nop                          
00001755  lcd_init                      
00001815  lcd_putc                      
0000184d  lcd_puts                      
0000186b  lcd_sendCommand               
000018a9  lcd_sendNibble                
000018ed  lcd_gotoLine                  
00001915  lcd_setCursorPos              
00001953  lcd_printf                    
00001e81  __aeabi_dsub                  
00001e8b  __aeabi_dadd                  
00002037  __aeabi_idiv0                 
00002037  __aeabi_ldiv0                 
00002039  cyBot_sendByte                
00002045  cyBot_uart_sendStr            
0000205f  cyBot_uart_sendBuffer         
00002077  cyBot_uart_init               
00002109  cyBot_uart_flush              
00002127  cyBot_getByte                 
00002141  cyBot_UART1_Handler           
00002195  timer_waitMillis              
000021c9  timer_waitMicros              
000021f3  timer_startTimer              
00002243  timer_stopTimer               
00002259  timer_startClock              
000022a5  timer_getClock                
000022ab  timer_stopClock               
00002429  __aeabi_ddiv                  
00002681  ldexp                         
00002681  ldexpl                        
00002681  scalbn                        
00002681  scalbnl                       
00002791  __aeabi_dmul                  
0000288d  button_init                   
000028b9  button_checkButtons           
000028c3  button_getButton              
0000290f  button_getButtonBlocking      
00002923  button_getButtonChange        
0000294d  button_getButtonChangeBlocking
0000297d  free                          
00002b07  __aeabi_memcpy                
00002b07  __aeabi_memcpy4               
00002b07  __aeabi_memcpy8               
00002b07  memcpy                        
00002ba3  __aeabi_uldivmod              
00002c39  __aeabi_cdcmpeq               
00002c39  __aeabi_cdcmple               
00002cbf  __aeabi_cdrcmple              
00002d45  main                          
00002dc1  __aeabi_memclr                
00002dc1  __aeabi_memclr4               
00002dc1  __aeabi_memclr8               
00002dc3  __aeabi_memset                
00002dc3  __aeabi_memset4               
00002dc3  __aeabi_memset8               
00002dc9  memset                        
00002e3d  malloc                        
00002f23  __TI_decompress_lzss          
00002f8d  frexp                         
00002f8d  frexpl                        
00003047  ltoa                          
000030ed  atoi                          
00003139  __aeabi_d2iz                  
00003181  __TI_auto_init_nobinit_nopinit
000031c5  vsnprintf                     
00003281  _c_int00_noargs               
000032b9  minit                         
000032f1  IntRegister                   
00003355  __aeabi_i2d                   
00003383  calloc                        
000033d5  memccpy                       
00003409  oi_parseInt                   
00003421  strcmp                        
00003439  strchr                        
0000344f  copysign                      
0000344f  copysignl                     
00003463  strcpy                        
00003477  strlen                        
0000348b  __TI_zero_init_nomemset       
0000349d  wcslen                        
000034af  IntMasterEnable               
000034bf  lcd_clear                     
000034cf  __TI_decompress_none          
000034dd  CPUcpsie                      
000034e9  ResetISR                      
000034f5  __aeabi_errno_addr            
000034fd  _system_pre_init              
00003501  C$$EXIT                       
00003501  abort                         
00003504  _ctypes_                      
00003638  __TI_Handler_Table_Base       
00003644  __TI_Handler_Table_Limit      
00003658  __TI_CINIT_Base               
00003670  __TI_CINIT_Limit              
20000000  g_pfnRAMVectors               
20000270  __stack                       
20000470  __STACK_TOP                   
20000a70  __STACK_END                   
20000a70  _sys_memory                   
20000ec4  isr_char_buffer               
20000f10  _prevButton                   
20000f30  _lock                         
20000f34  _unlock                       
20000f38  isr_counter                   
20000f3c  errno                         
ffffffff  __TI_pprof_out_hndl           
ffffffff  __TI_prof_data_size           
ffffffff  __TI_prof_data_start          
ffffffff  __binit__                     
ffffffff  __c_args__                    
ffffffff  binit                         
UNDEFED   __mpu_init                    
UNDEFED   _system_post_cinit            

[139 symbols]
