******************************************************************************
                  TI ARM Linker PC v18.1.2                     
******************************************************************************
>> Linked Tue Oct  2 15:03:13 2018

OUTPUT FILE NAME:   <Lab6.out>
ENTRY POINT SYMBOL: "_c_int00_noargs"  address: 00002945


MEMORY CONFIGURATION

         name            origin    length      used     unused   attr    fill
----------------------  --------  ---------  --------  --------  ----  --------
  FLASH                 00000000   00040000  00002c11  0003d3ef  R  X
  SRAM                  20000000   00008000  00000858  000077a8  RW X


SEGMENT ALLOCATION MAP

run origin  load origin   length   init length attrs members
----------  ----------- ---------- ----------- ----- -------
00000000    00000000    00002c18   00002c18    r-x
  00000000    00000000    0000026c   0000026c    r-- .intvecs
  0000026c    0000026c    0000286c   0000286c    r-x .text
  00002ad8    00002ad8    00000109   00000109    r-- .const
  00002be8    00002be8    00000030   00000030    r-- .cinit
20000000    20000000    00000858   00000000    rw-
  20000000    20000000    00000800   00000000    rw- .stack
  20000800    20000800    00000054   00000000    rw- .bss
  20000854    20000854    00000004   00000000    rw- .data


SECTION ALLOCATION MAP

 output                                  attributes/
section   page    origin      length       input sections
--------  ----  ----------  ----------   ----------------
.intvecs   0    00000000    0000026c     
                  00000000    0000026c     tm4c123gh6pm_startup_ccs.obj (.intvecs)

.text      0    0000026c    0000286c     
                  0000026c    00000a5e     rtsv7M4_T_le_v4SPD16_eabi.lib : _printfi.c.obj (.text:__TI_printfi)
                  00000cca    00000002                                   : div0.asm.obj (.text)
                  00000ccc    000003c4                                   : e_log.c.obj (.text:log)
                  00001090    000002ec     lcd.obj (.text)
                  0000137c    00000270     rtsv7M4_T_le_v4SPD16_eabi.lib : _printfi.c.obj (.text:_pconv_a)
                  000015ec    000001e0     main.obj (.text)
                  000017cc    000001d0     rtsv7M4_T_le_v4SPD16_eabi.lib : _printfi.c.obj (.text:_pconv_g)
                  0000199c    000001b6                                   : fd_add_t2.asm.obj (.text)
                  00001b52    00000002     --HOLE-- [fill = 0]
                  00001b54    00000158     timer.obj (.text)
                  00001cac    0000013c     rtsv7M4_T_le_v4SPD16_eabi.lib : _printfi.c.obj (.text:_pconv_e)
                  00001de8    00000136                                   : fd_div_t2.asm.obj (.text)
                  00001f1e    00000002     --HOLE-- [fill = 0]
                  00001f20    00000120                                   : _printfi.c.obj (.text:fcvt)
                  00002040    00000110                                   : s_scalbn.c.obj (.text:scalbn)
                  00002150    000000fc                                   : fd_mul_t2.asm.obj (.text)
                  0000224c    000000b1                                   : _printfi.c.obj (.text:_ltostr)
                  000022fd    00000001     --HOLE-- [fill = 0]
                  000022fe    0000009c                                   : memcpy_t2.asm.obj (.text)
                  0000239a    00000096                                   : ull_div_t2.asm.obj (.text)
                  00002430    00000086                                   : fd_cmp_t2.asm.obj (.text:__aeabi_cdcmple)
                  000024b6    00000086                                   : fd_cmp_t2.asm.obj (.text:__aeabi_cdrcmple)
                  0000253c    0000007a                                   : memset_t2.asm.obj (.text)
                  000025b6    0000006e                                   : _printfi.c.obj (.text:_mcpy)
                  00002624    00000068                                   : copy_decompress_lzss.c.obj (.text:decompress:lzss:__TI_decompress_lzss)
                  0000268c    00000064                                   : s_frexp.c.obj (.text:frexp)
                  000026f0    00000056                                   : _printfi.c.obj (.text:_pconv_f)
                  00002746    00000054                                   : ltoa.c.obj (.text:ltoa)
                  0000279a    00000052                                   : _printfi.c.obj (.text:_ecpy)
                  000027ec    0000004c                                   : atoi.c.obj (.text:atoi)
                  00002838    00000048                                   : fd_toi_t2.asm.obj (.text)
                  00002880    00000044                                   : autoinit.c.obj (.text:__TI_auto_init_nobinit_nopinit:__TI_auto_init_nobinit_nopinit)
                  000028c4    00000040                                   : vsnprintf.c.obj (.text:vsnprintf)
                  00002904    0000003e                                   : _printfi.c.obj (.text:_fcpy)
                  00002942    00000002     --HOLE-- [fill = 0]
                  00002944    00000038                                   : boot_cortex_m.c.obj (.text:_c_int00_noargs:_c_int00_noargs)
                  0000297c    00000030                                   : vsnprintf.c.obj (.text:_outs)
                  000029ac    0000002e                                   : i_tofd_t2.asm.obj (.text)
                  000029da    0000001c                                   : memccpy.c.obj (.text:memccpy)
                  000029f6    00000018                                   : vsnprintf.c.obj (.text:_outc)
                  00002a0e    00000018                                   : strcmp.c.obj (.text:strcmp)
                  00002a26    00000016                                   : strchr.c.obj (.text:strchr)
                  00002a3c    00000014                                   : s_copysign.c.obj (.text:copysign)
                  00002a50    00000014                                   : strcpy.c.obj (.text:strcpy)
                  00002a64    00000014                                   : strlen.c.obj (.text:strlen)
                  00002a78    00000012                                   : copy_zero_init.c.obj (.text:decompress:ZI:__TI_zero_init_nomemset:__TI_zero_init_nomemset)
                  00002a8a    00000012                                   : wcslen.c.obj (.text:wcslen)
                  00002a9c    00000010     lcd.obj (.text:lcd_clear)
                  00002aac    0000000e     rtsv7M4_T_le_v4SPD16_eabi.lib : copy_decompress_none.c.obj (.text:decompress:none:__TI_decompress_none)
                  00002aba    0000000c     tm4c123gh6pm_startup_ccs.obj (.text)
                  00002ac6    00000002     --HOLE-- [fill = 0]
                  00002ac8    00000008     rtsv7M4_T_le_v4SPD16_eabi.lib : errno.c.obj (.text:__aeabi_errno_addr)
                  00002ad0    00000004                                   : pre_init.c.obj (.text:_system_pre_init)
                  00002ad4    00000004                                   : exit.c.obj (.text:abort:abort)

.const     0    00002ad8    00000109     
                  00002ad8    00000101     rtsv7M4_T_le_v4SPD16_eabi.lib : ctype.c.obj (.const:.string:_ctypes_)
                  00002bd9    00000004     lcd.obj (.const:.string:lineAddress$1)
                  00002bdd    00000004     lcd.obj (.const:.string:lineAddresses$2)

.cinit     0    00002be8    00000030     
                  00002be8    0000000c     (__TI_handler_table)
                  00002bf4    00000004     --HOLE-- [fill = 0]
                  00002bf8    00000008     (.cinit..bss.load) [load image, compression = zero_init]
                  00002c00    00000007     (.cinit..data.load) [load image, compression = lzss]
                  00002c07    00000001     --HOLE-- [fill = 0]
                  00002c08    00000010     (__TI_cinit_table)

.init_array 
*          0    00000000    00000000     UNINITIALIZED

.bss       0    20000800    00000054     UNINITIALIZED
                  20000800    00000054     lcd.obj (.bss:lastbuffer$3)

.data      0    20000854    00000004     UNINITIALIZED
                  20000854    00000004     rtsv7M4_T_le_v4SPD16_eabi.lib : errno.c.obj (.data)

.stack     0    20000000    00000800     UNINITIALIZED
                  20000000    00000004     rtsv7M4_T_le_v4SPD16_eabi.lib : boot_cortex_m.c.obj (.stack)
                  20000004    000007fc     --HOLE--

MODULE SUMMARY

       Module                         code    ro data   rw data
       ------                         ----    -------   -------
    .\
       lcd.obj                        764     8         84     
       tm4c123gh6pm_startup_ccs.obj   12      620       0      
       main.obj                       480     0         0      
       timer.obj                      344     0         0      
    +--+------------------------------+-------+---------+---------+
       Total:                         1600    628       84     
                                                               
    C:\ti\ccsv8\tools\compiler\ti-cgt-arm_18.1.2.LTS\lib\rtsv7M4_T_le_v4SPD16_eabi.lib
       _printfi.c.obj                 4863    0         0      
       e_log.c.obj                    964     0         0      
       fd_add_t2.asm.obj              438     0         0      
       fd_div_t2.asm.obj              310     0         0      
       s_scalbn.c.obj                 272     0         0      
       fd_cmp_t2.asm.obj              268     0         0      
       ctype.c.obj                    0       257       0      
       fd_mul_t2.asm.obj              252     0         0      
       memcpy_t2.asm.obj              156     0         0      
       ull_div_t2.asm.obj             150     0         0      
       vsnprintf.c.obj                136     0         0      
       memset_t2.asm.obj              122     0         0      
       copy_decompress_lzss.c.obj     104     0         0      
       s_frexp.c.obj                  100     0         0      
       ltoa.c.obj                     84      0         0      
       atoi.c.obj                     76      0         0      
       fd_toi_t2.asm.obj              72      0         0      
       autoinit.c.obj                 68      0         0      
       boot_cortex_m.c.obj            56      0         0      
       i_tofd_t2.asm.obj              46      0         0      
       memccpy.c.obj                  28      0         0      
       strcmp.c.obj                   24      0         0      
       strchr.c.obj                   22      0         0      
       s_copysign.c.obj               20      0         0      
       strcpy.c.obj                   20      0         0      
       strlen.c.obj                   20      0         0      
       copy_zero_init.c.obj           18      0         0      
       wcslen.c.obj                   18      0         0      
       copy_decompress_none.c.obj     14      0         0      
       errno.c.obj                    8       0         4      
       exit.c.obj                     4       0         0      
       pre_init.c.obj                 4       0         0      
       div0.asm.obj                   2       0         0      
    +--+------------------------------+-------+---------+---------+
       Total:                         8739    257       4      
                                                               
       Stack:                         0       0         2048   
       Linker Generated:              0       43        0      
    +--+------------------------------+-------+---------+---------+
       Grand Total:                   10339   928       2136   


LINKER GENERATED COPY TABLES

__TI_cinit_table @ 00002c08 records: 2, size/record: 8, table size: 16
	.bss: load addr=00002bf8, load size=00000008 bytes, run addr=20000800, run size=00000054 bytes, compression=zero_init
	.data: load addr=00002c00, load size=00000007 bytes, run addr=20000854, run size=00000004 bytes, compression=lzss


LINKER GENERATED HANDLER TABLE

__TI_handler_table @ 00002be8 records: 3, size/record: 4, table size: 12
	index: 0, handler: __TI_decompress_lzss
	index: 1, handler: __TI_decompress_none
	index: 2, handler: __TI_zero_init


GLOBAL SYMBOLS: SORTED ALPHABETICALLY BY Name 

address   name                          
-------   ----                          
00002ad5  C$$EXIT                       
00002abb  ResetISR                      
20000800  __STACK_END                   
00000800  __STACK_SIZE                  
20000200  __STACK_TOP                   
00002c08  __TI_CINIT_Base               
00002c18  __TI_CINIT_Limit              
00002be8  __TI_Handler_Table_Base       
00002bf4  __TI_Handler_Table_Limit      
00002881  __TI_auto_init_nobinit_nopinit
00002625  __TI_decompress_lzss          
00002aad  __TI_decompress_none          
ffffffff  __TI_pprof_out_hndl           
0000026d  __TI_printfi                  
ffffffff  __TI_prof_data_size           
ffffffff  __TI_prof_data_start          
00000000  __TI_static_base__            
00002a79  __TI_zero_init_nomemset       
00002431  __aeabi_cdcmpeq               
00002431  __aeabi_cdcmple               
000024b7  __aeabi_cdrcmple              
00002839  __aeabi_d2iz                  
000019a7  __aeabi_dadd                  
00001de9  __aeabi_ddiv                  
00002151  __aeabi_dmul                  
0000199d  __aeabi_dsub                  
00002ac9  __aeabi_errno_addr            
000029ad  __aeabi_i2d                   
00000ccb  __aeabi_idiv0                 
00000ccb  __aeabi_ldiv0                 
0000253d  __aeabi_memclr                
0000253d  __aeabi_memclr4               
0000253d  __aeabi_memclr8               
000022ff  __aeabi_memcpy                
000022ff  __aeabi_memcpy4               
000022ff  __aeabi_memcpy8               
0000253f  __aeabi_memset                
0000253f  __aeabi_memset4               
0000253f  __aeabi_memset8               
0000239b  __aeabi_uldivmod              
ffffffff  __binit__                     
ffffffff  __c_args__                    
UNDEFED   __mpu_init                    
20000000  __stack                       
00002945  _c_int00_noargs               
00002ad8  _ctypes_                      
UNDEFED   _system_post_cinit            
00002ad1  _system_pre_init              
00002ad5  abort                         
000027ed  atoi                          
ffffffff  binit                         
00002a3d  copysign                      
00002a3d  copysignl                     
20000854  errno                         
0000268d  frexp                         
0000268d  frexpl                        
00000000  g_pfnVectors                  
00001653  getAvg                        
000015ed  getDistance                   
00002a9d  lcd_clear                     
00001229  lcd_gotoLine                  
00001091  lcd_init                      
0000128f  lcd_printf                    
00001151  lcd_putc                      
00001189  lcd_puts                      
000011a7  lcd_sendCommand               
000011e5  lcd_sendNibble                
00001251  lcd_setCursorPos              
00002041  ldexp                         
00002041  ldexpl                        
00000ccd  log                           
00000ccd  logl                          
00002747  ltoa                          
00001693  main                          
000029db  memccpy                       
000022ff  memcpy                        
00002545  memset                        
00002041  scalbn                        
00002041  scalbnl                       
00002a27  strchr                        
00002a0f  strcmp                        
00002a51  strcpy                        
00002a65  strlen                        
00001c65  timer_getClock                
00001c19  timer_startClock              
00001bb3  timer_startTimer              
00001c6b  timer_stopClock               
00001c03  timer_stopTimer               
00001b89  timer_waitMicros              
00001b55  timer_waitMillis              
000028c5  vsnprintf                     
00002a8b  wcslen                        


GLOBAL SYMBOLS: SORTED BY Symbol Address 

address   name                          
-------   ----                          
00000000  __TI_static_base__            
00000000  g_pfnVectors                  
0000026d  __TI_printfi                  
00000800  __STACK_SIZE                  
00000ccb  __aeabi_idiv0                 
00000ccb  __aeabi_ldiv0                 
00000ccd  log                           
00000ccd  logl                          
00001091  lcd_init                      
00001151  lcd_putc                      
00001189  lcd_puts                      
000011a7  lcd_sendCommand               
000011e5  lcd_sendNibble                
00001229  lcd_gotoLine                  
00001251  lcd_setCursorPos              
0000128f  lcd_printf                    
000015ed  getDistance                   
00001653  getAvg                        
00001693  main                          
0000199d  __aeabi_dsub                  
000019a7  __aeabi_dadd                  
00001b55  timer_waitMillis              
00001b89  timer_waitMicros              
00001bb3  timer_startTimer              
00001c03  timer_stopTimer               
00001c19  timer_startClock              
00001c65  timer_getClock                
00001c6b  timer_stopClock               
00001de9  __aeabi_ddiv                  
00002041  ldexp                         
00002041  ldexpl                        
00002041  scalbn                        
00002041  scalbnl                       
00002151  __aeabi_dmul                  
000022ff  __aeabi_memcpy                
000022ff  __aeabi_memcpy4               
000022ff  __aeabi_memcpy8               
000022ff  memcpy                        
0000239b  __aeabi_uldivmod              
00002431  __aeabi_cdcmpeq               
00002431  __aeabi_cdcmple               
000024b7  __aeabi_cdrcmple              
0000253d  __aeabi_memclr                
0000253d  __aeabi_memclr4               
0000253d  __aeabi_memclr8               
0000253f  __aeabi_memset                
0000253f  __aeabi_memset4               
0000253f  __aeabi_memset8               
00002545  memset                        
00002625  __TI_decompress_lzss          
0000268d  frexp                         
0000268d  frexpl                        
00002747  ltoa                          
000027ed  atoi                          
00002839  __aeabi_d2iz                  
00002881  __TI_auto_init_nobinit_nopinit
000028c5  vsnprintf                     
00002945  _c_int00_noargs               
000029ad  __aeabi_i2d                   
000029db  memccpy                       
00002a0f  strcmp                        
00002a27  strchr                        
00002a3d  copysign                      
00002a3d  copysignl                     
00002a51  strcpy                        
00002a65  strlen                        
00002a79  __TI_zero_init_nomemset       
00002a8b  wcslen                        
00002a9d  lcd_clear                     
00002aad  __TI_decompress_none          
00002abb  ResetISR                      
00002ac9  __aeabi_errno_addr            
00002ad1  _system_pre_init              
00002ad5  C$$EXIT                       
00002ad5  abort                         
00002ad8  _ctypes_                      
00002be8  __TI_Handler_Table_Base       
00002bf4  __TI_Handler_Table_Limit      
00002c08  __TI_CINIT_Base               
00002c18  __TI_CINIT_Limit              
20000000  __stack                       
20000200  __STACK_TOP                   
20000800  __STACK_END                   
20000854  errno                         
ffffffff  __TI_pprof_out_hndl           
ffffffff  __TI_prof_data_size           
ffffffff  __TI_prof_data_start          
ffffffff  __binit__                     
ffffffff  __c_args__                    
ffffffff  binit                         
UNDEFED   __mpu_init                    
UNDEFED   _system_post_cinit            

[92 symbols]
