******************************************************************************
                  TI ARM Linker PC v18.1.2                     
******************************************************************************
>> Linked Mon Oct 15 22:05:29 2018

OUTPUT FILE NAME:   <Lab7.out>
ENTRY POINT SYMBOL: "_c_int00_noargs"  address: 000025e1


MEMORY CONFIGURATION

         name            origin    length      used     unused   attr    fill
----------------------  --------  ---------  --------  --------  ----  --------
  FLASH                 00000000   00040000  0000290d  0003d6f3  R  X
  SRAM                  20000000   00008000  00000adc  00007524  RW X


SEGMENT ALLOCATION MAP

run origin  load origin   length   init length attrs members
----------  ----------- ---------- ----------- ----- -------
00000000    00000000    00002910   00002910    r-x
  00000000    00000000    0000026c   0000026c    r-- .intvecs
  0000026c    0000026c    00002558   00002558    r-x .text
  000027c4    000027c4    00000109   00000109    r-- .const
  000028d0    000028d0    00000040   00000040    r-- .cinit
20000000    20000000    00000ae0   00000000    rw-
  20000000    20000000    0000026c   00000000    rw- .vtable
  20000270    20000270    00000800   00000000    rw- .stack
  20000a70    20000a70    00000058   00000000    rw- .bss
  20000ac8    20000ac8    00000018   00000000    rw- .data


SECTION ALLOCATION MAP

 output                                  attributes/
section   page    origin      length       input sections
--------  ----  ----------  ----------   ----------------
.intvecs   0    00000000    0000026c     
                  00000000    0000026c     tm4c123gh6pm_startup_ccs.obj (.intvecs)

.text      0    0000026c    00002558     
                  0000026c    00000a5e     rtsv7M4_T_le_v4SPD16_eabi.lib : _printfi.c.obj (.text:__TI_printfi)
                  00000cca    00000002                                   : div0.asm.obj (.text)
                  00000ccc    000002ec     lcd.obj (.text)
                  00000fb8    00000270     rtsv7M4_T_le_v4SPD16_eabi.lib : _printfi.c.obj (.text:_pconv_a)
                  00001228    00000240     main.obj (.text)
                  00001468    000001d0     rtsv7M4_T_le_v4SPD16_eabi.lib : _printfi.c.obj (.text:_pconv_g)
                  00001638    000001b6                                   : fd_add_t2.asm.obj (.text)
                  000017ee    00000002     --HOLE-- [fill = 0]
                  000017f0    00000158     timer.obj (.text)
                  00001948    0000013c     rtsv7M4_T_le_v4SPD16_eabi.lib : _printfi.c.obj (.text:_pconv_e)
                  00001a84    00000136                                   : fd_div_t2.asm.obj (.text)
                  00001bba    00000002     --HOLE-- [fill = 0]
                  00001bbc    00000120                                   : _printfi.c.obj (.text:fcvt)
                  00001cdc    00000110                                   : s_scalbn.c.obj (.text:scalbn)
                  00001dec    000000fc                                   : fd_mul_t2.asm.obj (.text)
                  00001ee8    000000b1                                   : _printfi.c.obj (.text:_ltostr)
                  00001f99    00000001     --HOLE-- [fill = 0]
                  00001f9a    0000009c                                   : memcpy_t2.asm.obj (.text)
                  00002036    00000096                                   : ull_div_t2.asm.obj (.text)
                  000020cc    00000086                                   : fd_cmp_t2.asm.obj (.text:__aeabi_cdcmple)
                  00002152    00000086                                   : fd_cmp_t2.asm.obj (.text:__aeabi_cdrcmple)
                  000021d8    0000007a                                   : memset_t2.asm.obj (.text)
                  00002252    0000006e                                   : _printfi.c.obj (.text:_mcpy)
                  000022c0    00000068                                   : copy_decompress_lzss.c.obj (.text:decompress:lzss:__TI_decompress_lzss)
                  00002328    00000064                                   : s_frexp.c.obj (.text:frexp)
                  0000238c    00000056                                   : _printfi.c.obj (.text:_pconv_f)
                  000023e2    00000054                                   : ltoa.c.obj (.text:ltoa)
                  00002436    00000052                                   : _printfi.c.obj (.text:_ecpy)
                  00002488    0000004c                                   : atoi.c.obj (.text:atoi)
                  000024d4    00000048                                   : fd_toi_t2.asm.obj (.text)
                  0000251c    00000044                                   : autoinit.c.obj (.text:__TI_auto_init_nobinit_nopinit:__TI_auto_init_nobinit_nopinit)
                  00002560    00000040                                   : vsnprintf.c.obj (.text:vsnprintf)
                  000025a0    0000003e                                   : _printfi.c.obj (.text:_fcpy)
                  000025de    00000002     --HOLE-- [fill = 0]
                  000025e0    00000038                                   : boot_cortex_m.c.obj (.text:_c_int00_noargs:_c_int00_noargs)
                  00002618    00000034     driverlib.lib : interrupt.obj (.text:IntRegister)
                  0000264c    00000030     rtsv7M4_T_le_v4SPD16_eabi.lib : vsnprintf.c.obj (.text:_outs)
                  0000267c    0000002e                                   : i_tofd_t2.asm.obj (.text)
                  000026aa    0000001c                                   : memccpy.c.obj (.text:memccpy)
                  000026c6    00000018                                   : vsnprintf.c.obj (.text:_outc)
                  000026de    00000018                                   : strcmp.c.obj (.text:strcmp)
                  000026f6    00000016                                   : strchr.c.obj (.text:strchr)
                  0000270c    00000014                                   : s_copysign.c.obj (.text:copysign)
                  00002720    00000014                                   : strcpy.c.obj (.text:strcpy)
                  00002734    00000014                                   : strlen.c.obj (.text:strlen)
                  00002748    00000012                                   : copy_zero_init.c.obj (.text:decompress:ZI:__TI_zero_init_nomemset:__TI_zero_init_nomemset)
                  0000275a    00000012                                   : wcslen.c.obj (.text:wcslen)
                  0000276c    00000010     driverlib.lib : interrupt.obj (.text:IntMasterEnable)
                  0000277c    00000010     lcd.obj (.text:lcd_clear)
                  0000278c    0000000e     rtsv7M4_T_le_v4SPD16_eabi.lib : copy_decompress_none.c.obj (.text:decompress:none:__TI_decompress_none)
                  0000279a    0000000c     driverlib.lib : cpu.obj (.text:CPUcpsie)
                  000027a6    0000000c     tm4c123gh6pm_startup_ccs.obj (.text)
                  000027b2    00000002     --HOLE-- [fill = 0]
                  000027b4    00000008     rtsv7M4_T_le_v4SPD16_eabi.lib : errno.c.obj (.text:__aeabi_errno_addr)
                  000027bc    00000004                                   : pre_init.c.obj (.text:_system_pre_init)
                  000027c0    00000004                                   : exit.c.obj (.text:abort:abort)

.const     0    000027c4    00000109     
                  000027c4    00000101     rtsv7M4_T_le_v4SPD16_eabi.lib : ctype.c.obj (.const:.string:_ctypes_)
                  000028c5    00000004     lcd.obj (.const:.string:lineAddress$1)
                  000028c9    00000004     lcd.obj (.const:.string:lineAddresses$2)

.cinit     0    000028d0    00000040     
                  000028d0    0000000c     (__TI_handler_table)
                  000028dc    00000004     --HOLE-- [fill = 0]
                  000028e0    00000008     (.cinit..bss.load) [load image, compression = zero_init]
                  000028e8    00000008     (.cinit..data.load) [load image, compression = lzss]
                  000028f0    00000008     (.cinit..vtable.load) [load image, compression = zero_init]
                  000028f8    00000018     (__TI_cinit_table)

.init_array 
*          0    00000000    00000000     UNINITIALIZED

.vtable    0    20000000    0000026c     UNINITIALIZED
                  20000000    0000026c     driverlib.lib : interrupt.obj (.vtable)

.bss       0    20000a70    00000058     UNINITIALIZED
                  20000a70    00000054     lcd.obj (.bss:lastbuffer$3)
                  20000ac4    00000004     (.common:time_diff)

.data      0    20000ac8    00000018     UNINITIALIZED
                  20000ac8    00000011     main.obj (.data)
                  20000ad9    00000003     --HOLE--
                  20000adc    00000004     rtsv7M4_T_le_v4SPD16_eabi.lib : errno.c.obj (.data)

.stack     0    20000270    00000800     UNINITIALIZED
                  20000270    00000004     rtsv7M4_T_le_v4SPD16_eabi.lib : boot_cortex_m.c.obj (.stack)
                  20000274    000007fc     --HOLE--

MODULE SUMMARY

       Module                         code   ro data   rw data
       ------                         ----   -------   -------
    .\
       lcd.obj                        764    8         84     
       tm4c123gh6pm_startup_ccs.obj   12     620       0      
       main.obj                       576    0         21     
       timer.obj                      344    0         0      
    +--+------------------------------+------+---------+---------+
       Total:                         1696   628       105    
                                                              
    C:/ti/TivaWare_C_Series-2.1.4.178/driverlib/ccs/Debug/driverlib.lib
       interrupt.obj                  68     0         620    
       cpu.obj                        12     0         0      
    +--+------------------------------+------+---------+---------+
       Total:                         80     0         620    
                                                              
    C:\ti\ccsv8\tools\compiler\ti-cgt-arm_18.1.2.LTS\lib\rtsv7M4_T_le_v4SPD16_eabi.lib
       _printfi.c.obj                 4863   0         0      
       fd_add_t2.asm.obj              438    0         0      
       fd_div_t2.asm.obj              310    0         0      
       s_scalbn.c.obj                 272    0         0      
       fd_cmp_t2.asm.obj              268    0         0      
       ctype.c.obj                    0      257       0      
       fd_mul_t2.asm.obj              252    0         0      
       memcpy_t2.asm.obj              156    0         0      
       ull_div_t2.asm.obj             150    0         0      
       vsnprintf.c.obj                136    0         0      
       memset_t2.asm.obj              122    0         0      
       copy_decompress_lzss.c.obj     104    0         0      
       s_frexp.c.obj                  100    0         0      
       ltoa.c.obj                     84     0         0      
       atoi.c.obj                     76     0         0      
       fd_toi_t2.asm.obj              72     0         0      
       autoinit.c.obj                 68     0         0      
       boot_cortex_m.c.obj            56     0         0      
       i_tofd_t2.asm.obj              46     0         0      
       memccpy.c.obj                  28     0         0      
       strcmp.c.obj                   24     0         0      
       strchr.c.obj                   22     0         0      
       s_copysign.c.obj               20     0         0      
       strcpy.c.obj                   20     0         0      
       strlen.c.obj                   20     0         0      
       copy_zero_init.c.obj           18     0         0      
       wcslen.c.obj                   18     0         0      
       copy_decompress_none.c.obj     14     0         0      
       errno.c.obj                    8      0         4      
       exit.c.obj                     4      0         0      
       pre_init.c.obj                 4      0         0      
       div0.asm.obj                   2      0         0      
    +--+------------------------------+------+---------+---------+
       Total:                         7775   257       4      
                                                              
       Stack:                         0      0         2048   
       Linker Generated:              0      60        0      
    +--+------------------------------+------+---------+---------+
       Grand Total:                   9551   945       2777   


LINKER GENERATED COPY TABLES

__TI_cinit_table @ 000028f8 records: 3, size/record: 8, table size: 24
	.bss: load addr=000028e0, load size=00000008 bytes, run addr=20000a70, run size=00000058 bytes, compression=zero_init
	.data: load addr=000028e8, load size=00000008 bytes, run addr=20000ac8, run size=00000018 bytes, compression=lzss
	.vtable: load addr=000028f0, load size=00000008 bytes, run addr=20000000, run size=0000026c bytes, compression=zero_init


LINKER GENERATED HANDLER TABLE

__TI_handler_table @ 000028d0 records: 3, size/record: 4, table size: 12
	index: 0, handler: __TI_zero_init
	index: 1, handler: __TI_decompress_lzss
	index: 2, handler: __TI_decompress_none


GLOBAL SYMBOLS: SORTED ALPHABETICALLY BY Name 

address   name                          
-------   ----                          
000027c1  C$$EXIT                       
0000279b  CPUcpsie                      
0000276d  IntMasterEnable               
00002619  IntRegister                   
000027a7  ResetISR                      
000012f7  TIMER3B_Handler               
20000a70  __STACK_END                   
00000800  __STACK_SIZE                  
20000470  __STACK_TOP                   
000028f8  __TI_CINIT_Base               
00002910  __TI_CINIT_Limit              
000028d0  __TI_Handler_Table_Base       
000028dc  __TI_Handler_Table_Limit      
0000251d  __TI_auto_init_nobinit_nopinit
000022c1  __TI_decompress_lzss          
0000278d  __TI_decompress_none          
ffffffff  __TI_pprof_out_hndl           
0000026d  __TI_printfi                  
ffffffff  __TI_prof_data_size           
ffffffff  __TI_prof_data_start          
00000000  __TI_static_base__            
00002749  __TI_zero_init_nomemset       
000020cd  __aeabi_cdcmpeq               
000020cd  __aeabi_cdcmple               
00002153  __aeabi_cdrcmple              
000024d5  __aeabi_d2iz                  
00001643  __aeabi_dadd                  
00001a85  __aeabi_ddiv                  
00001ded  __aeabi_dmul                  
00001639  __aeabi_dsub                  
000027b5  __aeabi_errno_addr            
0000267d  __aeabi_i2d                   
00000ccb  __aeabi_idiv0                 
00000ccb  __aeabi_ldiv0                 
000021d9  __aeabi_memclr                
000021d9  __aeabi_memclr4               
000021d9  __aeabi_memclr8               
00001f9b  __aeabi_memcpy                
00001f9b  __aeabi_memcpy4               
00001f9b  __aeabi_memcpy8               
000021db  __aeabi_memset                
000021db  __aeabi_memset4               
000021db  __aeabi_memset8               
00002037  __aeabi_uldivmod              
ffffffff  __binit__                     
ffffffff  __c_args__                    
UNDEFED   __mpu_init                    
20000270  __stack                       
000025e1  _c_int00_noargs               
000027c4  _ctypes_                      
UNDEFED   _system_post_cinit            
000027bd  _system_pre_init              
000027c1  abort                         
00002489  atoi                          
ffffffff  binit                         
0000270d  copysign                      
0000270d  copysignl                     
20000acc  current_time                  
0000127b  cycles2dist                   
00001293  cycles2ms                     
20000adc  errno                         
00002329  frexp                         
00002329  frexpl                        
20000000  g_pfnRAMVectors               
00000000  g_pfnVectors                  
20000ac8  last_time                     
0000277d  lcd_clear                     
00000e65  lcd_gotoLine                  
00000ccd  lcd_init                      
00000ecb  lcd_printf                    
00000d8d  lcd_putc                      
00000dc5  lcd_puts                      
00000de3  lcd_sendCommand               
00000e21  lcd_sendNibble                
00000e8d  lcd_setCursorPos              
00001cdd  ldexp                         
00001cdd  ldexpl                        
000023e3  ltoa                          
000013b1  main                          
000026ab  memccpy                       
00001f9b  memcpy                        
000021e1  memset                        
20000ad4  overflow                      
000012a7  ping_read                     
20000ad8  ready                         
00001cdd  scalbn                        
00001cdd  scalbnl                       
00001229  send_pulse                    
00001333  setup                         
000026f7  strchr                        
000026df  strcmp                        
00002721  strcpy                        
00002735  strlen                        
20000ac4  time_diff                     
00001901  timer_getClock                
000018b5  timer_startClock              
0000184f  timer_startTimer              
00001907  timer_stopClock               
0000189f  timer_stopTimer               
00001825  timer_waitMicros              
000017f1  timer_waitMillis              
00002561  vsnprintf                     
20000ad0  waiting_fall_flag             
0000275b  wcslen                        


GLOBAL SYMBOLS: SORTED BY Symbol Address 

address   name                          
-------   ----                          
00000000  __TI_static_base__            
00000000  g_pfnVectors                  
0000026d  __TI_printfi                  
00000800  __STACK_SIZE                  
00000ccb  __aeabi_idiv0                 
00000ccb  __aeabi_ldiv0                 
00000ccd  lcd_init                      
00000d8d  lcd_putc                      
00000dc5  lcd_puts                      
00000de3  lcd_sendCommand               
00000e21  lcd_sendNibble                
00000e65  lcd_gotoLine                  
00000e8d  lcd_setCursorPos              
00000ecb  lcd_printf                    
00001229  send_pulse                    
0000127b  cycles2dist                   
00001293  cycles2ms                     
000012a7  ping_read                     
000012f7  TIMER3B_Handler               
00001333  setup                         
000013b1  main                          
00001639  __aeabi_dsub                  
00001643  __aeabi_dadd                  
000017f1  timer_waitMillis              
00001825  timer_waitMicros              
0000184f  timer_startTimer              
0000189f  timer_stopTimer               
000018b5  timer_startClock              
00001901  timer_getClock                
00001907  timer_stopClock               
00001a85  __aeabi_ddiv                  
00001cdd  ldexp                         
00001cdd  ldexpl                        
00001cdd  scalbn                        
00001cdd  scalbnl                       
00001ded  __aeabi_dmul                  
00001f9b  __aeabi_memcpy                
00001f9b  __aeabi_memcpy4               
00001f9b  __aeabi_memcpy8               
00001f9b  memcpy                        
00002037  __aeabi_uldivmod              
000020cd  __aeabi_cdcmpeq               
000020cd  __aeabi_cdcmple               
00002153  __aeabi_cdrcmple              
000021d9  __aeabi_memclr                
000021d9  __aeabi_memclr4               
000021d9  __aeabi_memclr8               
000021db  __aeabi_memset                
000021db  __aeabi_memset4               
000021db  __aeabi_memset8               
000021e1  memset                        
000022c1  __TI_decompress_lzss          
00002329  frexp                         
00002329  frexpl                        
000023e3  ltoa                          
00002489  atoi                          
000024d5  __aeabi_d2iz                  
0000251d  __TI_auto_init_nobinit_nopinit
00002561  vsnprintf                     
000025e1  _c_int00_noargs               
00002619  IntRegister                   
0000267d  __aeabi_i2d                   
000026ab  memccpy                       
000026df  strcmp                        
000026f7  strchr                        
0000270d  copysign                      
0000270d  copysignl                     
00002721  strcpy                        
00002735  strlen                        
00002749  __TI_zero_init_nomemset       
0000275b  wcslen                        
0000276d  IntMasterEnable               
0000277d  lcd_clear                     
0000278d  __TI_decompress_none          
0000279b  CPUcpsie                      
000027a7  ResetISR                      
000027b5  __aeabi_errno_addr            
000027bd  _system_pre_init              
000027c1  C$$EXIT                       
000027c1  abort                         
000027c4  _ctypes_                      
000028d0  __TI_Handler_Table_Base       
000028dc  __TI_Handler_Table_Limit      
000028f8  __TI_CINIT_Base               
00002910  __TI_CINIT_Limit              
20000000  g_pfnRAMVectors               
20000270  __stack                       
20000470  __STACK_TOP                   
20000a70  __STACK_END                   
20000ac4  time_diff                     
20000ac8  last_time                     
20000acc  current_time                  
20000ad0  waiting_fall_flag             
20000ad4  overflow                      
20000ad8  ready                         
20000adc  errno                         
ffffffff  __TI_pprof_out_hndl           
ffffffff  __TI_prof_data_size           
ffffffff  __TI_prof_data_start          
ffffffff  __binit__                     
ffffffff  __c_args__                    
ffffffff  binit                         
UNDEFED   __mpu_init                    
UNDEFED   _system_post_cinit            

[104 symbols]
