******************************************************************************
                  TI ARM Linker PC v18.1.2                     
******************************************************************************
>> Linked Tue Nov  6 11:38:22 2018

OUTPUT FILE NAME:   <Lab9.out>
ENTRY POINT SYMBOL: "_c_int00_noargs"  address: 000040d5


MEMORY CONFIGURATION

         name            origin    length      used     unused   attr    fill
----------------------  --------  ---------  --------  --------  ----  --------
  FLASH                 00000000   00040000  000045a9  0003ba57  R  X
  SRAM                  20000000   00008000  00000af0  00007510  RW X


SEGMENT ALLOCATION MAP

run origin  load origin   length   init length attrs members
----------  ----------- ---------- ----------- ----- -------
00000000    00000000    000045b0   000045b0    r-x
  00000000    00000000    0000026c   0000026c    r-- .intvecs
  0000026c    0000026c    0000408c   0000408c    r-x .text
  000042f8    000042f8    00000261   00000261    r-- .const
  00004560    00004560    00000050   00000050    r-- .cinit
20000000    20000000    00000af4   00000000    rw-
  20000000    20000000    0000026c   00000000    rw- .vtable
  20000270    20000270    00000800   00000000    rw- .stack
  20000a70    20000a70    00000058   00000000    rw- .bss
  20000ac8    20000ac8    0000002c   00000000    rw- .data


SECTION ALLOCATION MAP

 output                                  attributes/
section   page    origin      length       input sections
--------  ----  ----------  ----------   ----------------
.intvecs   0    00000000    0000026c     
                  00000000    0000026c     tm4c123gh6pm_startup_ccs.obj (.intvecs)

.text      0    0000026c    0000408c     
                  0000026c    00000a5e     rtsv7M4_T_le_v4SPD16_eabi.lib : _printfi.c.obj (.text:__TI_printfi)
                  00000cca    00000002                                   : div0.asm.obj (.text)
                  00000ccc    00000738                                   : k_rem_pio2.c.obj (.text:__kernel_rem_pio2)
                  00001404    000006f4     main.obj (.text)
                  00001af8    000005c4     rtsv7M4_T_le_v4SPD16_eabi.lib : s_sin.c.obj (.text:sin)
                  000020bc    000003c4                                   : e_log.c.obj (.text:log)
                  00002480    000002ec     lcd.obj (.text)
                  0000276c    00000270     rtsv7M4_T_le_v4SPD16_eabi.lib : _printfi.c.obj (.text:_pconv_a)
                  000029dc    000001d0                                   : _printfi.c.obj (.text:_pconv_g)
                  00002bac    000001b6                                   : fd_add_t2.asm.obj (.text)
                  00002d62    00000002     --HOLE-- [fill = 0]
                  00002d64    00000174                                   : k_sin.c.obj (.text:__kernel_sin)
                  00002ed8    0000016c                                   : k_cos.c.obj (.text:__kernel_cos)
                  00003044    00000158     timer.obj (.text)
                  0000319c    0000013c     rtsv7M4_T_le_v4SPD16_eabi.lib : _printfi.c.obj (.text:_pconv_e)
                  000032d8    00000136                                   : fd_div_t2.asm.obj (.text)
                  0000340e    00000002     --HOLE-- [fill = 0]
                  00003410    00000124     uart.obj (.text)
                  00003534    00000120     rtsv7M4_T_le_v4SPD16_eabi.lib : _printfi.c.obj (.text:fcvt)
                  00003654    00000110                                   : s_scalbn.c.obj (.text:scalbn)
                  00003764    000000fc                                   : fd_mul_t2.asm.obj (.text)
                  00003860    000000f8                                   : s_floor.c.obj (.text:floor)
                  00003958    000000b1                                   : _printfi.c.obj (.text:_ltostr)
                  00003a09    00000001     --HOLE-- [fill = 0]
                  00003a0a    0000009c                                   : memcpy_t2.asm.obj (.text)
                  00003aa6    00000096                                   : ull_div_t2.asm.obj (.text)
                  00003b3c    00000086                                   : fd_cmp_t2.asm.obj (.text:__aeabi_cdcmple)
                  00003bc2    00000086                                   : fd_cmp_t2.asm.obj (.text:__aeabi_cdrcmple)
                  00003c48    0000007a                                   : memset_t2.asm.obj (.text)
                  00003cc2    0000006e                                   : _printfi.c.obj (.text:_mcpy)
                  00003d30    00000068                                   : copy_decompress_lzss.c.obj (.text:decompress:lzss:__TI_decompress_lzss)
                  00003d98    00000064                                   : s_frexp.c.obj (.text:frexp)
                  00003dfc    00000056                                   : _printfi.c.obj (.text:_pconv_f)
                  00003e52    00000054                                   : ltoa.c.obj (.text:ltoa)
                  00003ea6    00000052                                   : _printfi.c.obj (.text:_ecpy)
                  00003ef8    0000004c                                   : atoi.c.obj (.text:atoi)
                  00003f44    00000048                                   : fd_toi_t2.asm.obj (.text)
                  00003f8c    00000044                                   : autoinit.c.obj (.text:__TI_auto_init_nobinit_nopinit:__TI_auto_init_nobinit_nopinit)
                  00003fd0    00000044                                   : fd_tou_t2.asm.obj (.text)
                  00004014    00000040                                   : sprintf.c.obj (.text:sprintf)
                  00004054    00000040                                   : vsnprintf.c.obj (.text:vsnprintf)
                  00004094    0000003e                                   : _printfi.c.obj (.text:_fcpy)
                  000040d2    00000002     --HOLE-- [fill = 0]
                  000040d4    00000038                                   : boot_cortex_m.c.obj (.text:_c_int00_noargs:_c_int00_noargs)
                  0000410c    00000034     driverlib.lib : interrupt.obj (.text:IntRegister)
                  00004140    00000030     rtsv7M4_T_le_v4SPD16_eabi.lib : vsnprintf.c.obj (.text:_outs)
                  00004170    0000002e                                   : i_tofd_t2.asm.obj (.text)
                  0000419e    00000020                                   : u_tofd_t2.asm.obj (.text)
                  000041be    0000001c                                   : memccpy.c.obj (.text:memccpy)
                  000041da    00000018                                   : vsnprintf.c.obj (.text:_outc)
                  000041f2    00000018                                   : sprintf.c.obj (.text:_outs)
                  0000420a    00000018                                   : strcmp.c.obj (.text:strcmp)
                  00004222    00000016                                   : strchr.c.obj (.text:strchr)
                  00004238    00000014                                   : s_copysign.c.obj (.text:copysign)
                  0000424c    00000014                                   : strcpy.c.obj (.text:strcpy)
                  00004260    00000014                                   : strlen.c.obj (.text:strlen)
                  00004274    00000012                                   : copy_zero_init.c.obj (.text:decompress:ZI:__TI_zero_init_nomemset:__TI_zero_init_nomemset)
                  00004286    00000012                                   : wcslen.c.obj (.text:wcslen)
                  00004298    00000010     driverlib.lib : interrupt.obj (.text:IntMasterEnable)
                  000042a8    00000010     lcd.obj (.text:lcd_clear)
                  000042b8    0000000e     rtsv7M4_T_le_v4SPD16_eabi.lib : copy_decompress_none.c.obj (.text:decompress:none:__TI_decompress_none)
                  000042c6    0000000c     driverlib.lib : cpu.obj (.text:CPUcpsie)
                  000042d2    0000000c     tm4c123gh6pm_startup_ccs.obj (.text)
                  000042de    0000000a     rtsv7M4_T_le_v4SPD16_eabi.lib : sprintf.c.obj (.text:_outc)
                  000042e8    00000008                                   : errno.c.obj (.text:__aeabi_errno_addr)
                  000042f0    00000004                                   : pre_init.c.obj (.text:_system_pre_init)
                  000042f4    00000004                                   : exit.c.obj (.text:abort:abort)

.const     0    000042f8    00000261     
                  000042f8    00000158     rtsv7M4_T_le_v4SPD16_eabi.lib : k_rem_pio2.c.obj (.const:$O1$$)
                  00004450    00000101                                   : ctype.c.obj (.const:.string:_ctypes_)
                  00004551    00000004     lcd.obj (.const:.string:lineAddress$1)
                  00004555    00000004     lcd.obj (.const:.string:lineAddresses$2)

.cinit     0    00004560    00000050     
                  00004560    0000001c     (.cinit..data.load) [load image, compression = lzss]
                  0000457c    0000000c     (__TI_handler_table)
                  00004588    00000008     (.cinit..bss.load) [load image, compression = zero_init]
                  00004590    00000008     (.cinit..vtable.load) [load image, compression = zero_init]
                  00004598    00000018     (__TI_cinit_table)

.init_array 
*          0    00000000    00000000     UNINITIALIZED

.vtable    0    20000000    0000026c     UNINITIALIZED
                  20000000    0000026c     driverlib.lib : interrupt.obj (.vtable)

.bss       0    20000a70    00000058     UNINITIALIZED
                  20000a70    00000054     lcd.obj (.bss:lastbuffer$3)
                  20000ac4    00000004     (.common:time_diff)

.data      0    20000ac8    0000002c     UNINITIALIZED
                  20000ac8    00000025     main.obj (.data)
                  20000aed    00000003     --HOLE--
                  20000af0    00000004     rtsv7M4_T_le_v4SPD16_eabi.lib : errno.c.obj (.data)

.stack     0    20000270    00000800     UNINITIALIZED
                  20000270    00000004     rtsv7M4_T_le_v4SPD16_eabi.lib : boot_cortex_m.c.obj (.stack)
                  20000274    000007fc     --HOLE--

MODULE SUMMARY

       Module                         code    ro data   rw data
       ------                         ----    -------   -------
    .\
       main.obj                       1780    0         41     
       lcd.obj                        764     8         84     
       tm4c123gh6pm_startup_ccs.obj   12      620       0      
       timer.obj                      344     0         0      
       uart.obj                       292     0         0      
    +--+------------------------------+-------+---------+---------+
       Total:                         3192    628       125    
                                                               
    C:/ti/TivaWare_C_Series-2.1.4.178/driverlib/ccs/Debug/driverlib.lib
       interrupt.obj                  68      0         620    
       cpu.obj                        12      0         0      
    +--+------------------------------+-------+---------+---------+
       Total:                         80      0         620    
                                                               
    C:\ti\ccsv8\tools\compiler\ti-cgt-arm_18.1.2.LTS\lib\rtsv7M4_T_le_v4SPD16_eabi.lib
       _printfi.c.obj                 4863    0         0      
       k_rem_pio2.c.obj               1848    344       0      
       s_sin.c.obj                    1476    0         0      
       e_log.c.obj                    964     0         0      
       fd_add_t2.asm.obj              438     0         0      
       k_sin.c.obj                    372     0         0      
       k_cos.c.obj                    364     0         0      
       fd_div_t2.asm.obj              310     0         0      
       s_scalbn.c.obj                 272     0         0      
       fd_cmp_t2.asm.obj              268     0         0      
       ctype.c.obj                    0       257       0      
       fd_mul_t2.asm.obj              252     0         0      
       s_floor.c.obj                  248     0         0      
       memcpy_t2.asm.obj              156     0         0      
       ull_div_t2.asm.obj             150     0         0      
       vsnprintf.c.obj                136     0         0      
       memset_t2.asm.obj              122     0         0      
       copy_decompress_lzss.c.obj     104     0         0      
       s_frexp.c.obj                  100     0         0      
       sprintf.c.obj                  98      0         0      
       ltoa.c.obj                     84      0         0      
       atoi.c.obj                     76      0         0      
       fd_toi_t2.asm.obj              72      0         0      
       autoinit.c.obj                 68      0         0      
       fd_tou_t2.asm.obj              68      0         0      
       boot_cortex_m.c.obj            56      0         0      
       i_tofd_t2.asm.obj              46      0         0      
       u_tofd_t2.asm.obj              32      0         0      
       memccpy.c.obj                  28      0         0      
       strcmp.c.obj                   24      0         0      
       strchr.c.obj                   22      0         0      
       s_copysign.c.obj               20      0         0      
       strcpy.c.obj                   20      0         0      
       strlen.c.obj                   20      0         0      
       copy_zero_init.c.obj           18      0         0      
       wcslen.c.obj                   18      0         0      
       copy_decompress_none.c.obj     14      0         0      
       errno.c.obj                    8       0         4      
       exit.c.obj                     4       0         0      
       pre_init.c.obj                 4       0         0      
       div0.asm.obj                   2       0         0      
    +--+------------------------------+-------+---------+---------+
       Total:                         13245   601       4      
                                                               
       Stack:                         0       0         2048   
       Linker Generated:              0       80        0      
    +--+------------------------------+-------+---------+---------+
       Grand Total:                   16517   1309      2797   


LINKER GENERATED COPY TABLES

__TI_cinit_table @ 00004598 records: 3, size/record: 8, table size: 24
	.data: load addr=00004560, load size=0000001c bytes, run addr=20000ac8, run size=0000002c bytes, compression=lzss
	.bss: load addr=00004588, load size=00000008 bytes, run addr=20000a70, run size=00000058 bytes, compression=zero_init
	.vtable: load addr=00004590, load size=00000008 bytes, run addr=20000000, run size=0000026c bytes, compression=zero_init


LINKER GENERATED HANDLER TABLE

__TI_handler_table @ 0000457c records: 3, size/record: 4, table size: 12
	index: 0, handler: __TI_zero_init
	index: 1, handler: __TI_decompress_lzss
	index: 2, handler: __TI_decompress_none


GLOBAL SYMBOLS: SORTED ALPHABETICALLY BY Name 

address   name                          
-------   ----                          
000042f5  C$$EXIT                       
000042c7  CPUcpsie                      
00001745  IR_distance_calc              
00004299  IntMasterEnable               
0000410d  IntRegister                   
000042d3  ResetISR                      
00001513  TIMER3B_Handler               
20000a70  __STACK_END                   
00000800  __STACK_SIZE                  
20000470  __STACK_TOP                   
00004598  __TI_CINIT_Base               
000045b0  __TI_CINIT_Limit              
0000457c  __TI_Handler_Table_Base       
00004588  __TI_Handler_Table_Limit      
00003f8d  __TI_auto_init_nobinit_nopinit
00003d31  __TI_decompress_lzss          
000042b9  __TI_decompress_none          
ffffffff  __TI_pprof_out_hndl           
0000026d  __TI_printfi                  
ffffffff  __TI_prof_data_size           
ffffffff  __TI_prof_data_start          
00000000  __TI_static_base__            
00004275  __TI_zero_init_nomemset       
00003b3d  __aeabi_cdcmpeq               
00003b3d  __aeabi_cdcmple               
00003bc3  __aeabi_cdrcmple              
00003f45  __aeabi_d2iz                  
00003fd1  __aeabi_d2uiz                 
00002bb7  __aeabi_dadd                  
000032d9  __aeabi_ddiv                  
00003765  __aeabi_dmul                  
00002bad  __aeabi_dsub                  
000042e9  __aeabi_errno_addr            
00004171  __aeabi_i2d                   
00000ccb  __aeabi_idiv0                 
00000ccb  __aeabi_ldiv0                 
00003c49  __aeabi_memclr                
00003c49  __aeabi_memclr4               
00003c49  __aeabi_memclr8               
00003a0b  __aeabi_memcpy                
00003a0b  __aeabi_memcpy4               
00003a0b  __aeabi_memcpy8               
00003c4b  __aeabi_memset                
00003c4b  __aeabi_memset4               
00003c4b  __aeabi_memset8               
0000419f  __aeabi_ui2d                  
00003aa7  __aeabi_uldivmod              
ffffffff  __binit__                     
ffffffff  __c_args__                    
00002ed9  __kernel_cos                  
00000ccd  __kernel_rem_pio2             
00002d65  __kernel_sin                  
UNDEFED   __mpu_init                    
20000270  __stack                       
000040d5  _c_int00_noargs               
00004450  _ctypes_                      
UNDEFED   _system_post_cinit            
000042f1  _system_pre_init              
000042f5  abort                         
00003ef9  atoi                          
ffffffff  binit                         
00004239  copysign                      
00004239  copysignl                     
20000ae0  current_time                  
00001405  cycles2dist                   
0000141d  cycles2ms                     
20000af0  errno                         
00003861  floor                         
00003861  floorl                        
00003d99  frexp                         
00003d99  frexpl                        
20000000  g_pfnRAMVectors               
00000000  g_pfnVectors                  
000014db  get_IR_dist                   
20000ad4  highCalibrate                 
20000adc  last_time                     
000042a9  lcd_clear                     
00002619  lcd_gotoLine                  
00002481  lcd_init                      
0000267f  lcd_printf                    
00002541  lcd_putc                      
00002579  lcd_puts                      
00002597  lcd_sendCommand               
000025d5  lcd_sendNibble                
00002641  lcd_setCursorPos              
00003655  ldexp                         
00003655  ldexpl                        
000020bd  log                           
000020bd  logl                          
20000ad0  lowCalibrate                  
00003e53  ltoa                          
0000186d  main                          
000041bf  memccpy                       
00003a0b  memcpy                        
00003c51  memset                        
20000ac8  mid_width                     
000016cb  move_servo                    
20000ae8  overflow                      
20000acc  period_width                  
0000148b  ping_read                     
20000aec  ready                         
00003655  scalbn                        
00003655  scalbnl                       
00001431  send_pulse                    
0000164d  setup_IR                      
000015cb  setup_PING                    
0000154f  setup_servo                   
00001af9  sin                           
00001af9  sinl                          
00004015  sprintf                       
00004223  strchr                        
0000420b  strcmp                        
0000424d  strcpy                        
00004261  strlen                        
20000ad8  timeBuffer                    
20000ac4  time_diff                     
00003155  timer_getClock                
00003109  timer_startClock              
000030a3  timer_startTimer              
0000315b  timer_stopClock               
000030f3  timer_stopTimer               
00003079  timer_waitMicros              
00003045  timer_waitMillis              
00003411  uart_init                     
000034bd  uart_receive                  
000034a1  uart_sendChar                 
000034e3  uart_sendStr                  
00004055  vsnprintf                     
20000ae4  waiting_fall_flag             
00004287  wcslen                        


GLOBAL SYMBOLS: SORTED BY Symbol Address 

address   name                          
-------   ----                          
00000000  __TI_static_base__            
00000000  g_pfnVectors                  
0000026d  __TI_printfi                  
00000800  __STACK_SIZE                  
00000ccb  __aeabi_idiv0                 
00000ccb  __aeabi_ldiv0                 
00000ccd  __kernel_rem_pio2             
00001405  cycles2dist                   
0000141d  cycles2ms                     
00001431  send_pulse                    
0000148b  ping_read                     
000014db  get_IR_dist                   
00001513  TIMER3B_Handler               
0000154f  setup_servo                   
000015cb  setup_PING                    
0000164d  setup_IR                      
000016cb  move_servo                    
00001745  IR_distance_calc              
0000186d  main                          
00001af9  sin                           
00001af9  sinl                          
000020bd  log                           
000020bd  logl                          
00002481  lcd_init                      
00002541  lcd_putc                      
00002579  lcd_puts                      
00002597  lcd_sendCommand               
000025d5  lcd_sendNibble                
00002619  lcd_gotoLine                  
00002641  lcd_setCursorPos              
0000267f  lcd_printf                    
00002bad  __aeabi_dsub                  
00002bb7  __aeabi_dadd                  
00002d65  __kernel_sin                  
00002ed9  __kernel_cos                  
00003045  timer_waitMillis              
00003079  timer_waitMicros              
000030a3  timer_startTimer              
000030f3  timer_stopTimer               
00003109  timer_startClock              
00003155  timer_getClock                
0000315b  timer_stopClock               
000032d9  __aeabi_ddiv                  
00003411  uart_init                     
000034a1  uart_sendChar                 
000034bd  uart_receive                  
000034e3  uart_sendStr                  
00003655  ldexp                         
00003655  ldexpl                        
00003655  scalbn                        
00003655  scalbnl                       
00003765  __aeabi_dmul                  
00003861  floor                         
00003861  floorl                        
00003a0b  __aeabi_memcpy                
00003a0b  __aeabi_memcpy4               
00003a0b  __aeabi_memcpy8               
00003a0b  memcpy                        
00003aa7  __aeabi_uldivmod              
00003b3d  __aeabi_cdcmpeq               
00003b3d  __aeabi_cdcmple               
00003bc3  __aeabi_cdrcmple              
00003c49  __aeabi_memclr                
00003c49  __aeabi_memclr4               
00003c49  __aeabi_memclr8               
00003c4b  __aeabi_memset                
00003c4b  __aeabi_memset4               
00003c4b  __aeabi_memset8               
00003c51  memset                        
00003d31  __TI_decompress_lzss          
00003d99  frexp                         
00003d99  frexpl                        
00003e53  ltoa                          
00003ef9  atoi                          
00003f45  __aeabi_d2iz                  
00003f8d  __TI_auto_init_nobinit_nopinit
00003fd1  __aeabi_d2uiz                 
00004015  sprintf                       
00004055  vsnprintf                     
000040d5  _c_int00_noargs               
0000410d  IntRegister                   
00004171  __aeabi_i2d                   
0000419f  __aeabi_ui2d                  
000041bf  memccpy                       
0000420b  strcmp                        
00004223  strchr                        
00004239  copysign                      
00004239  copysignl                     
0000424d  strcpy                        
00004261  strlen                        
00004275  __TI_zero_init_nomemset       
00004287  wcslen                        
00004299  IntMasterEnable               
000042a9  lcd_clear                     
000042b9  __TI_decompress_none          
000042c7  CPUcpsie                      
000042d3  ResetISR                      
000042e9  __aeabi_errno_addr            
000042f1  _system_pre_init              
000042f5  C$$EXIT                       
000042f5  abort                         
00004450  _ctypes_                      
0000457c  __TI_Handler_Table_Base       
00004588  __TI_Handler_Table_Limit      
00004598  __TI_CINIT_Base               
000045b0  __TI_CINIT_Limit              
20000000  g_pfnRAMVectors               
20000270  __stack                       
20000470  __STACK_TOP                   
20000a70  __STACK_END                   
20000ac4  time_diff                     
20000ac8  mid_width                     
20000acc  period_width                  
20000ad0  lowCalibrate                  
20000ad4  highCalibrate                 
20000ad8  timeBuffer                    
20000adc  last_time                     
20000ae0  current_time                  
20000ae4  waiting_fall_flag             
20000ae8  overflow                      
20000aec  ready                         
20000af0  errno                         
ffffffff  __TI_pprof_out_hndl           
ffffffff  __TI_prof_data_size           
ffffffff  __TI_prof_data_start          
ffffffff  __binit__                     
ffffffff  __c_args__                    
ffffffff  binit                         
UNDEFED   __mpu_init                    
UNDEFED   _system_post_cinit            

[130 symbols]
